******************************************************************************
            TI ARM Clang Linker PC v4.0.2                      
******************************************************************************
>> Linked Sat Aug  1 13:59:01 2026

OUTPUT FILE NAME:   <2026H-v1.out>
ENTRY POINT SYMBOL: "_c_int00_noargs"  address: 00005055


MEMORY CONFIGURATION

         name            origin    length      used     unused   attr    fill
----------------------  --------  ---------  --------  --------  ----  --------
  FLASH                 00000000   00020000  00006e68  00019198  R  X
  SRAM                  20200000   00008000  00001301  00006cff  RW X
  BCR_CONFIG            41c00000   000000ff  00000000  000000ff  R   
  BSL_CONFIG            41c00100   00000080  00000000  00000080  R   


SEGMENT ALLOCATION MAP

run origin  load origin   length   init length attrs members
----------  ----------- ---------- ----------- ----- -------
00000000    00000000    00006e68   00006e68    r-x
  00000000    00000000    000000c0   000000c0    r-- .intvecs
  000000c0    000000c0    00005200   00005200    r-x .text
  000052c0    000052c0    00001b00   00001b00    r-- .rodata
  00006dc0    00006dc0    000000a8   000000a8    r-- .cinit
20200000    20200000    00001101   00000000    rw-
  20200000    20200000    00000800   00000000    rw- .sysmem
  20200800    20200800    0000067c   00000000    rw- .bss
  20200e7c    20200e7c    00000285   00000000    rw- .data
20207e00    20207e00    00000200   00000000    rw-
  20207e00    20207e00    00000200   00000000    rw- .stack


SECTION ALLOCATION MAP

 output                                  attributes/
section   page    origin      length       input sections
--------  ----  ----------  ----------   ----------------
.intvecs   0    00000000    000000c0     
                  00000000    000000c0     startup_mspm0g350x_ticlang.o (.intvecs)

.text      0    000000c0    00005200     
                  000000c0    00000b8c     bsp_oled.o (.text.OLED_Init)
                  00000c4c    00000a90     bsp_oled.o (.text.OLED_Clear)
                  000016dc    0000076c     empty.o (.text.main)
                  00001e48    000006f0     bsp_track.o (.text.track_scan)
                  00002538    000003aa     bsp_oled.o (.text.OLED_ShowNum)
                  000028e2    00000002     startup_mspm0g350x_ticlang.o (.text.Default_Handler)
                  000028e4    00000394     bsp_oled.o (.text.OLED_WR_Byte)
                  00002c78    00000340     bsp_oled.o (.text.OLED_Refresh)
                  00002fb8    00000280     bsp_oled.o (.text.OLED_ShowChar)
                  00003238    000001b8     bsp_track.o (.text.track_control)
                  000033f0    00000150     ti_msp_dl_config.o (.text.SYSCFG_DL_GPIO_init)
                  00003540    00000114     libc.a : memory.c.obj (.text.aligned_alloc)
                  00003654    00000104     driverlib.a : dl_timer.o (.text.DL_Timer_initFourCCPWMMode)
                  00003758    000000fc                 : dl_timer.o (.text.DL_Timer_initTimerMode)
                  00003854    000000f8     libc.a : fputs.c.obj (.text.fputs)
                  0000394c    000000e8            : memory.c.obj (.text.free)
                  00003a34    000000e0            : setvbuf.c.obj (.text.setvbuf)
                  00003b14    000000dc     oled_menu.o (.text.OLED_UpdateMenu)
                  00003bf0    000000d8     libclang_rt.builtins.a : addsf3.S.obj (.text)
                  00003cc8    000000c8     oled_menu.o (.text.OLED_UpdateModeLines)
                  00003d90    000000b8     key_handler.o (.text.Key_Scan)
                  00003e48    0000009a     libc.a : memcpy16.S.obj (.text:memcpy)
                  00003ee2    00000002     libclang_rt.builtins.a : aeabi_div0.c.obj (.text.__aeabi_idiv0)
                  00003ee4    00000094     bsp_motor_hallencoder.o (.text.GROUP1_IRQHandler)
                  00003f78    00000094     ti_msp_dl_config.o (.text.SYSCFG_DL_PWM_MOTOR_init)
                  0000400c    0000008c     bsp_oled.o (.text.OLED_ShowString)
                  00004098    0000008c     libclang_rt.builtins.a : mulsf3.S.obj (.text.__mulsf3)
                  00004124    0000008c     bsp_track.o (.text.turn_left)
                  000041b0    00000088     bsp_oled.o (.text.OLED_RefreshRegion)
                  00004238    00000008     libclang_rt.builtins.a : aeabi_memcpy.S.obj (.text.__aeabi_memcpy)
                  00004240    00000088     libc.a : strcmp-armv6m.S.obj (.text:strcmp)
                  000042c8    0000007c            : fclose.c.obj (.text.__TI_closefile)
                  00004344    0000007c            : copy_decompress_lzss.c.obj (.text:decompress:lzss)
                  000043c0    0000006c     libsysbm.a : hostlseek.c.obj (.text.HOSTlseek)
                  0000442c    0000006c                : hostrename.c.obj (.text.HOSTrename)
                  00004498    0000006c     libc.a : fseek.c.obj (.text.fseeko)
                  00004504    0000006c            : getdevice.c.obj (.text.getdevice)
                  00004570    00000064            : _io_perm.c.obj (.text.__TI_wrt_ok)
                  000045d4    00000064            : memory.c.obj (.text.split)
                  00004638    00000062     libclang_rt.builtins.a : aeabi_fcmp.S.obj (.text.__aeabi_fcmp)
                  0000469a    00000062     libc.a : memset16.S.obj (.text:memset)
                  000046fc    00000060     libsysbm.a : hostopen.c.obj (.text.HOSTopen)
                  0000475c    00000060     ti_msp_dl_config.o (.text.SYSCFG_DL_UART_0_DEBUG_init)
                  000047bc    00000058     libsysbm.a : hostread.c.obj (.text.HOSTread)
                  00004814    00000058                : hostwrite.c.obj (.text.HOSTwrite)
                  0000486c    00000056     libclang_rt.builtins.a : aeabi_idivmod.S.obj (.text.__aeabi_idivmod)
                  000048c2    00000002     libc.a : _lock.c.obj (.text._nop)
                  000048c4    00000054     ti_msp_dl_config.o (.text.SYSCFG_DL_I2C_MPU6050_init)
                  00004918    00000054     ti_msp_dl_config.o (.text.SYSCFG_DL_initPower)
                  0000496c    00000052     libc.a : fflush.c.obj (.text.__TI_doflush)
                  000049be    00000002     --HOLE-- [fill = 0]
                  000049c0    00000050     libsysbm.a : close.c.obj (.text.close)
                  00004a10    0000004c     ti_msp_dl_config.o (.text.SYSCFG_DL_TIMER_0_init)
                  00004a5c    0000004c     bsp_motor_hallencoder.o (.text.TIMG0_IRQHandler)
                  00004aa8    00000048     driverlib.a : dl_uart.o (.text.DL_UART_init)
                  00004af0    00000048     libsysbm.a : hostclose.c.obj (.text.HOSTclose)
                  00004b38    00000048                : hostunlink.c.obj (.text.HOSTunlink)
                  00004b80    00000044     bsp_motor.o (.text.motor_stop)
                  00004bc4    00000040     ti_msp_dl_config.o (.text.SYSCFG_DL_SYSCTL_init)
                  00004c04    00000040     libclang_rt.builtins.a : aeabi_uidivmod.S.obj (.text.__aeabi_uidivmod)
                  00004c44    00000040     board.o (.text.delay_ms)
                  00004c84    0000003c     libclang_rt.builtins.a : comparesf2.S.obj (.text.__gtsf2)
                  00004cc0    0000003c     board.o (.text.delay_us)
                  00004cfc    0000003c     libc.a : autoinit.c.obj (.text:__TI_auto_init_nobinit_nopinit)
                  00004d38    0000003a     libclang_rt.builtins.a : comparesf2.S.obj (.text.__eqsf2)
                  00004d72    00000002     --HOLE-- [fill = 0]
                  00004d74    0000003a                            : muldsi3.S.obj (.text.__muldsi3)
                  00004dae    00000002     --HOLE-- [fill = 0]
                  00004db0    00000038                            : fixsfsi.S.obj (.text.__fixsfsi)
                  00004de8    00000034     libc.a : fopen.c.obj (.text.__TI_cleanup)
                  00004e1c    00000034     libsysbm.a : trgmsg.c.obj (.text.__TI_readmsg)
                  00004e50    00000034                : trgmsg.c.obj (.text.__TI_writemsg)
                  00004e84    00000034     libc.a : exit.c.obj (.text.exit)
                  00004eb8    00000034            : getdevice.c.obj (.text.finddevice)
                  00004eec    00000032     libclang_rt.builtins.a : fixunssfsi.S.obj (.text.__fixunssfsi)
                  00004f1e    00000030     key_handler.o (.text.Key_Init)
                  00004f4e    00000002     --HOLE-- [fill = 0]
                  00004f50    00000030     ti_msp_dl_config.o (.text.SYSCFG_DL_SYSTICK_init)
                  00004f80    00000030     ti_msp_dl_config.o (.text.SYSCFG_DL_init)
                  00004fb0    0000002c     libsysbm.a : unlink.c.obj (.text.unlink)
                  00004fdc    00000028     libc.a : memory.c.obj (.text.free_list_insert)
                  00005004    00000028     libsysbm.a : lseek.c.obj (.text.lseek)
                  0000502c    00000028                : write.c.obj (.text.write)
                  00005054    00000028     libc.a : boot_cortex_m.c.obj (.text:_c_int00_noargs)
                  0000507c    00000026     driverlib.a : dl_i2c.o (.text.DL_I2C_setClockConfig)
                  000050a2    00000002     --HOLE-- [fill = 0]
                  000050a4    00000024     libc.a : fputs.c.obj (.text.puts)
                  000050c8    00000020     bsp_motor.o (.text.motor_init)
                  000050e8    0000001e     bsp_oled.o (.text.OLED_DisPlay_On)
                  00005106    00000002     --HOLE-- [fill = 0]
                  00005108    0000001c     driverlib.a : dl_timer.o (.text.DL_Timer_setCaptCompUpdateMethod)
                  00005124    0000001c                 : dl_timer.o (.text.DL_Timer_setClockConfig)
                  00005140    0000001c     bsp_motor_hallencoder.o (.text.Motor_Init)
                  0000515c    0000001c     empty.o (.text.SysTick_Handler)
                  00005178    0000001c     libc.a : memory.c.obj (.text.free_list_remove)
                  00005194    00000018     driverlib.a : dl_timer.o (.text.DL_Timer_setCaptureCompareOutCtl)
                  000051ac    00000014     board.o (.text.board_init)
                  000051c0    00000012     driverlib.a : dl_uart.o (.text.DL_UART_setClockConfig)
                  000051d2    00000012     key_handler.o (.text.Key_GetShortPress)
                  000051e4    00000012     libc.a : copy_decompress_none.c.obj (.text:decompress:none)
                  000051f6    00000002     --HOLE-- [fill = 0]
                  000051f8    00000010     driverlib.a : dl_timer.o (.text.DL_Timer_setCaptureCompareValue)
                  00005208    00000010     oled_menu.o (.text.OLED_MenuInit)
                  00005218    00000010     bsp_track.o (.text.track_init)
                  00005228    00000010     libc.a : copy_zero_init.c.obj (.text:decompress:ZI)
                  00005238    0000000e            : memory.c.obj (.text.OUTLINED_FUNCTION_0)
                  00005246    0000000e     libsysbm.a : hostrename.c.obj (.text.strcpy)
                  00005254    0000000e                : hostrename.c.obj (.text.strlen)
                  00005262    00000002     --HOLE-- [fill = 0]
                  00005264    0000000c     bsp_motor_hallencoder.o (.text.Encoder_Get_TotalLeftPulses)
                  00005270    0000000c     bsp_motor_hallencoder.o (.text.Encoder_Get_TotalRightPulses)
                  0000527c    0000000c     libclang_rt.builtins.a : aeabi_memset.S.obj (.text.__aeabi_memclr)
                  00005288    0000000c     libc.a : memory.c.obj (.text.malloc)
                  00005294    0000000a     driverlib.a : dl_common.o (.text.DL_Common_delayCycles)
                  0000529e    00000008     libc.a : fseek.c.obj (.text.fseek)
                  000052a6    00000008     libsysbm.a : remove.c.obj (.text.remove)
                  000052ae    00000006     libc.a : exit.c.obj (.text:abort)
                  000052b4    00000004     libsysbm.a : hostexit.c.obj (.text.HOSTexit)
                  000052b8    00000004     startup_mspm0g350x_ticlang.o (.text.Reset_Handler)
                  000052bc    00000004     libc.a : pre_init.c.obj (.text._system_pre_init)

.cinit     0    00006dc0    000000a8     
                  00006dc0    00000082     (.cinit..data.load) [load image, compression = lzss]
                  00006e42    00000002     --HOLE-- [fill = 0]
                  00006e44    0000000c     (__TI_handler_table)
                  00006e50    00000008     (.cinit..bss.load) [load image, compression = zero_init]
                  00006e58    00000010     (__TI_cinit_table)

.rodata    0    000052c0    00001b00     
                  000052c0    00000d5c     bsp_oled.o (.rodata.asc2_2412)
                  0000601c    000005f0     bsp_oled.o (.rodata.asc2_1608)
                  0000660c    00000474     bsp_oled.o (.rodata.asc2_1206)
                  00006a80    00000228     bsp_oled.o (.rodata.asc2_0806)
                  00006ca8    00000020     bsp_track.o (.rodata.str1.10345953229348112430.1)
                  00006cc8    00000020     bsp_motor.o (.rodata.str1.1039173440624831911.1)
                  00006ce8    0000001e     board.o (.rodata.str1.14718688681574296754.1)
                  00006d06    00000015     empty.o (.rodata.str1.17669528882079347314.1)
                  00006d1b    00000001     --HOLE-- [fill = 0]
                  00006d1c    00000014     ti_msp_dl_config.o (.rodata.gTIMER_0TimerConfig)
                  00006d30    00000011     oled_menu.o (.rodata.str1.17235678497924125442.1)
                  00006d41    00000001     --HOLE-- [fill = 0]
                  00006d42    0000000a     ti_msp_dl_config.o (.rodata.gUART_0_DEBUGConfig)
                  00006d4c    0000000a     oled_menu.o (.rodata.str1.8734814381414266798.1)
                  00006d56    00000009     oled_menu.o (.rodata.str1.1352949648220218429.1)
                  00006d5f    00000009     empty.o (.rodata.str1.16704889451495720520.1)
                  00006d68    00000009     oled_menu.o (.rodata.str1.692763091218809496.1)
                  00006d71    00000003     ti_msp_dl_config.o (.rodata.gPWM_MOTORClockConfig)
                  00006d74    00000008     ti_msp_dl_config.o (.rodata.gPWM_MOTORConfig)
                  00006d7c    00000006     oled_menu.o (.rodata.str1.5437064800660264911.1)
                  00006d82    00000006     oled_menu.o (.rodata.str1.9914728610441539812.1)
                  00006d88    00000004     oled_menu.o (.rodata.str1.12924193728489134218.1)
                  00006d8c    00000004     oled_menu.o (.rodata.str1.14181250359179005191.1)
                  00006d90    00000004     empty.o (.rodata.str1.14685083708502177989.1)
                  00006d94    00000004     oled_menu.o (.rodata.str1.17723760434967130561.1)
                  00006d98    00000004     empty.o (.rodata.str1.254342170260855183.1)
                  00006d9c    00000004     oled_menu.o (.rodata.str1.5713122982032619256.1)
                  00006da0    00000004     oled_menu.o (.rodata.str1.7853382455721694383.1)
                  00006da4    00000004     empty.o (.rodata.str1.9517790425240694019.1)
                  00006da8    00000003     ti_msp_dl_config.o (.rodata.gTIMER_0ClockConfig)
                  00006dab    00000003     empty.o (.rodata.str1.11898133897667081452.1)
                  00006dae    00000003     empty.o (.rodata.str1.7401042497206923953.1)
                  00006db1    00000003     oled_menu.o (.rodata.str1.8943585372986554553.1)
                  00006db4    00000002     ti_msp_dl_config.o (.rodata.gI2C_MPU6050ClockConfig)
                  00006db6    00000002     ti_msp_dl_config.o (.rodata.gUART_0_DEBUGClockConfig)
                  00006db8    00000002     libc.a : fputs.c.obj (.rodata.str1.16607721268415185390.1)
                  00006dba    00000006     --HOLE-- [fill = 0]

.init_array 
*          0    00000000    00000000     UNINITIALIZED

.binit     0    00000000    00000000     

.sysmem    0    20200000    00000800     UNINITIALIZED
                  20200000    00000010     libc.a : memory.c.obj (.sysmem)
                  20200010    000007f0     --HOLE--

.bss       0    20200800    0000067c     UNINITIALIZED
                  20200800    00000400     (.common:OLED_GRAM)
                  20200c00    00000120     libsysbm.a : trgmsg.c.obj (.bss:_CIOBUF_)
                  20200d20    000000a0     libc.a : defs.c.obj (.bss.__TI_tmpnams)
                  20200dc0    000000a0     (.common:gPWM_MOTORBackup)
                  20200e60    00000008     bsp_motor_hallencoder.o (.bss.Encoder_A)
                  20200e68    00000008     bsp_motor_hallencoder.o (.bss.Encoder_B)
                  20200e70    00000008     libsysbm.a : hostopen.c.obj (.bss.parmbuf)
                  20200e78    00000004     libc.a : memory.c.obj (.bss.sys_free)

.data      0    20200e7c    00000285     UNINITIALIZED
                  20200e7c    000000f0     libc.a : defs.c.obj (.data._ftable)
                  20200f6c    00000078     libsysbm.a : host_device.c.obj (.data._device)
                  20200fe4    00000054     empty.o (.data.keys)
                  20201038    00000050     libsysbm.a : host_device.c.obj (.data._stream)
                  20201088    00000008     libc.a : exit.c.obj (.data..L_MergedGlobals)
                  20201090    00000004     bsp_track.o (.data.D)
                  20201094    00000004     bsp_track.o (.data.I)
                  20201098    00000004     bsp_track.o (.data.Kd)
                  2020109c    00000004     bsp_track.o (.data.Ki)
                  202010a0    00000004     bsp_track.o (.data.Kp)
                  202010a4    00000004     bsp_track.o (.data.P)
                  202010a8    00000004     bsp_track.o (.data.PID_value)
                  202010ac    00000004     libc.a : defs.c.obj (.data.__TI_ft_end)
                  202010b0    00000004            : _lock.c.obj (.data._lock)
                  202010b4    00000004            : _lock.c.obj (.data._unlock)
                  202010b8    00000004     empty.o (.data.base_left_pulses)
                  202010bc    00000004     empty.o (.data.base_right_pulses)
                  202010c0    00000004     empty.o (.data.dbg_last_err)
                  202010c4    00000004     board.o (.data.g_systick_count)
                  202010c8    00000004     empty.o (.data.last_dbg)
                  202010cc    00000004     empty.o (.data.main.last_tick.7)
                  202010d0    00000004     empty.o (.data.main.last_tick)
                  202010d4    00000004     empty.o (.data.main.last_time.8)
                  202010d8    00000004     empty.o (.data.main.last_time)
                  202010dc    00000004     bsp_track.o (.data.new_error)
                  202010e0    00000004     bsp_track.o (.data.previous_error)
                  202010e4    00000004     empty.o (.data.run_start_tick)
                  202010e8    00000004     empty.o (.data.run_time_seconds)
                  202010ec    00000004     empty.o (.data.system_tick)
                  202010f0    00000004     bsp_motor_hallencoder.o (.data.total_left_pulses)
                  202010f4    00000004     bsp_motor_hallencoder.o (.data.total_right_pulses)
                  202010f8    00000001     empty.o (.data.button3_state)
                  202010f9    00000001     empty.o (.data.current_mode)
                  202010fa    00000001     empty.o (.data.dbg_last_b3)
                  202010fb    00000001     empty.o (.data.dbg_last_bits)
                  202010fc    00000001     empty.o (.data.dbg_valid)
                  202010fd    00000001     bsp_track.o (.data.now_lap)
                  202010fe    00000002     --HOLE--
                  20201100    00000001     libc.a : memory.c.obj (.data.memory_is_initialized)

.stack     0    20207e00    00000200     UNINITIALIZED
                  20207e00    00000004     libc.a : boot_cortex_m.c.obj (.stack)
                  20207e04    000001fc     --HOLE--

__llvm_prf_cnts 
*          0    20200000    00000000     UNINITIALIZED

__llvm_prf_bits 
*          0    20200000    00000000     UNINITIALIZED

MODULE SUMMARY

       Module                         code    ro data   rw data
       ------                         ----    -------   -------
    .\
       empty.o                        1928    48        133    
       ti_msp_dl_config.o             984     48        160    
       startup_mspm0g350x_ticlang.o   6       192       0      
       board.o                        144     30        4      
    +--+------------------------------+-------+---------+---------+
       Total:                         3062    318       297    
                                                               
    .\BSP\
       bsp_oled.o                     9292    6632      1024   
       bsp_track.o                    2372    32        37     
       oled_menu.o                    436     80        0      
       bsp_motor_hallencoder.o        276     0         24     
       key_handler.o                  250     0         0      
       bsp_motor.o                    100     32        0      
    +--+------------------------------+-------+---------+---------+
       Total:                         12726   6776      1085   
                                                               
    C:/TI/mspm0_sdk_2_11_00_07/source/ti/driverlib/lib/ticlang/m0p/mspm0g1x0x_g3x0x/driverlib.a
       dl_timer.o                     608     0         0      
       dl_uart.o                      90      0         0      
       dl_i2c.o                       38      0         0      
       dl_common.o                    10      0         0      
    +--+------------------------------+-------+---------+---------+
       Total:                         746     0         0      
                                                               
    C:\TI\ti_cgt_arm_llvm_4.0.2.LTS\lib\armv6m-ti-none-eabi/c/libc.a
       memory.c.obj                   702     0         5      
       defs.c.obj                     0       0         404    
       fputs.c.obj                    284     2         0      
       setvbuf.c.obj                  224     0         0      
       getdevice.c.obj                160     0         0      
       memcpy16.S.obj                 154     0         0      
       strcmp-armv6m.S.obj            136     0         0      
       copy_decompress_lzss.c.obj     124     0         0      
       fclose.c.obj                   124     0         0      
       fseek.c.obj                    116     0         0      
       _io_perm.c.obj                 100     0         0      
       memset16.S.obj                 98      0         0      
       fflush.c.obj                   82      0         0      
       exit.c.obj                     58      0         8      
       autoinit.c.obj                 60      0         0      
       fopen.c.obj                    52      0         0      
       boot_cortex_m.c.obj            40      0         0      
       copy_decompress_none.c.obj     18      0         0      
       copy_zero_init.c.obj           16      0         0      
       _lock.c.obj                    2       0         8      
       pre_init.c.obj                 4       0         0      
    +--+------------------------------+-------+---------+---------+
       Total:                         2554    2         425    
                                                               
    C:\TI\ti_cgt_arm_llvm_4.0.2.LTS\lib\armv6m-ti-none-eabi/c/libsysbm.a
       trgmsg.c.obj                   104     0         288    
       host_device.c.obj              0       0         200    
       hostrename.c.obj               136     0         0      
       hostlseek.c.obj                108     0         0      
       hostopen.c.obj                 96      0         8      
       hostread.c.obj                 88      0         0      
       hostwrite.c.obj                88      0         0      
       close.c.obj                    80      0         0      
       hostclose.c.obj                72      0         0      
       hostunlink.c.obj               72      0         0      
       unlink.c.obj                   44      0         0      
       lseek.c.obj                    40      0         0      
       write.c.obj                    40      0         0      
       remove.c.obj                   8       0         0      
       hostexit.c.obj                 4       0         0      
    +--+------------------------------+-------+---------+---------+
       Total:                         980     0         496    
                                                               
    C:\TI\ti_cgt_arm_llvm_4.0.2.LTS\lib\armv6m-ti-none-eabi/libclang_rt.builtins.a
       addsf3.S.obj                   216     0         0      
       mulsf3.S.obj                   140     0         0      
       comparesf2.S.obj               118     0         0      
       aeabi_fcmp.S.obj               98      0         0      
       aeabi_idivmod.S.obj            86      0         0      
       aeabi_uidivmod.S.obj           64      0         0      
       muldsi3.S.obj                  58      0         0      
       fixsfsi.S.obj                  56      0         0      
       fixunssfsi.S.obj               50      0         0      
       aeabi_memset.S.obj             12      0         0      
       aeabi_memcpy.S.obj             8       0         0      
       aeabi_div0.c.obj               2       0         0      
    +--+------------------------------+-------+---------+---------+
       Total:                         908     0         0      
                                                               
       Heap:                          0       0         2048   
       Stack:                         0       0         512    
       Linker Generated:              0       166       0      
    +--+------------------------------+-------+---------+---------+
       Grand Total:                   20976   7262      4863   


LINKER GENERATED COPY TABLES

__TI_cinit_table @ 00006e58 records: 2, size/record: 8, table size: 16
	.data: load addr=00006dc0, load size=00000082 bytes, run addr=20200e7c, run size=00000285 bytes, compression=lzss
	.bss: load addr=00006e50, load size=00000008 bytes, run addr=20200800, run size=0000067c bytes, compression=zero_init


LINKER GENERATED HANDLER TABLE

__TI_handler_table @ 00006e44 records: 3, size/record: 4, table size: 12
	index: 0, handler: __TI_decompress_lzss
	index: 1, handler: __TI_decompress_none
	index: 2, handler: __TI_zero_init


GLOBAL SYMBOLS: SORTED ALPHABETICALLY BY Name 

address   name                            
-------   ----                            
000028e3  ADC0_IRQHandler                 
000028e3  ADC1_IRQHandler                 
000028e3  AES_IRQHandler                  
000052b4  C$$EXIT                         
00004e7d  C$$IO$$                         
000028e3  CANFD0_IRQHandler               
20201090  D                               
000028e3  DAC0_IRQHandler                 
00005295  DL_Common_delayCycles           
0000507d  DL_I2C_setClockConfig           
00003655  DL_Timer_initFourCCPWMMode      
00003759  DL_Timer_initTimerMode          
00005109  DL_Timer_setCaptCompUpdateMethod
00005195  DL_Timer_setCaptureCompareOutCtl
000051f9  DL_Timer_setCaptureCompareValue 
00005125  DL_Timer_setClockConfig         
00004aa9  DL_UART_init                    
000051c1  DL_UART_setClockConfig          
000028e3  DMA_IRQHandler                  
000028e3  Default_Handler                 
00005265  Encoder_Get_TotalLeftPulses     
00005271  Encoder_Get_TotalRightPulses    
000028e3  GROUP0_IRQHandler               
00003ee5  GROUP1_IRQHandler               
00004af1  HOSTclose                       
000052b5  HOSTexit                        
000043c1  HOSTlseek                       
000046fd  HOSTopen                        
000047bd  HOSTread                        
0000442d  HOSTrename                      
00004b39  HOSTunlink                      
00004815  HOSTwrite                       
000028e3  HardFault_Handler               
20201094  I                               
000028e3  I2C0_IRQHandler                 
000028e3  I2C1_IRQHandler                 
20201098  Kd                              
000051d3  Key_GetShortPress               
00004f1f  Key_Init                        
00003d91  Key_Scan                        
2020109c  Ki                              
202010a0  Kp                              
00005141  Motor_Init                      
000028e3  NMI_Handler                     
00000c4d  OLED_Clear                      
000050e9  OLED_DisPlay_On                 
20200800  OLED_GRAM                       
000000c1  OLED_Init                       
00005209  OLED_MenuInit                   
00002c79  OLED_Refresh                    
000041b1  OLED_RefreshRegion              
00002fb9  OLED_ShowChar                   
00002539  OLED_ShowNum                    
0000400d  OLED_ShowString                 
00003b15  OLED_UpdateMenu                 
00003cc9  OLED_UpdateModeLines            
000028e5  OLED_WR_Byte                    
202010a4  P                               
202010a8  PID_value                       
000028e3  PendSV_Handler                  
000028e3  RTC_IRQHandler                  
000052b9  Reset_Handler                   
000028e3  SPI0_IRQHandler                 
000028e3  SPI1_IRQHandler                 
000028e3  SVC_Handler                     
000033f1  SYSCFG_DL_GPIO_init             
000048c5  SYSCFG_DL_I2C_MPU6050_init      
00003f79  SYSCFG_DL_PWM_MOTOR_init        
00004bc5  SYSCFG_DL_SYSCTL_init           
00004f51  SYSCFG_DL_SYSTICK_init          
00004a11  SYSCFG_DL_TIMER_0_init          
0000475d  SYSCFG_DL_UART_0_DEBUG_init     
00004f81  SYSCFG_DL_init                  
00004919  SYSCFG_DL_initPower             
0000515d  SysTick_Handler                 
000028e3  TIMA0_IRQHandler                
000028e3  TIMA1_IRQHandler                
00004a5d  TIMG0_IRQHandler                
000028e3  TIMG12_IRQHandler               
000028e3  TIMG6_IRQHandler                
000028e3  TIMG7_IRQHandler                
000028e3  TIMG8_IRQHandler                
000028e3  UART0_IRQHandler                
000028e3  UART1_IRQHandler                
000028e3  UART2_IRQHandler                
000028e3  UART3_IRQHandler                
20200c00  _CIOBUF_                        
20200c00  __CIOBUF_                       
20208000  __STACK_END                     
00000200  __STACK_SIZE                    
00000800  __SYSMEM_SIZE                   
00000000  __TI_ATRegion0_region_sz        
00000000  __TI_ATRegion0_src_addr         
00000000  __TI_ATRegion0_trg_addr         
00000000  __TI_ATRegion1_region_sz        
00000000  __TI_ATRegion1_src_addr         
00000000  __TI_ATRegion1_trg_addr         
00000000  __TI_ATRegion2_region_sz        
00000000  __TI_ATRegion2_src_addr         
00000000  __TI_ATRegion2_trg_addr         
00006e58  __TI_CINIT_Base                 
00006e68  __TI_CINIT_Limit                
00006e68  __TI_CINIT_Warm                 
00006e44  __TI_Handler_Table_Base         
00006e50  __TI_Handler_Table_Limit        
00004cfd  __TI_auto_init_nobinit_nopinit  
00004de9  __TI_cleanup                    
20201088  __TI_cleanup_ptr                
000042c9  __TI_closefile                  
00004345  __TI_decompress_lzss            
000051e5  __TI_decompress_none            
0000496d  __TI_doflush                    
2020108c  __TI_dtors_ptr                  
202010ac  __TI_ft_end                     
ffffffff  __TI_pprof_out_hndl             
ffffffff  __TI_prof_data_size             
ffffffff  __TI_prof_data_start            
00004e1d  __TI_readmsg                    
00000000  __TI_static_base__              
20200d20  __TI_tmpnams                    
00004e51  __TI_writemsg                   
00004571  __TI_wrt_ok                     
00005229  __TI_zero_init                  
00003bfb  __addsf3                        
00004db1  __aeabi_f2iz                    
00004eed  __aeabi_f2uiz                   
00003bfb  __aeabi_fadd                    
00004639  __aeabi_fcmpeq                  
00004675  __aeabi_fcmpge                  
00004689  __aeabi_fcmpgt                  
00004661  __aeabi_fcmple                  
0000464d  __aeabi_fcmplt                  
00004099  __aeabi_fmul                    
00003bf1  __aeabi_fsub                    
0000486d  __aeabi_idiv                    
00003ee3  __aeabi_idiv0                   
0000486d  __aeabi_idivmod                 
0000527d  __aeabi_memclr                  
0000527d  __aeabi_memclr4                 
0000527d  __aeabi_memclr8                 
00004239  __aeabi_memcpy                  
00004239  __aeabi_memcpy4                 
00004239  __aeabi_memcpy8                 
00004c05  __aeabi_uidiv                   
00004c05  __aeabi_uidivmod                
ffffffff  __binit__                       
00004d39  __cmpsf2                        
00004d39  __eqsf2                         
00004db1  __fixsfsi                       
00004eed  __fixunssfsi                    
00004c85  __gesf2                         
00004c85  __gtsf2                         
00004d39  __lesf2                         
00004d39  __ltsf2                         
UNDEFED   __mpu_init                      
00004d75  __muldsi3                       
00004099  __mulsf3                        
00004d39  __nesf2                         
20207e00  __stack                         
20200000  __start___llvm_prf_bits         
20200000  __start___llvm_prf_cnts         
20200000  __stop___llvm_prf_bits          
20200000  __stop___llvm_prf_cnts          
00003bf1  __subsf3                        
00005055  _c_int00_noargs                 
20200f6c  _device                         
20200e7c  _ftable                         
202010b0  _lock                           
000048c3  _nop                            
20201038  _stream                         
20200000  _sys_memory                     
UNDEFED   _system_post_cinit              
000052bd  _system_pre_init                
202010b4  _unlock                         
000052af  abort                           
00003541  aligned_alloc                   
00006a80  asc2_0806                       
0000660c  asc2_1206                       
0000601c  asc2_1608                       
000052c0  asc2_2412                       
ffffffff  binit                           
000051ad  board_init                      
202010f8  button3_state                   
000049c1  close                           
202010f9  current_mode                    
00004c45  delay_ms                        
00004cc1  delay_us                        
00004e85  exit                            
00004eb9  finddevice                      
00003855  fputs                           
0000394d  free                            
0000529f  fseek                           
00004499  fseeko                          
20200dc0  gPWM_MOTORBackup                
202010c4  g_systick_count                 
00004505  getdevice                       
00000000  interruptVectors                
20200fe4  keys                            
00005005  lseek                           
000016dd  main                            
00005289  malloc                          
00003541  memalign                        
00003e49  memcpy                          
0000469b  memset                          
000050c9  motor_init                      
00004b81  motor_stop                      
202010dc  new_error                       
202010fd  now_lap                         
20200e70  parmbuf                         
202010e0  previous_error                  
000050a5  puts                            
000052a7  remove                          
202010e8  run_time_seconds                
00003a35  setvbuf                         
00004241  strcmp                          
202010ec  system_tick                     
202010f0  total_left_pulses               
202010f4  total_right_pulses              
00003239  track_control                   
00005219  track_init                      
00001e49  track_scan                      
00004125  turn_left                       
00004fb1  unlink                          
0000502d  write                           


GLOBAL SYMBOLS: SORTED BY Symbol Address 

address   name                            
-------   ----                            
00000000  __TI_ATRegion0_region_sz        
00000000  __TI_ATRegion0_src_addr         
00000000  __TI_ATRegion0_trg_addr         
00000000  __TI_ATRegion1_region_sz        
00000000  __TI_ATRegion1_src_addr         
00000000  __TI_ATRegion1_trg_addr         
00000000  __TI_ATRegion2_region_sz        
00000000  __TI_ATRegion2_src_addr         
00000000  __TI_ATRegion2_trg_addr         
00000000  __TI_static_base__              
00000000  interruptVectors                
000000c1  OLED_Init                       
00000200  __STACK_SIZE                    
00000800  __SYSMEM_SIZE                   
00000c4d  OLED_Clear                      
000016dd  main                            
00001e49  track_scan                      
00002539  OLED_ShowNum                    
000028e3  ADC0_IRQHandler                 
000028e3  ADC1_IRQHandler                 
000028e3  AES_IRQHandler                  
000028e3  CANFD0_IRQHandler               
000028e3  DAC0_IRQHandler                 
000028e3  DMA_IRQHandler                  
000028e3  Default_Handler                 
000028e3  GROUP0_IRQHandler               
000028e3  HardFault_Handler               
000028e3  I2C0_IRQHandler                 
000028e3  I2C1_IRQHandler                 
000028e3  NMI_Handler                     
000028e3  PendSV_Handler                  
000028e3  RTC_IRQHandler                  
000028e3  SPI0_IRQHandler                 
000028e3  SPI1_IRQHandler                 
000028e3  SVC_Handler                     
000028e3  TIMA0_IRQHandler                
000028e3  TIMA1_IRQHandler                
000028e3  TIMG12_IRQHandler               
000028e3  TIMG6_IRQHandler                
000028e3  TIMG7_IRQHandler                
000028e3  TIMG8_IRQHandler                
000028e3  UART0_IRQHandler                
000028e3  UART1_IRQHandler                
000028e3  UART2_IRQHandler                
000028e3  UART3_IRQHandler                
000028e5  OLED_WR_Byte                    
00002c79  OLED_Refresh                    
00002fb9  OLED_ShowChar                   
00003239  track_control                   
000033f1  SYSCFG_DL_GPIO_init             
00003541  aligned_alloc                   
00003541  memalign                        
00003655  DL_Timer_initFourCCPWMMode      
00003759  DL_Timer_initTimerMode          
00003855  fputs                           
0000394d  free                            
00003a35  setvbuf                         
00003b15  OLED_UpdateMenu                 
00003bf1  __aeabi_fsub                    
00003bf1  __subsf3                        
00003bfb  __addsf3                        
00003bfb  __aeabi_fadd                    
00003cc9  OLED_UpdateModeLines            
00003d91  Key_Scan                        
00003e49  memcpy                          
00003ee3  __aeabi_idiv0                   
00003ee5  GROUP1_IRQHandler               
00003f79  SYSCFG_DL_PWM_MOTOR_init        
0000400d  OLED_ShowString                 
00004099  __aeabi_fmul                    
00004099  __mulsf3                        
00004125  turn_left                       
000041b1  OLED_RefreshRegion              
00004239  __aeabi_memcpy                  
00004239  __aeabi_memcpy4                 
00004239  __aeabi_memcpy8                 
00004241  strcmp                          
000042c9  __TI_closefile                  
00004345  __TI_decompress_lzss            
000043c1  HOSTlseek                       
0000442d  HOSTrename                      
00004499  fseeko                          
00004505  getdevice                       
00004571  __TI_wrt_ok                     
00004639  __aeabi_fcmpeq                  
0000464d  __aeabi_fcmplt                  
00004661  __aeabi_fcmple                  
00004675  __aeabi_fcmpge                  
00004689  __aeabi_fcmpgt                  
0000469b  memset                          
000046fd  HOSTopen                        
0000475d  SYSCFG_DL_UART_0_DEBUG_init     
000047bd  HOSTread                        
00004815  HOSTwrite                       
0000486d  __aeabi_idiv                    
0000486d  __aeabi_idivmod                 
000048c3  _nop                            
000048c5  SYSCFG_DL_I2C_MPU6050_init      
00004919  SYSCFG_DL_initPower             
0000496d  __TI_doflush                    
000049c1  close                           
00004a11  SYSCFG_DL_TIMER_0_init          
00004a5d  TIMG0_IRQHandler                
00004aa9  DL_UART_init                    
00004af1  HOSTclose                       
00004b39  HOSTunlink                      
00004b81  motor_stop                      
00004bc5  SYSCFG_DL_SYSCTL_init           
00004c05  __aeabi_uidiv                   
00004c05  __aeabi_uidivmod                
00004c45  delay_ms                        
00004c85  __gesf2                         
00004c85  __gtsf2                         
00004cc1  delay_us                        
00004cfd  __TI_auto_init_nobinit_nopinit  
00004d39  __cmpsf2                        
00004d39  __eqsf2                         
00004d39  __lesf2                         
00004d39  __ltsf2                         
00004d39  __nesf2                         
00004d75  __muldsi3                       
00004db1  __aeabi_f2iz                    
00004db1  __fixsfsi                       
00004de9  __TI_cleanup                    
00004e1d  __TI_readmsg                    
00004e51  __TI_writemsg                   
00004e7d  C$$IO$$                         
00004e85  exit                            
00004eb9  finddevice                      
00004eed  __aeabi_f2uiz                   
00004eed  __fixunssfsi                    
00004f1f  Key_Init                        
00004f51  SYSCFG_DL_SYSTICK_init          
00004f81  SYSCFG_DL_init                  
00004fb1  unlink                          
00005005  lseek                           
0000502d  write                           
00005055  _c_int00_noargs                 
0000507d  DL_I2C_setClockConfig           
000050a5  puts                            
000050c9  motor_init                      
000050e9  OLED_DisPlay_On                 
00005109  DL_Timer_setCaptCompUpdateMethod
00005125  DL_Timer_setClockConfig         
00005141  Motor_Init                      
0000515d  SysTick_Handler                 
00005195  DL_Timer_setCaptureCompareOutCtl
000051ad  board_init                      
000051c1  DL_UART_setClockConfig          
000051d3  Key_GetShortPress               
000051e5  __TI_decompress_none            
000051f9  DL_Timer_setCaptureCompareValue 
00005209  OLED_MenuInit                   
00005219  track_init                      
00005229  __TI_zero_init                  
00005265  Encoder_Get_TotalLeftPulses     
00005271  Encoder_Get_TotalRightPulses    
0000527d  __aeabi_memclr                  
0000527d  __aeabi_memclr4                 
0000527d  __aeabi_memclr8                 
00005289  malloc                          
00005295  DL_Common_delayCycles           
0000529f  fseek                           
000052a7  remove                          
000052af  abort                           
000052b4  C$$EXIT                         
000052b5  HOSTexit                        
000052b9  Reset_Handler                   
000052bd  _system_pre_init                
000052c0  asc2_2412                       
0000601c  asc2_1608                       
0000660c  asc2_1206                       
00006a80  asc2_0806                       
00006e44  __TI_Handler_Table_Base         
00006e50  __TI_Handler_Table_Limit        
00006e58  __TI_CINIT_Base                 
00006e68  __TI_CINIT_Limit                
00006e68  __TI_CINIT_Warm                 
20200000  __start___llvm_prf_bits         
20200000  __start___llvm_prf_cnts         
20200000  __stop___llvm_prf_bits          
20200000  __stop___llvm_prf_cnts          
20200000  _sys_memory                     
20200800  OLED_GRAM                       
20200c00  _CIOBUF_                        
20200c00  __CIOBUF_                       
20200d20  __TI_tmpnams                    
20200dc0  gPWM_MOTORBackup                
20200e70  parmbuf                         
20200e7c  _ftable                         
20200f6c  _device                         
20200fe4  keys                            
20201038  _stream                         
20201088  __TI_cleanup_ptr                
2020108c  __TI_dtors_ptr                  
20201090  D                               
20201094  I                               
20201098  Kd                              
2020109c  Ki                              
202010a0  Kp                              
202010a4  P                               
202010a8  PID_value                       
202010ac  __TI_ft_end                     
202010b0  _lock                           
202010b4  _unlock                         
202010c4  g_systick_count                 
202010dc  new_error                       
202010e0  previous_error                  
202010e8  run_time_seconds                
202010ec  system_tick                     
202010f0  total_left_pulses               
202010f4  total_right_pulses              
202010f8  button3_state                   
202010f9  current_mode                    
202010fd  now_lap                         
20207e00  __stack                         
20208000  __STACK_END                     
ffffffff  __TI_pprof_out_hndl             
ffffffff  __TI_prof_data_size             
ffffffff  __TI_prof_data_start            
ffffffff  __binit__                       
ffffffff  binit                           
UNDEFED   __mpu_init                      
UNDEFED   _system_post_cinit              

[224 symbols]
