<?xml version="1.0" encoding="ISO-8859-1" ?>
<link_info>
   <banner>TI ARM Clang Linker PC v4.0.2.LTS</banner>
   <copyright>Copyright (c) 1996-2018 Texas Instruments Incorporated</copyright>
   <command_line>C:\TI\ti_cgt_arm_llvm_4.0.2.LTS\bin\tiarmlnk -IC:\TI\ti_cgt_arm_llvm_4.0.2.LTS\lib -o 2026H-v1.out -m2026H-v1.map -iC:/TI/mspm0_sdk_2_11_00_07/source -iC:/Users/20407/workspace_ccstheia/2026H-v1-8huidu -iC:/Users/20407/workspace_ccstheia/2026H-v1-8huidu/Debug/syscfg -iC:/TI/ti_cgt_arm_llvm_4.0.2.LTS/lib --diag_wrap=off --display_error_number --warn_sections --xml_link_info=2026H-v1_linkInfo.xml --rom_model C:/Users/20407/workspace_ccstheia/2026H-v1-8huidu/stack_override.cmd ./board.o ./empty.o ./ti_msp_dl_config.o ./startup_mspm0g350x_ticlang.o ./BSP/bsp_motor.o ./BSP/bsp_motor_hallencoder.o ./BSP/bsp_mpu6050.o ./BSP/bsp_oled.o ./BSP/bsp_track.o ./BSP/key_handler.o ./BSP/oled_menu.o ../stack_override.cmd -l./device_linker.cmd -ldevice.cmd.genlibs -llibc.a --start-group -llibc++.a -llibc++abi.a -llibc.a -llibsys.a -llibsysbm.a -llibclang_rt.builtins.a -llibclang_rt.profile.a --end-group --cg_opt_level=2</command_line>
   <link_time>0x6a6d8b25</link_time>
   <link_errors>0x0</link_errors>
   <output_file>C:\Users\20407\workspace_ccstheia\2026H-v1-8huidu\Debug\2026H-v1.out</output_file>
   <entry_point>
      <name>_c_int00_noargs</name>
      <address>0x5055</address>
   </entry_point>
   <input_file_list>
      <input_file id="fl-2">
         <path>C:\Users\20407\workspace_ccstheia\2026H-v1-8huidu\Debug\.\</path>
         <kind>object</kind>
         <file>board.o</file>
         <name>board.o</name>
      </input_file>
      <input_file id="fl-3">
         <path>C:\Users\20407\workspace_ccstheia\2026H-v1-8huidu\Debug\.\</path>
         <kind>object</kind>
         <file>empty.o</file>
         <name>empty.o</name>
      </input_file>
      <input_file id="fl-4">
         <path>C:\Users\20407\workspace_ccstheia\2026H-v1-8huidu\Debug\.\</path>
         <kind>object</kind>
         <file>ti_msp_dl_config.o</file>
         <name>ti_msp_dl_config.o</name>
      </input_file>
      <input_file id="fl-5">
         <path>C:\Users\20407\workspace_ccstheia\2026H-v1-8huidu\Debug\.\</path>
         <kind>object</kind>
         <file>startup_mspm0g350x_ticlang.o</file>
         <name>startup_mspm0g350x_ticlang.o</name>
      </input_file>
      <input_file id="fl-6">
         <path>C:\Users\20407\workspace_ccstheia\2026H-v1-8huidu\Debug\.\BSP\</path>
         <kind>object</kind>
         <file>bsp_motor.o</file>
         <name>bsp_motor.o</name>
      </input_file>
      <input_file id="fl-7">
         <path>C:\Users\20407\workspace_ccstheia\2026H-v1-8huidu\Debug\.\BSP\</path>
         <kind>object</kind>
         <file>bsp_motor_hallencoder.o</file>
         <name>bsp_motor_hallencoder.o</name>
      </input_file>
      <input_file id="fl-8">
         <path>C:\Users\20407\workspace_ccstheia\2026H-v1-8huidu\Debug\.\BSP\</path>
         <kind>object</kind>
         <file>bsp_mpu6050.o</file>
         <name>bsp_mpu6050.o</name>
      </input_file>
      <input_file id="fl-9">
         <path>C:\Users\20407\workspace_ccstheia\2026H-v1-8huidu\Debug\.\BSP\</path>
         <kind>object</kind>
         <file>bsp_oled.o</file>
         <name>bsp_oled.o</name>
      </input_file>
      <input_file id="fl-a">
         <path>C:\Users\20407\workspace_ccstheia\2026H-v1-8huidu\Debug\.\BSP\</path>
         <kind>object</kind>
         <file>bsp_track.o</file>
         <name>bsp_track.o</name>
      </input_file>
      <input_file id="fl-b">
         <path>C:\Users\20407\workspace_ccstheia\2026H-v1-8huidu\Debug\.\BSP\</path>
         <kind>object</kind>
         <file>key_handler.o</file>
         <name>key_handler.o</name>
      </input_file>
      <input_file id="fl-c">
         <path>C:\Users\20407\workspace_ccstheia\2026H-v1-8huidu\Debug\.\BSP\</path>
         <kind>object</kind>
         <file>oled_menu.o</file>
         <name>oled_menu.o</name>
      </input_file>
      <input_file id="fl-1a">
         <path>C:\Users\20407\workspace_ccstheia\2026H-v1-8huidu\Debug\</path>
         <kind>object</kind>
         <file>&lt;internal&gt;</file>
         <name>&lt;internal&gt;</name>
      </input_file>
      <input_file id="fl-1b">
         <path>C:\TI\mspm0_sdk_2_11_00_07\source\ti\driverlib\lib\ticlang\m0p\mspm0g1x0x_g3x0x\</path>
         <kind>archive</kind>
         <file>driverlib.a</file>
         <name>dl_common.o</name>
      </input_file>
      <input_file id="fl-1c">
         <path>C:\TI\mspm0_sdk_2_11_00_07\source\ti\driverlib\lib\ticlang\m0p\mspm0g1x0x_g3x0x\</path>
         <kind>archive</kind>
         <file>driverlib.a</file>
         <name>dl_i2c.o</name>
      </input_file>
      <input_file id="fl-1d">
         <path>C:\TI\mspm0_sdk_2_11_00_07\source\ti\driverlib\lib\ticlang\m0p\mspm0g1x0x_g3x0x\</path>
         <kind>archive</kind>
         <file>driverlib.a</file>
         <name>dl_timer.o</name>
      </input_file>
      <input_file id="fl-1e">
         <path>C:\TI\mspm0_sdk_2_11_00_07\source\ti\driverlib\lib\ticlang\m0p\mspm0g1x0x_g3x0x\</path>
         <kind>archive</kind>
         <file>driverlib.a</file>
         <name>dl_uart.o</name>
      </input_file>
      <input_file id="fl-35">
         <path>C:\TI\ti_cgt_arm_llvm_4.0.2.LTS\lib\armv6m-ti-none-eabi\c\</path>
         <kind>archive</kind>
         <file>libc.a</file>
         <name>e_asin.c.obj</name>
      </input_file>
      <input_file id="fl-36">
         <path>C:\TI\ti_cgt_arm_llvm_4.0.2.LTS\lib\armv6m-ti-none-eabi\c\</path>
         <kind>archive</kind>
         <file>libc.a</file>
         <name>e_atan2.c.obj</name>
      </input_file>
      <input_file id="fl-37">
         <path>C:\TI\ti_cgt_arm_llvm_4.0.2.LTS\lib\armv6m-ti-none-eabi\c\</path>
         <kind>archive</kind>
         <file>libc.a</file>
         <name>e_sqrt.c.obj</name>
      </input_file>
      <input_file id="fl-38">
         <path>C:\TI\ti_cgt_arm_llvm_4.0.2.LTS\lib\armv6m-ti-none-eabi\c\</path>
         <kind>archive</kind>
         <file>libc.a</file>
         <name>s_atan.c.obj</name>
      </input_file>
      <input_file id="fl-39">
         <path>C:\TI\ti_cgt_arm_llvm_4.0.2.LTS\lib\armv6m-ti-none-eabi\c\</path>
         <kind>archive</kind>
         <file>libc.a</file>
         <name>fputs.c.obj</name>
      </input_file>
      <input_file id="fl-3a">
         <path>C:\TI\ti_cgt_arm_llvm_4.0.2.LTS\lib\armv6m-ti-none-eabi\c\</path>
         <kind>archive</kind>
         <file>libc.a</file>
         <name>_io_perm.c.obj</name>
      </input_file>
      <input_file id="fl-3b">
         <path>C:\TI\ti_cgt_arm_llvm_4.0.2.LTS\lib\armv6m-ti-none-eabi\c\</path>
         <kind>archive</kind>
         <file>libc.a</file>
         <name>setvbuf.c.obj</name>
      </input_file>
      <input_file id="fl-3c">
         <path>C:\TI\ti_cgt_arm_llvm_4.0.2.LTS\lib\armv6m-ti-none-eabi\c\</path>
         <kind>archive</kind>
         <file>libc.a</file>
         <name>e_sqrtf.c.obj</name>
      </input_file>
      <input_file id="fl-3d">
         <path>C:\TI\ti_cgt_arm_llvm_4.0.2.LTS\lib\armv6m-ti-none-eabi\c\</path>
         <kind>archive</kind>
         <file>libc.a</file>
         <name>aeabi_portable.c.obj</name>
      </input_file>
      <input_file id="fl-3e">
         <path>C:\TI\ti_cgt_arm_llvm_4.0.2.LTS\lib\armv6m-ti-none-eabi\c\</path>
         <kind>archive</kind>
         <file>libc.a</file>
         <name>exit.c.obj</name>
      </input_file>
      <input_file id="fl-3f">
         <path>C:\TI\ti_cgt_arm_llvm_4.0.2.LTS\lib\armv6m-ti-none-eabi\c\</path>
         <kind>archive</kind>
         <file>libc.a</file>
         <name>_lock.c.obj</name>
      </input_file>
      <input_file id="fl-40">
         <path>C:\TI\ti_cgt_arm_llvm_4.0.2.LTS\lib\armv6m-ti-none-eabi\c\</path>
         <kind>archive</kind>
         <file>libc.a</file>
         <name>assert.c.obj</name>
      </input_file>
      <input_file id="fl-41">
         <path>C:\TI\ti_cgt_arm_llvm_4.0.2.LTS\lib\armv6m-ti-none-eabi\c\</path>
         <kind>archive</kind>
         <file>libc.a</file>
         <name>defs.c.obj</name>
      </input_file>
      <input_file id="fl-42">
         <path>C:\TI\ti_cgt_arm_llvm_4.0.2.LTS\lib\armv6m-ti-none-eabi\c\</path>
         <kind>archive</kind>
         <file>libc.a</file>
         <name>memory.c.obj</name>
      </input_file>
      <input_file id="fl-43">
         <path>C:\TI\ti_cgt_arm_llvm_4.0.2.LTS\lib\armv6m-ti-none-eabi\c\</path>
         <kind>archive</kind>
         <file>libc.a</file>
         <name>boot_cortex_m.c.obj</name>
      </input_file>
      <input_file id="fl-44">
         <path>C:\TI\ti_cgt_arm_llvm_4.0.2.LTS\lib\armv6m-ti-none-eabi\c\</path>
         <kind>archive</kind>
         <file>libc.a</file>
         <name>mathacl_init.c.obj</name>
      </input_file>
      <input_file id="fl-45">
         <path>C:\TI\ti_cgt_arm_llvm_4.0.2.LTS\lib\armv6m-ti-none-eabi\c\</path>
         <kind>archive</kind>
         <file>libc.a</file>
         <name>autoinit.c.obj</name>
      </input_file>
      <input_file id="fl-46">
         <path>C:\TI\ti_cgt_arm_llvm_4.0.2.LTS\lib\armv6m-ti-none-eabi\c\</path>
         <kind>archive</kind>
         <file>libc.a</file>
         <name>pre_init.c.obj</name>
      </input_file>
      <input_file id="fl-47">
         <path>C:\TI\ti_cgt_arm_llvm_4.0.2.LTS\lib\armv6m-ti-none-eabi\c\</path>
         <kind>archive</kind>
         <file>libc.a</file>
         <name>cpy_tbl.c.obj</name>
      </input_file>
      <input_file id="fl-48">
         <path>C:\TI\ti_cgt_arm_llvm_4.0.2.LTS\lib\armv6m-ti-none-eabi\c\</path>
         <kind>archive</kind>
         <file>libc.a</file>
         <name>copy_zero_init.c.obj</name>
      </input_file>
      <input_file id="fl-49">
         <path>C:\TI\ti_cgt_arm_llvm_4.0.2.LTS\lib\armv6m-ti-none-eabi\c\</path>
         <kind>archive</kind>
         <file>libc.a</file>
         <name>copy_decompress_none.c.obj</name>
      </input_file>
      <input_file id="fl-4a">
         <path>C:\TI\ti_cgt_arm_llvm_4.0.2.LTS\lib\armv6m-ti-none-eabi\c\</path>
         <kind>archive</kind>
         <file>libc.a</file>
         <name>copy_decompress_lzss.c.obj</name>
      </input_file>
      <input_file id="fl-4b">
         <path>C:\TI\ti_cgt_arm_llvm_4.0.2.LTS\lib\armv6m-ti-none-eabi\c\</path>
         <kind>archive</kind>
         <file>libc.a</file>
         <name>sprintf.c.obj</name>
      </input_file>
      <input_file id="fl-4c">
         <path>C:\TI\ti_cgt_arm_llvm_4.0.2.LTS\lib\armv6m-ti-none-eabi\c\</path>
         <kind>archive</kind>
         <file>libc.a</file>
         <name>fflush.c.obj</name>
      </input_file>
      <input_file id="fl-4d">
         <path>C:\TI\ti_cgt_arm_llvm_4.0.2.LTS\lib\armv6m-ti-none-eabi\c\</path>
         <kind>archive</kind>
         <file>libc.a</file>
         <name>fopen.c.obj</name>
      </input_file>
      <input_file id="fl-4e">
         <path>C:\TI\ti_cgt_arm_llvm_4.0.2.LTS\lib\armv6m-ti-none-eabi\c\</path>
         <kind>archive</kind>
         <file>libc.a</file>
         <name>fseek.c.obj</name>
      </input_file>
      <input_file id="fl-4f">
         <path>C:\TI\ti_cgt_arm_llvm_4.0.2.LTS\lib\armv6m-ti-none-eabi\c\</path>
         <kind>archive</kind>
         <file>libc.a</file>
         <name>args_main.c.obj</name>
      </input_file>
      <input_file id="fl-50">
         <path>C:\TI\ti_cgt_arm_llvm_4.0.2.LTS\lib\armv6m-ti-none-eabi\c\</path>
         <kind>archive</kind>
         <file>libc.a</file>
         <name>_printfi.c.obj</name>
      </input_file>
      <input_file id="fl-51">
         <path>C:\TI\ti_cgt_arm_llvm_4.0.2.LTS\lib\armv6m-ti-none-eabi\c\</path>
         <kind>archive</kind>
         <file>libc.a</file>
         <name>fclose.c.obj</name>
      </input_file>
      <input_file id="fl-52">
         <path>C:\TI\ti_cgt_arm_llvm_4.0.2.LTS\lib\armv6m-ti-none-eabi\c\</path>
         <kind>archive</kind>
         <file>libc.a</file>
         <name>_ltoa.c.obj</name>
      </input_file>
      <input_file id="fl-53">
         <path>C:\TI\ti_cgt_arm_llvm_4.0.2.LTS\lib\armv6m-ti-none-eabi\c\</path>
         <kind>archive</kind>
         <file>libc.a</file>
         <name>atoi.c.obj</name>
      </input_file>
      <input_file id="fl-54">
         <path>C:\TI\ti_cgt_arm_llvm_4.0.2.LTS\lib\armv6m-ti-none-eabi\c\</path>
         <kind>archive</kind>
         <file>libc.a</file>
         <name>memccpy.c.obj</name>
      </input_file>
      <input_file id="fl-55">
         <path>C:\TI\ti_cgt_arm_llvm_4.0.2.LTS\lib\armv6m-ti-none-eabi\c\</path>
         <kind>archive</kind>
         <file>libc.a</file>
         <name>s_frexp.c.obj</name>
      </input_file>
      <input_file id="fl-56">
         <path>C:\TI\ti_cgt_arm_llvm_4.0.2.LTS\lib\armv6m-ti-none-eabi\c\</path>
         <kind>archive</kind>
         <file>libc.a</file>
         <name>s_scalbn.c.obj</name>
      </input_file>
      <input_file id="fl-57">
         <path>C:\TI\ti_cgt_arm_llvm_4.0.2.LTS\lib\armv6m-ti-none-eabi\c\</path>
         <kind>archive</kind>
         <file>libc.a</file>
         <name>wcslen.c.obj</name>
      </input_file>
      <input_file id="fl-58">
         <path>C:\TI\ti_cgt_arm_llvm_4.0.2.LTS\lib\armv6m-ti-none-eabi\c\</path>
         <kind>archive</kind>
         <file>libc.a</file>
         <name>aeabi_ctype.S.obj</name>
      </input_file>
      <input_file id="fl-f8">
         <path>C:\TI\ti_cgt_arm_llvm_4.0.2.LTS\lib\armv6m-ti-none-eabi\c\</path>
         <kind>archive</kind>
         <file>libsysbm.a</file>
         <name>hostexit.c.obj</name>
      </input_file>
      <input_file id="fl-f9">
         <path>C:\TI\ti_cgt_arm_llvm_4.0.2.LTS\lib\armv6m-ti-none-eabi\c\</path>
         <kind>archive</kind>
         <file>libsysbm.a</file>
         <name>write.c.obj</name>
      </input_file>
      <input_file id="fl-fa">
         <path>C:\TI\ti_cgt_arm_llvm_4.0.2.LTS\lib\armv6m-ti-none-eabi\c\</path>
         <kind>archive</kind>
         <file>libsysbm.a</file>
         <name>host_device.c.obj</name>
      </input_file>
      <input_file id="fl-fb">
         <path>C:\TI\ti_cgt_arm_llvm_4.0.2.LTS\lib\armv6m-ti-none-eabi\c\</path>
         <kind>archive</kind>
         <file>libsysbm.a</file>
         <name>remove.c.obj</name>
      </input_file>
      <input_file id="fl-fc">
         <path>C:\TI\ti_cgt_arm_llvm_4.0.2.LTS\lib\armv6m-ti-none-eabi\c\</path>
         <kind>archive</kind>
         <file>libsysbm.a</file>
         <name>open.c.obj</name>
      </input_file>
      <input_file id="fl-fd">
         <path>C:\TI\ti_cgt_arm_llvm_4.0.2.LTS\lib\armv6m-ti-none-eabi\c\</path>
         <kind>archive</kind>
         <file>libsysbm.a</file>
         <name>lseek.c.obj</name>
      </input_file>
      <input_file id="fl-fe">
         <path>C:\TI\ti_cgt_arm_llvm_4.0.2.LTS\lib\armv6m-ti-none-eabi\c\</path>
         <kind>archive</kind>
         <file>libsysbm.a</file>
         <name>close.c.obj</name>
      </input_file>
      <input_file id="fl-ff">
         <path>C:\TI\ti_cgt_arm_llvm_4.0.2.LTS\lib\armv6m-ti-none-eabi\c\</path>
         <kind>archive</kind>
         <file>libsysbm.a</file>
         <name>unlink.c.obj</name>
      </input_file>
      <input_file id="fl-100">
         <path>C:\TI\ti_cgt_arm_llvm_4.0.2.LTS\lib\armv6m-ti-none-eabi\c\</path>
         <kind>archive</kind>
         <file>libsysbm.a</file>
         <name>hostclose.c.obj</name>
      </input_file>
      <input_file id="fl-101">
         <path>C:\TI\ti_cgt_arm_llvm_4.0.2.LTS\lib\armv6m-ti-none-eabi\c\</path>
         <kind>archive</kind>
         <file>libsysbm.a</file>
         <name>hostlseek.c.obj</name>
      </input_file>
      <input_file id="fl-102">
         <path>C:\TI\ti_cgt_arm_llvm_4.0.2.LTS\lib\armv6m-ti-none-eabi\c\</path>
         <kind>archive</kind>
         <file>libsysbm.a</file>
         <name>hostopen.c.obj</name>
      </input_file>
      <input_file id="fl-103">
         <path>C:\TI\ti_cgt_arm_llvm_4.0.2.LTS\lib\armv6m-ti-none-eabi\c\</path>
         <kind>archive</kind>
         <file>libsysbm.a</file>
         <name>hostread.c.obj</name>
      </input_file>
      <input_file id="fl-104">
         <path>C:\TI\ti_cgt_arm_llvm_4.0.2.LTS\lib\armv6m-ti-none-eabi\c\</path>
         <kind>archive</kind>
         <file>libsysbm.a</file>
         <name>hostrename.c.obj</name>
      </input_file>
      <input_file id="fl-105">
         <path>C:\TI\ti_cgt_arm_llvm_4.0.2.LTS\lib\armv6m-ti-none-eabi\c\</path>
         <kind>archive</kind>
         <file>libsysbm.a</file>
         <name>hostunlink.c.obj</name>
      </input_file>
      <input_file id="fl-106">
         <path>C:\TI\ti_cgt_arm_llvm_4.0.2.LTS\lib\armv6m-ti-none-eabi\c\</path>
         <kind>archive</kind>
         <file>libsysbm.a</file>
         <name>hostwrite.c.obj</name>
      </input_file>
      <input_file id="fl-107">
         <path>C:\TI\ti_cgt_arm_llvm_4.0.2.LTS\lib\armv6m-ti-none-eabi\c\</path>
         <kind>archive</kind>
         <file>libsysbm.a</file>
         <name>trgmsg.c.obj</name>
      </input_file>
      <input_file id="fl-108">
         <path>C:\TI\ti_cgt_arm_llvm_4.0.2.LTS\lib\armv6m-ti-none-eabi\</path>
         <kind>archive</kind>
         <file>libclang_rt.builtins.a</file>
         <name>addsf3.S.obj</name>
      </input_file>
      <input_file id="fl-109">
         <path>C:\TI\ti_cgt_arm_llvm_4.0.2.LTS\lib\armv6m-ti-none-eabi\</path>
         <kind>archive</kind>
         <file>libclang_rt.builtins.a</file>
         <name>adddf3.S.obj</name>
      </input_file>
      <input_file id="fl-10a">
         <path>C:\TI\ti_cgt_arm_llvm_4.0.2.LTS\lib\armv6m-ti-none-eabi\</path>
         <kind>archive</kind>
         <file>libclang_rt.builtins.a</file>
         <name>muldf3.S.obj</name>
      </input_file>
      <input_file id="fl-10b">
         <path>C:\TI\ti_cgt_arm_llvm_4.0.2.LTS\lib\armv6m-ti-none-eabi\</path>
         <kind>archive</kind>
         <file>libclang_rt.builtins.a</file>
         <name>muldsi3.S.obj</name>
      </input_file>
      <input_file id="fl-10c">
         <path>C:\TI\ti_cgt_arm_llvm_4.0.2.LTS\lib\armv6m-ti-none-eabi\</path>
         <kind>archive</kind>
         <file>libclang_rt.builtins.a</file>
         <name>mulsf3.S.obj</name>
      </input_file>
      <input_file id="fl-10d">
         <path>C:\TI\ti_cgt_arm_llvm_4.0.2.LTS\lib\armv6m-ti-none-eabi\</path>
         <kind>archive</kind>
         <file>libclang_rt.builtins.a</file>
         <name>divsf3.S.obj</name>
      </input_file>
      <input_file id="fl-10e">
         <path>C:\TI\ti_cgt_arm_llvm_4.0.2.LTS\lib\armv6m-ti-none-eabi\</path>
         <kind>archive</kind>
         <file>libclang_rt.builtins.a</file>
         <name>divdf3.S.obj</name>
      </input_file>
      <input_file id="fl-10f">
         <path>C:\TI\ti_cgt_arm_llvm_4.0.2.LTS\lib\armv6m-ti-none-eabi\</path>
         <kind>archive</kind>
         <file>libclang_rt.builtins.a</file>
         <name>extendsfdf2.S.obj</name>
      </input_file>
      <input_file id="fl-110">
         <path>C:\TI\ti_cgt_arm_llvm_4.0.2.LTS\lib\armv6m-ti-none-eabi\</path>
         <kind>archive</kind>
         <file>libclang_rt.builtins.a</file>
         <name>fixdfsi.S.obj</name>
      </input_file>
      <input_file id="fl-111">
         <path>C:\TI\ti_cgt_arm_llvm_4.0.2.LTS\lib\armv6m-ti-none-eabi\</path>
         <kind>archive</kind>
         <file>libclang_rt.builtins.a</file>
         <name>fixsfsi.S.obj</name>
      </input_file>
      <input_file id="fl-112">
         <path>C:\TI\ti_cgt_arm_llvm_4.0.2.LTS\lib\armv6m-ti-none-eabi\</path>
         <kind>archive</kind>
         <file>libclang_rt.builtins.a</file>
         <name>fixunssfsi.S.obj</name>
      </input_file>
      <input_file id="fl-113">
         <path>C:\TI\ti_cgt_arm_llvm_4.0.2.LTS\lib\armv6m-ti-none-eabi\</path>
         <kind>archive</kind>
         <file>libclang_rt.builtins.a</file>
         <name>floatsidf.S.obj</name>
      </input_file>
      <input_file id="fl-114">
         <path>C:\TI\ti_cgt_arm_llvm_4.0.2.LTS\lib\armv6m-ti-none-eabi\</path>
         <kind>archive</kind>
         <file>libclang_rt.builtins.a</file>
         <name>floatsisf.S.obj</name>
      </input_file>
      <input_file id="fl-115">
         <path>C:\TI\ti_cgt_arm_llvm_4.0.2.LTS\lib\armv6m-ti-none-eabi\</path>
         <kind>archive</kind>
         <file>libclang_rt.builtins.a</file>
         <name>floatunsisf.S.obj</name>
      </input_file>
      <input_file id="fl-116">
         <path>C:\TI\ti_cgt_arm_llvm_4.0.2.LTS\lib\armv6m-ti-none-eabi\</path>
         <kind>archive</kind>
         <file>libclang_rt.builtins.a</file>
         <name>muldi3.S.obj</name>
      </input_file>
      <input_file id="fl-117">
         <path>C:\TI\ti_cgt_arm_llvm_4.0.2.LTS\lib\armv6m-ti-none-eabi\</path>
         <kind>archive</kind>
         <file>libclang_rt.builtins.a</file>
         <name>truncdfsf2.S.obj</name>
      </input_file>
      <input_file id="fl-118">
         <path>C:\TI\ti_cgt_arm_llvm_4.0.2.LTS\lib\armv6m-ti-none-eabi\</path>
         <kind>archive</kind>
         <file>libclang_rt.builtins.a</file>
         <name>aeabi_dcmp.S.obj</name>
      </input_file>
      <input_file id="fl-119">
         <path>C:\TI\ti_cgt_arm_llvm_4.0.2.LTS\lib\armv6m-ti-none-eabi\</path>
         <kind>archive</kind>
         <file>libclang_rt.builtins.a</file>
         <name>aeabi_fcmp.S.obj</name>
      </input_file>
      <input_file id="fl-11a">
         <path>C:\TI\ti_cgt_arm_llvm_4.0.2.LTS\lib\armv6m-ti-none-eabi\</path>
         <kind>archive</kind>
         <file>libclang_rt.builtins.a</file>
         <name>aeabi_idivmod.S.obj</name>
      </input_file>
      <input_file id="fl-11b">
         <path>C:\TI\ti_cgt_arm_llvm_4.0.2.LTS\lib\armv6m-ti-none-eabi\</path>
         <kind>archive</kind>
         <file>libclang_rt.builtins.a</file>
         <name>aeabi_memcpy.S.obj</name>
      </input_file>
      <input_file id="fl-11c">
         <path>C:\TI\ti_cgt_arm_llvm_4.0.2.LTS\lib\armv6m-ti-none-eabi\</path>
         <kind>archive</kind>
         <file>libclang_rt.builtins.a</file>
         <name>aeabi_memset.S.obj</name>
      </input_file>
      <input_file id="fl-11d">
         <path>C:\TI\ti_cgt_arm_llvm_4.0.2.LTS\lib\armv6m-ti-none-eabi\</path>
         <kind>archive</kind>
         <file>libclang_rt.builtins.a</file>
         <name>aeabi_uidivmod.S.obj</name>
      </input_file>
      <input_file id="fl-11e">
         <path>C:\TI\ti_cgt_arm_llvm_4.0.2.LTS\lib\armv6m-ti-none-eabi\</path>
         <kind>archive</kind>
         <file>libclang_rt.builtins.a</file>
         <name>aeabi_uldivmod.S.obj</name>
      </input_file>
      <input_file id="fl-11f">
         <path>C:\TI\ti_cgt_arm_llvm_4.0.2.LTS\lib\armv6m-ti-none-eabi\</path>
         <kind>archive</kind>
         <file>libclang_rt.builtins.a</file>
         <name>comparesf2.S.obj</name>
      </input_file>
      <input_file id="fl-120">
         <path>C:\TI\ti_cgt_arm_llvm_4.0.2.LTS\lib\armv6m-ti-none-eabi\</path>
         <kind>archive</kind>
         <file>libclang_rt.builtins.a</file>
         <name>udivmoddi4.S.obj</name>
      </input_file>
      <input_file id="fl-121">
         <path>C:\TI\ti_cgt_arm_llvm_4.0.2.LTS\lib\armv6m-ti-none-eabi\</path>
         <kind>archive</kind>
         <file>libclang_rt.builtins.a</file>
         <name>ashldi3.S.obj</name>
      </input_file>
      <input_file id="fl-122">
         <path>C:\TI\ti_cgt_arm_llvm_4.0.2.LTS\lib\armv6m-ti-none-eabi\</path>
         <kind>archive</kind>
         <file>libclang_rt.builtins.a</file>
         <name>comparedf2.c.obj</name>
      </input_file>
      <input_file id="fl-123">
         <path>C:\TI\ti_cgt_arm_llvm_4.0.2.LTS\lib\armv6m-ti-none-eabi\</path>
         <kind>archive</kind>
         <file>libclang_rt.builtins.a</file>
         <name>aeabi_div0.c.obj</name>
      </input_file>
      <input_file id="fl-124">
         <path>C:\TI\ti_cgt_arm_llvm_4.0.2.LTS\lib\armv6m-ti-none-eabi\c\</path>
         <kind>archive</kind>
         <file>libc.a</file>
         <name>getdevice.c.obj</name>
      </input_file>
      <input_file id="fl-125">
         <path>C:\TI\ti_cgt_arm_llvm_4.0.2.LTS\lib\armv6m-ti-none-eabi\c\</path>
         <kind>archive</kind>
         <file>libc.a</file>
         <name>memcpy16.S.obj</name>
      </input_file>
      <input_file id="fl-126">
         <path>C:\TI\ti_cgt_arm_llvm_4.0.2.LTS\lib\armv6m-ti-none-eabi\c\</path>
         <kind>archive</kind>
         <file>libc.a</file>
         <name>memset16.S.obj</name>
      </input_file>
      <input_file id="fl-127">
         <path>C:\TI\ti_cgt_arm_llvm_4.0.2.LTS\lib\armv6m-ti-none-eabi\c\</path>
         <kind>archive</kind>
         <file>libc.a</file>
         <name>strcmp-armv6m.S.obj</name>
      </input_file>
   </input_file_list>
   <object_component_list>
      <object_component id="oc-18">
         <name>.intvecs</name>
         <load_address>0x0</load_address>
         <readonly>true</readonly>
         <run_address>0x0</run_address>
         <size>0xc0</size>
         <alignment>0x4</alignment>
         <input_file_ref idref="fl-5"/>
      </object_component>
      <object_component id="oc-12c">
         <name>.text.OLED_Init</name>
         <load_address>0xc0</load_address>
         <readonly>true</readonly>
         <executable>true</executable>
         <run_address>0xc0</run_address>
         <size>0xb8c</size>
         <alignment>0x4</alignment>
         <input_file_ref idref="fl-9"/>
      </object_component>
      <object_component id="oc-19b">
         <name>.text.OLED_Clear</name>
         <load_address>0xc4c</load_address>
         <readonly>true</readonly>
         <executable>true</executable>
         <run_address>0xc4c</run_address>
         <size>0xa90</size>
         <alignment>0x4</alignment>
         <input_file_ref idref="fl-9"/>
      </object_component>
      <object_component id="oc-7b">
         <name>.text.main</name>
         <load_address>0x16dc</load_address>
         <readonly>true</readonly>
         <executable>true</executable>
         <run_address>0x16dc</run_address>
         <size>0x76c</size>
         <alignment>0x4</alignment>
         <input_file_ref idref="fl-3"/>
      </object_component>
      <object_component id="oc-bf">
         <name>.text.track_scan</name>
         <load_address>0x1e48</load_address>
         <readonly>true</readonly>
         <executable>true</executable>
         <run_address>0x1e48</run_address>
         <size>0x6f0</size>
         <alignment>0x4</alignment>
         <input_file_ref idref="fl-a"/>
      </object_component>
      <object_component id="oc-ce">
         <name>.text.OLED_ShowNum</name>
         <load_address>0x2538</load_address>
         <readonly>true</readonly>
         <executable>true</executable>
         <run_address>0x2538</run_address>
         <size>0x3aa</size>
         <alignment>0x2</alignment>
         <input_file_ref idref="fl-9"/>
      </object_component>
      <object_component id="oc-33">
         <name>.text.Default_Handler</name>
         <load_address>0x28e2</load_address>
         <readonly>true</readonly>
         <executable>true</executable>
         <run_address>0x28e2</run_address>
         <size>0x2</size>
         <alignment>0x2</alignment>
         <input_file_ref idref="fl-5"/>
      </object_component>
      <object_component id="oc-133">
         <name>.text.OLED_WR_Byte</name>
         <load_address>0x28e4</load_address>
         <readonly>true</readonly>
         <executable>true</executable>
         <run_address>0x28e4</run_address>
         <size>0x394</size>
         <alignment>0x4</alignment>
         <input_file_ref idref="fl-9"/>
      </object_component>
      <object_component id="oc-19a">
         <name>.text.OLED_Refresh</name>
         <load_address>0x2c78</load_address>
         <readonly>true</readonly>
         <executable>true</executable>
         <run_address>0x2c78</run_address>
         <size>0x340</size>
         <alignment>0x4</alignment>
         <input_file_ref idref="fl-9"/>
      </object_component>
      <object_component id="oc-cf">
         <name>.text.OLED_ShowChar</name>
         <load_address>0x2fb8</load_address>
         <readonly>true</readonly>
         <executable>true</executable>
         <run_address>0x2fb8</run_address>
         <size>0x280</size>
         <alignment>0x4</alignment>
         <input_file_ref idref="fl-9"/>
      </object_component>
      <object_component id="oc-c5">
         <name>.text.track_control</name>
         <load_address>0x3238</load_address>
         <readonly>true</readonly>
         <executable>true</executable>
         <run_address>0x3238</run_address>
         <size>0x1b8</size>
         <alignment>0x4</alignment>
         <input_file_ref idref="fl-a"/>
      </object_component>
      <object_component id="oc-111">
         <name>.text.SYSCFG_DL_GPIO_init</name>
         <load_address>0x33f0</load_address>
         <readonly>true</readonly>
         <executable>true</executable>
         <run_address>0x33f0</run_address>
         <size>0x150</size>
         <alignment>0x4</alignment>
         <input_file_ref idref="fl-4"/>
      </object_component>
      <object_component id="oc-20b">
         <name>.text.aligned_alloc</name>
         <load_address>0x3540</load_address>
         <readonly>true</readonly>
         <executable>true</executable>
         <run_address>0x3540</run_address>
         <size>0x114</size>
         <alignment>0x4</alignment>
         <input_file_ref idref="fl-42"/>
      </object_component>
      <object_component id="oc-17c">
         <name>.text.DL_Timer_initFourCCPWMMode</name>
         <load_address>0x3654</load_address>
         <readonly>true</readonly>
         <executable>true</executable>
         <run_address>0x3654</run_address>
         <size>0x104</size>
         <alignment>0x4</alignment>
         <input_file_ref idref="fl-1d"/>
      </object_component>
      <object_component id="oc-181">
         <name>.text.DL_Timer_initTimerMode</name>
         <load_address>0x3758</load_address>
         <readonly>true</readonly>
         <executable>true</executable>
         <run_address>0x3758</run_address>
         <size>0xfc</size>
         <alignment>0x4</alignment>
         <input_file_ref idref="fl-1d"/>
      </object_component>
      <object_component id="oc-194">
         <name>.text.fputs</name>
         <load_address>0x3854</load_address>
         <readonly>true</readonly>
         <executable>true</executable>
         <run_address>0x3854</run_address>
         <size>0xf8</size>
         <alignment>0x4</alignment>
         <input_file_ref idref="fl-39"/>
      </object_component>
      <object_component id="oc-1ed">
         <name>.text.free</name>
         <load_address>0x394c</load_address>
         <readonly>true</readonly>
         <executable>true</executable>
         <run_address>0x394c</run_address>
         <size>0xe8</size>
         <alignment>0x4</alignment>
         <input_file_ref idref="fl-42"/>
      </object_component>
      <object_component id="oc-1dd">
         <name>.text.setvbuf</name>
         <load_address>0x3a34</load_address>
         <readonly>true</readonly>
         <executable>true</executable>
         <run_address>0x3a34</run_address>
         <size>0xe0</size>
         <alignment>0x4</alignment>
         <input_file_ref idref="fl-3b"/>
      </object_component>
      <object_component id="oc-12e">
         <name>.text.OLED_UpdateMenu</name>
         <load_address>0x3b14</load_address>
         <readonly>true</readonly>
         <executable>true</executable>
         <run_address>0x3b14</run_address>
         <size>0xdc</size>
         <alignment>0x4</alignment>
         <input_file_ref idref="fl-c"/>
      </object_component>
      <object_component id="oc-e1">
         <name>.text</name>
         <load_address>0x3bf0</load_address>
         <readonly>true</readonly>
         <executable>true</executable>
         <run_address>0x3bf0</run_address>
         <size>0xd8</size>
         <alignment>0x4</alignment>
         <input_file_ref idref="fl-108"/>
      </object_component>
      <object_component id="oc-be">
         <name>.text.OLED_UpdateModeLines</name>
         <load_address>0x3cc8</load_address>
         <readonly>true</readonly>
         <executable>true</executable>
         <run_address>0x3cc8</run_address>
         <size>0xc8</size>
         <alignment>0x4</alignment>
         <input_file_ref idref="fl-c"/>
      </object_component>
      <object_component id="oc-ba">
         <name>.text.Key_Scan</name>
         <load_address>0x3d90</load_address>
         <readonly>true</readonly>
         <executable>true</executable>
         <run_address>0x3d90</run_address>
         <size>0xb8</size>
         <alignment>0x4</alignment>
         <input_file_ref idref="fl-b"/>
      </object_component>
      <object_component id="oc-90">
         <name>.text:memcpy</name>
         <load_address>0x3e48</load_address>
         <readonly>true</readonly>
         <executable>true</executable>
         <run_address>0x3e48</run_address>
         <size>0x9a</size>
         <alignment>0x1</alignment>
         <input_file_ref idref="fl-125"/>
      </object_component>
      <object_component id="oc-159">
         <name>.text.__aeabi_idiv0</name>
         <load_address>0x3ee2</load_address>
         <readonly>true</readonly>
         <executable>true</executable>
         <run_address>0x3ee2</run_address>
         <size>0x2</size>
         <alignment>0x2</alignment>
         <input_file_ref idref="fl-123"/>
      </object_component>
      <object_component id="oc-39">
         <name>.text.GROUP1_IRQHandler</name>
         <load_address>0x3ee4</load_address>
         <readonly>true</readonly>
         <executable>true</executable>
         <run_address>0x3ee4</run_address>
         <size>0x94</size>
         <alignment>0x4</alignment>
         <input_file_ref idref="fl-7"/>
      </object_component>
      <object_component id="oc-114">
         <name>.text.SYSCFG_DL_PWM_MOTOR_init</name>
         <load_address>0x3f78</load_address>
         <readonly>true</readonly>
         <executable>true</executable>
         <run_address>0x3f78</run_address>
         <size>0x94</size>
         <alignment>0x4</alignment>
         <input_file_ref idref="fl-4"/>
      </object_component>
      <object_component id="oc-b3">
         <name>.text.OLED_ShowString</name>
         <load_address>0x400c</load_address>
         <readonly>true</readonly>
         <executable>true</executable>
         <run_address>0x400c</run_address>
         <size>0x8c</size>
         <alignment>0x2</alignment>
         <input_file_ref idref="fl-9"/>
      </object_component>
      <object_component id="oc-141">
         <name>.text.__mulsf3</name>
         <load_address>0x4098</load_address>
         <readonly>true</readonly>
         <executable>true</executable>
         <run_address>0x4098</run_address>
         <size>0x8c</size>
         <alignment>0x4</alignment>
         <input_file_ref idref="fl-10c"/>
      </object_component>
      <object_component id="oc-150">
         <name>.text.turn_left</name>
         <load_address>0x4124</load_address>
         <readonly>true</readonly>
         <executable>true</executable>
         <run_address>0x4124</run_address>
         <size>0x8c</size>
         <alignment>0x4</alignment>
         <input_file_ref idref="fl-a"/>
      </object_component>
      <object_component id="oc-b9">
         <name>.text.OLED_RefreshRegion</name>
         <load_address>0x41b0</load_address>
         <readonly>true</readonly>
         <executable>true</executable>
         <run_address>0x41b0</run_address>
         <size>0x88</size>
         <alignment>0x4</alignment>
         <input_file_ref idref="fl-9"/>
      </object_component>
      <object_component id="oc-4b">
         <name>.text.__aeabi_memcpy</name>
         <load_address>0x4238</load_address>
         <readonly>true</readonly>
         <executable>true</executable>
         <run_address>0x4238</run_address>
         <size>0x8</size>
         <alignment>0x4</alignment>
         <input_file_ref idref="fl-11b"/>
      </object_component>
      <object_component id="oc-27b">
         <name>.text:strcmp</name>
         <load_address>0x4240</load_address>
         <readonly>true</readonly>
         <executable>true</executable>
         <run_address>0x4240</run_address>
         <size>0x88</size>
         <alignment>0x10</alignment>
         <input_file_ref idref="fl-127"/>
      </object_component>
      <object_component id="oc-20c">
         <name>.text.__TI_closefile</name>
         <load_address>0x42c8</load_address>
         <readonly>true</readonly>
         <executable>true</executable>
         <run_address>0x42c8</run_address>
         <size>0x7c</size>
         <alignment>0x4</alignment>
         <input_file_ref idref="fl-51"/>
      </object_component>
      <object_component id="oc-1c">
         <name>.text:decompress:lzss</name>
         <load_address>0x4344</load_address>
         <readonly>true</readonly>
         <executable>true</executable>
         <run_address>0x4344</run_address>
         <size>0x7c</size>
         <alignment>0x4</alignment>
         <input_file_ref idref="fl-4a"/>
      </object_component>
      <object_component id="oc-225">
         <name>.text.HOSTlseek</name>
         <load_address>0x43c0</load_address>
         <readonly>true</readonly>
         <executable>true</executable>
         <run_address>0x43c0</run_address>
         <size>0x6c</size>
         <alignment>0x4</alignment>
         <input_file_ref idref="fl-101"/>
      </object_component>
      <object_component id="oc-22d">
         <name>.text.HOSTrename</name>
         <load_address>0x442c</load_address>
         <readonly>true</readonly>
         <executable>true</executable>
         <run_address>0x442c</run_address>
         <size>0x6c</size>
         <alignment>0x4</alignment>
         <input_file_ref idref="fl-104"/>
      </object_component>
      <object_component id="oc-1ea">
         <name>.text.fseeko</name>
         <load_address>0x4498</load_address>
         <readonly>true</readonly>
         <executable>true</executable>
         <run_address>0x4498</run_address>
         <size>0x6c</size>
         <alignment>0x4</alignment>
         <input_file_ref idref="fl-4e"/>
      </object_component>
      <object_component id="oc-26f">
         <name>.text.getdevice</name>
         <load_address>0x4504</load_address>
         <readonly>true</readonly>
         <executable>true</executable>
         <run_address>0x4504</run_address>
         <size>0x6c</size>
         <alignment>0x4</alignment>
         <input_file_ref idref="fl-124"/>
      </object_component>
      <object_component id="oc-1c3">
         <name>.text.__TI_wrt_ok</name>
         <load_address>0x4570</load_address>
         <readonly>true</readonly>
         <executable>true</executable>
         <run_address>0x4570</run_address>
         <size>0x64</size>
         <alignment>0x2</alignment>
         <input_file_ref idref="fl-3a"/>
      </object_component>
      <object_component id="oc-237">
         <name>.text.split</name>
         <load_address>0x45d4</load_address>
         <readonly>true</readonly>
         <executable>true</executable>
         <run_address>0x45d4</run_address>
         <size>0x64</size>
         <alignment>0x4</alignment>
         <input_file_ref idref="fl-42"/>
      </object_component>
      <object_component id="oc-c1">
         <name>.text.__aeabi_fcmp</name>
         <load_address>0x4638</load_address>
         <readonly>true</readonly>
         <executable>true</executable>
         <run_address>0x4638</run_address>
         <size>0x62</size>
         <alignment>0x4</alignment>
         <input_file_ref idref="fl-119"/>
      </object_component>
      <object_component id="oc-10f">
         <name>.text:memset</name>
         <load_address>0x469a</load_address>
         <readonly>true</readonly>
         <executable>true</executable>
         <run_address>0x469a</run_address>
         <size>0x62</size>
         <alignment>0x1</alignment>
         <input_file_ref idref="fl-126"/>
      </object_component>
      <object_component id="oc-215">
         <name>.text.HOSTopen</name>
         <load_address>0x46fc</load_address>
         <readonly>true</readonly>
         <executable>true</executable>
         <run_address>0x46fc</run_address>
         <size>0x60</size>
         <alignment>0x4</alignment>
         <input_file_ref idref="fl-102"/>
      </object_component>
      <object_component id="oc-117">
         <name>.text.SYSCFG_DL_UART_0_DEBUG_init</name>
         <load_address>0x475c</load_address>
         <readonly>true</readonly>
         <executable>true</executable>
         <run_address>0x475c</run_address>
         <size>0x60</size>
         <alignment>0x4</alignment>
         <input_file_ref idref="fl-4"/>
      </object_component>
      <object_component id="oc-21d">
         <name>.text.HOSTread</name>
         <load_address>0x47bc</load_address>
         <readonly>true</readonly>
         <executable>true</executable>
         <run_address>0x47bc</run_address>
         <size>0x58</size>
         <alignment>0x4</alignment>
         <input_file_ref idref="fl-103"/>
      </object_component>
      <object_component id="oc-221">
         <name>.text.HOSTwrite</name>
         <load_address>0x4814</load_address>
         <readonly>true</readonly>
         <executable>true</executable>
         <run_address>0x4814</run_address>
         <size>0x58</size>
         <alignment>0x4</alignment>
         <input_file_ref idref="fl-106"/>
      </object_component>
      <object_component id="oc-ca">
         <name>.text.__aeabi_idivmod</name>
         <load_address>0x486c</load_address>
         <readonly>true</readonly>
         <executable>true</executable>
         <run_address>0x486c</run_address>
         <size>0x56</size>
         <alignment>0x4</alignment>
         <input_file_ref idref="fl-11a"/>
      </object_component>
      <object_component id="oc-1b3">
         <name>.text._nop</name>
         <load_address>0x48c2</load_address>
         <readonly>true</readonly>
         <executable>true</executable>
         <run_address>0x48c2</run_address>
         <size>0x2</size>
         <alignment>0x2</alignment>
         <input_file_ref idref="fl-3f"/>
      </object_component>
      <object_component id="oc-116">
         <name>.text.SYSCFG_DL_I2C_MPU6050_init</name>
         <load_address>0x48c4</load_address>
         <readonly>true</readonly>
         <executable>true</executable>
         <run_address>0x48c4</run_address>
         <size>0x54</size>
         <alignment>0x4</alignment>
         <input_file_ref idref="fl-4"/>
      </object_component>
      <object_component id="oc-110">
         <name>.text.SYSCFG_DL_initPower</name>
         <load_address>0x4918</load_address>
         <readonly>true</readonly>
         <executable>true</executable>
         <run_address>0x4918</run_address>
         <size>0x54</size>
         <alignment>0x4</alignment>
         <input_file_ref idref="fl-4"/>
      </object_component>
      <object_component id="oc-1cd">
         <name>.text.__TI_doflush</name>
         <load_address>0x496c</load_address>
         <readonly>true</readonly>
         <executable>true</executable>
         <run_address>0x496c</run_address>
         <size>0x52</size>
         <alignment>0x2</alignment>
         <input_file_ref idref="fl-4c"/>
      </object_component>
      <object_component id="oc-239">
         <name>.text.close</name>
         <load_address>0x49c0</load_address>
         <readonly>true</readonly>
         <executable>true</executable>
         <run_address>0x49c0</run_address>
         <size>0x50</size>
         <alignment>0x4</alignment>
         <input_file_ref idref="fl-fe"/>
      </object_component>
      <object_component id="oc-115">
         <name>.text.SYSCFG_DL_TIMER_0_init</name>
         <load_address>0x4a10</load_address>
         <readonly>true</readonly>
         <executable>true</executable>
         <run_address>0x4a10</run_address>
         <size>0x4c</size>
         <alignment>0x4</alignment>
         <input_file_ref idref="fl-4"/>
      </object_component>
      <object_component id="oc-3f">
         <name>.text.TIMG0_IRQHandler</name>
         <load_address>0x4a5c</load_address>
         <readonly>true</readonly>
         <executable>true</executable>
         <run_address>0x4a5c</run_address>
         <size>0x4c</size>
         <alignment>0x4</alignment>
         <input_file_ref idref="fl-7"/>
      </object_component>
      <object_component id="oc-191">
         <name>.text.DL_UART_init</name>
         <load_address>0x4aa8</load_address>
         <readonly>true</readonly>
         <executable>true</executable>
         <run_address>0x4aa8</run_address>
         <size>0x48</size>
         <alignment>0x4</alignment>
         <input_file_ref idref="fl-1e"/>
      </object_component>
      <object_component id="oc-219">
         <name>.text.HOSTclose</name>
         <load_address>0x4af0</load_address>
         <readonly>true</readonly>
         <executable>true</executable>
         <run_address>0x4af0</run_address>
         <size>0x48</size>
         <alignment>0x4</alignment>
         <input_file_ref idref="fl-100"/>
      </object_component>
      <object_component id="oc-229">
         <name>.text.HOSTunlink</name>
         <load_address>0x4b38</load_address>
         <readonly>true</readonly>
         <executable>true</executable>
         <run_address>0x4b38</run_address>
         <size>0x48</size>
         <alignment>0x4</alignment>
         <input_file_ref idref="fl-105"/>
      </object_component>
      <object_component id="oc-e0">
         <name>.text.motor_stop</name>
         <load_address>0x4b80</load_address>
         <readonly>true</readonly>
         <executable>true</executable>
         <run_address>0x4b80</run_address>
         <size>0x44</size>
         <alignment>0x4</alignment>
         <input_file_ref idref="fl-6"/>
      </object_component>
      <object_component id="oc-112">
         <name>.text.SYSCFG_DL_SYSCTL_init</name>
         <load_address>0x4bc4</load_address>
         <readonly>true</readonly>
         <executable>true</executable>
         <run_address>0x4bc4</run_address>
         <size>0x40</size>
         <alignment>0x4</alignment>
         <input_file_ref idref="fl-4"/>
      </object_component>
      <object_component id="oc-c6">
         <name>.text.__aeabi_uidivmod</name>
         <load_address>0x4c04</load_address>
         <readonly>true</readonly>
         <executable>true</executable>
         <run_address>0x4c04</run_address>
         <size>0x40</size>
         <alignment>0x4</alignment>
         <input_file_ref idref="fl-11d"/>
      </object_component>
      <object_component id="oc-14f">
         <name>.text.delay_ms</name>
         <load_address>0x4c44</load_address>
         <readonly>true</readonly>
         <executable>true</executable>
         <run_address>0x4c44</run_address>
         <size>0x40</size>
         <alignment>0x4</alignment>
         <input_file_ref idref="fl-2"/>
      </object_component>
      <object_component id="oc-13f">
         <name>.text.__gtsf2</name>
         <load_address>0x4c84</load_address>
         <readonly>true</readonly>
         <executable>true</executable>
         <run_address>0x4c84</run_address>
         <size>0x3c</size>
         <alignment>0x4</alignment>
         <input_file_ref idref="fl-11f"/>
      </object_component>
      <object_component id="oc-1a3">
         <name>.text.delay_us</name>
         <load_address>0x4cc0</load_address>
         <readonly>true</readonly>
         <executable>true</executable>
         <run_address>0x4cc0</run_address>
         <size>0x3c</size>
         <alignment>0x4</alignment>
         <input_file_ref idref="fl-2"/>
      </object_component>
      <object_component id="oc-f7">
         <name>.text:__TI_auto_init_nobinit_nopinit</name>
         <load_address>0x4cfc</load_address>
         <readonly>true</readonly>
         <executable>true</executable>
         <run_address>0x4cfc</run_address>
         <size>0x3c</size>
         <alignment>0x4</alignment>
         <input_file_ref idref="fl-45"/>
      </object_component>
      <object_component id="oc-13a">
         <name>.text.__eqsf2</name>
         <load_address>0x4d38</load_address>
         <readonly>true</readonly>
         <executable>true</executable>
         <run_address>0x4d38</run_address>
         <size>0x3a</size>
         <alignment>0x4</alignment>
         <input_file_ref idref="fl-11f"/>
      </object_component>
      <object_component id="oc-1a5">
         <name>.text.__muldsi3</name>
         <load_address>0x4d74</load_address>
         <readonly>true</readonly>
         <executable>true</executable>
         <run_address>0x4d74</run_address>
         <size>0x3a</size>
         <alignment>0x4</alignment>
         <input_file_ref idref="fl-10b"/>
      </object_component>
      <object_component id="oc-145">
         <name>.text.__fixsfsi</name>
         <load_address>0x4db0</load_address>
         <readonly>true</readonly>
         <executable>true</executable>
         <run_address>0x4db0</run_address>
         <size>0x38</size>
         <alignment>0x4</alignment>
         <input_file_ref idref="fl-111"/>
      </object_component>
      <object_component id="oc-1f4">
         <name>.text.__TI_cleanup</name>
         <load_address>0x4de8</load_address>
         <readonly>true</readonly>
         <executable>true</executable>
         <run_address>0x4de8</run_address>
         <size>0x34</size>
         <alignment>0x4</alignment>
         <input_file_ref idref="fl-4d"/>
      </object_component>
      <object_component id="oc-24a">
         <name>.text.__TI_readmsg</name>
         <load_address>0x4e1c</load_address>
         <readonly>true</readonly>
         <executable>true</executable>
         <run_address>0x4e1c</run_address>
         <size>0x34</size>
         <alignment>0x4</alignment>
         <input_file_ref idref="fl-107"/>
      </object_component>
      <object_component id="oc-244">
         <name>.text.__TI_writemsg</name>
         <load_address>0x4e50</load_address>
         <readonly>true</readonly>
         <executable>true</executable>
         <run_address>0x4e50</run_address>
         <size>0x34</size>
         <alignment>0x4</alignment>
         <input_file_ref idref="fl-107"/>
      </object_component>
      <object_component id="oc-f5">
         <name>.text.exit</name>
         <load_address>0x4e84</load_address>
         <readonly>true</readonly>
         <executable>true</executable>
         <run_address>0x4e84</run_address>
         <size>0x34</size>
         <alignment>0x4</alignment>
         <input_file_ref idref="fl-3e"/>
      </object_component>
      <object_component id="oc-278">
         <name>.text.finddevice</name>
         <load_address>0x4eb8</load_address>
         <readonly>true</readonly>
         <executable>true</executable>
         <run_address>0x4eb8</run_address>
         <size>0x34</size>
         <alignment>0x4</alignment>
         <input_file_ref idref="fl-124"/>
      </object_component>
      <object_component id="oc-e5">
         <name>.text.__fixunssfsi</name>
         <load_address>0x4eec</load_address>
         <readonly>true</readonly>
         <executable>true</executable>
         <run_address>0x4eec</run_address>
         <size>0x32</size>
         <alignment>0x4</alignment>
         <input_file_ref idref="fl-112"/>
      </object_component>
      <object_component id="oc-9c">
         <name>.text.Key_Init</name>
         <load_address>0x4f1e</load_address>
         <readonly>true</readonly>
         <executable>true</executable>
         <run_address>0x4f1e</run_address>
         <size>0x30</size>
         <alignment>0x2</alignment>
         <input_file_ref idref="fl-b"/>
      </object_component>
      <object_component id="oc-118">
         <name>.text.SYSCFG_DL_SYSTICK_init</name>
         <load_address>0x4f50</load_address>
         <readonly>true</readonly>
         <executable>true</executable>
         <run_address>0x4f50</run_address>
         <size>0x30</size>
         <alignment>0x4</alignment>
         <input_file_ref idref="fl-4"/>
      </object_component>
      <object_component id="oc-95">
         <name>.text.SYSCFG_DL_init</name>
         <load_address>0x4f80</load_address>
         <readonly>true</readonly>
         <executable>true</executable>
         <run_address>0x4f80</run_address>
         <size>0x30</size>
         <alignment>0x4</alignment>
         <input_file_ref idref="fl-4"/>
      </object_component>
      <object_component id="oc-265">
         <name>.text.unlink</name>
         <load_address>0x4fb0</load_address>
         <readonly>true</readonly>
         <executable>true</executable>
         <run_address>0x4fb0</run_address>
         <size>0x2c</size>
         <alignment>0x4</alignment>
         <input_file_ref idref="fl-ff"/>
      </object_component>
      <object_component id="oc-207">
         <name>.text.free_list_insert</name>
         <load_address>0x4fdc</load_address>
         <readonly>true</readonly>
         <executable>true</executable>
         <run_address>0x4fdc</run_address>
         <size>0x28</size>
         <alignment>0x4</alignment>
         <input_file_ref idref="fl-42"/>
      </object_component>
      <object_component id="oc-201">
         <name>.text.lseek</name>
         <load_address>0x5004</load_address>
         <readonly>true</readonly>
         <executable>true</executable>
         <run_address>0x5004</run_address>
         <size>0x28</size>
         <alignment>0x4</alignment>
         <input_file_ref idref="fl-fd"/>
      </object_component>
      <object_component id="oc-1c9">
         <name>.text.write</name>
         <load_address>0x502c</load_address>
         <readonly>true</readonly>
         <executable>true</executable>
         <run_address>0x502c</run_address>
         <size>0x28</size>
         <alignment>0x4</alignment>
         <input_file_ref idref="fl-f9"/>
      </object_component>
      <object_component id="oc-5b">
         <name>.text:_c_int00_noargs</name>
         <load_address>0x5054</load_address>
         <readonly>true</readonly>
         <executable>true</executable>
         <run_address>0x5054</run_address>
         <size>0x28</size>
         <alignment>0x4</alignment>
         <input_file_ref idref="fl-43"/>
      </object_component>
      <object_component id="oc-184">
         <name>.text.DL_I2C_setClockConfig</name>
         <load_address>0x507c</load_address>
         <readonly>true</readonly>
         <executable>true</executable>
         <run_address>0x507c</run_address>
         <size>0x26</size>
         <alignment>0x2</alignment>
         <input_file_ref idref="fl-1c"/>
      </object_component>
      <object_component id="oc-11c">
         <name>.text.puts</name>
         <load_address>0x50a4</load_address>
         <readonly>true</readonly>
         <executable>true</executable>
         <run_address>0x50a4</run_address>
         <size>0x24</size>
         <alignment>0x4</alignment>
         <input_file_ref idref="fl-39"/>
      </object_component>
      <object_component id="oc-a3">
         <name>.text.motor_init</name>
         <load_address>0x50c8</load_address>
         <readonly>true</readonly>
         <executable>true</executable>
         <run_address>0x50c8</run_address>
         <size>0x20</size>
         <alignment>0x4</alignment>
         <input_file_ref idref="fl-6"/>
      </object_component>
      <object_component id="oc-12d">
         <name>.text.OLED_DisPlay_On</name>
         <load_address>0x50e8</load_address>
         <readonly>true</readonly>
         <executable>true</executable>
         <run_address>0x50e8</run_address>
         <size>0x1e</size>
         <alignment>0x2</alignment>
         <input_file_ref idref="fl-9"/>
      </object_component>
      <object_component id="oc-17e">
         <name>.text.DL_Timer_setCaptCompUpdateMethod</name>
         <load_address>0x5108</load_address>
         <readonly>true</readonly>
         <executable>true</executable>
         <run_address>0x5108</run_address>
         <size>0x1c</size>
         <alignment>0x4</alignment>
         <input_file_ref idref="fl-1d"/>
      </object_component>
      <object_component id="oc-17b">
         <name>.text.DL_Timer_setClockConfig</name>
         <load_address>0x5124</load_address>
         <readonly>true</readonly>
         <executable>true</executable>
         <run_address>0x5124</run_address>
         <size>0x1c</size>
         <alignment>0x4</alignment>
         <input_file_ref idref="fl-1d"/>
      </object_component>
      <object_component id="oc-a2">
         <name>.text.Motor_Init</name>
         <load_address>0x5140</load_address>
         <readonly>true</readonly>
         <executable>true</executable>
         <run_address>0x5140</run_address>
         <size>0x1c</size>
         <alignment>0x4</alignment>
         <input_file_ref idref="fl-7"/>
      </object_component>
      <object_component id="oc-34">
         <name>.text.SysTick_Handler</name>
         <load_address>0x515c</load_address>
         <readonly>true</readonly>
         <executable>true</executable>
         <run_address>0x515c</run_address>
         <size>0x1c</size>
         <alignment>0x4</alignment>
         <input_file_ref idref="fl-3"/>
      </object_component>
      <object_component id="oc-205">
         <name>.text.free_list_remove</name>
         <load_address>0x5178</load_address>
         <readonly>true</readonly>
         <executable>true</executable>
         <run_address>0x5178</run_address>
         <size>0x1c</size>
         <alignment>0x4</alignment>
         <input_file_ref idref="fl-42"/>
      </object_component>
      <object_component id="oc-17d">
         <name>.text.DL_Timer_setCaptureCompareOutCtl</name>
         <load_address>0x5194</load_address>
         <readonly>true</readonly>
         <executable>true</executable>
         <run_address>0x5194</run_address>
         <size>0x18</size>
         <alignment>0x4</alignment>
         <input_file_ref idref="fl-1d"/>
      </object_component>
      <object_component id="oc-9a">
         <name>.text.board_init</name>
         <load_address>0x51ac</load_address>
         <readonly>true</readonly>
         <executable>true</executable>
         <run_address>0x51ac</run_address>
         <size>0x14</size>
         <alignment>0x4</alignment>
         <input_file_ref idref="fl-2"/>
      </object_component>
      <object_component id="oc-18b">
         <name>.text.DL_UART_setClockConfig</name>
         <load_address>0x51c0</load_address>
         <readonly>true</readonly>
         <executable>true</executable>
         <run_address>0x51c0</run_address>
         <size>0x12</size>
         <alignment>0x2</alignment>
         <input_file_ref idref="fl-1e"/>
      </object_component>
      <object_component id="oc-bb">
         <name>.text.Key_GetShortPress</name>
         <load_address>0x51d2</load_address>
         <readonly>true</readonly>
         <executable>true</executable>
         <run_address>0x51d2</run_address>
         <size>0x12</size>
         <alignment>0x2</alignment>
         <input_file_ref idref="fl-b"/>
      </object_component>
      <object_component id="oc-20">
         <name>.text:decompress:none</name>
         <load_address>0x51e4</load_address>
         <readonly>true</readonly>
         <executable>true</executable>
         <run_address>0x51e4</run_address>
         <size>0x12</size>
         <alignment>0x2</alignment>
         <input_file_ref idref="fl-49"/>
      </object_component>
      <object_component id="oc-149">
         <name>.text.DL_Timer_setCaptureCompareValue</name>
         <load_address>0x51f8</load_address>
         <readonly>true</readonly>
         <executable>true</executable>
         <run_address>0x51f8</run_address>
         <size>0x10</size>
         <alignment>0x4</alignment>
         <input_file_ref idref="fl-1d"/>
      </object_component>
      <object_component id="oc-ad">
         <name>.text.OLED_MenuInit</name>
         <load_address>0x5208</load_address>
         <readonly>true</readonly>
         <executable>true</executable>
         <run_address>0x5208</run_address>
         <size>0x10</size>
         <alignment>0x2</alignment>
         <input_file_ref idref="fl-c"/>
      </object_component>
      <object_component id="oc-a8">
         <name>.text.track_init</name>
         <load_address>0x5218</load_address>
         <readonly>true</readonly>
         <executable>true</executable>
         <run_address>0x5218</run_address>
         <size>0x10</size>
         <alignment>0x4</alignment>
         <input_file_ref idref="fl-a"/>
      </object_component>
      <object_component id="oc-58">
         <name>.text:decompress:ZI</name>
         <load_address>0x5228</load_address>
         <readonly>true</readonly>
         <executable>true</executable>
         <run_address>0x5228</run_address>
         <size>0x10</size>
         <alignment>0x2</alignment>
         <input_file_ref idref="fl-48"/>
      </object_component>
      <object_component id="oc-206">
         <name>.text.OUTLINED_FUNCTION_0</name>
         <load_address>0x5238</load_address>
         <readonly>true</readonly>
         <executable>true</executable>
         <run_address>0x5238</run_address>
         <size>0xe</size>
         <alignment>0x2</alignment>
         <input_file_ref idref="fl-42"/>
      </object_component>
      <object_component id="oc-25e">
         <name>.text.strcpy</name>
         <load_address>0x5246</load_address>
         <readonly>true</readonly>
         <executable>true</executable>
         <run_address>0x5246</run_address>
         <size>0xe</size>
         <alignment>0x2</alignment>
         <input_file_ref idref="fl-104"/>
      </object_component>
      <object_component id="oc-25f">
         <name>.text.strlen</name>
         <load_address>0x5254</load_address>
         <readonly>true</readonly>
         <executable>true</executable>
         <run_address>0x5254</run_address>
         <size>0xe</size>
         <alignment>0x2</alignment>
         <input_file_ref idref="fl-104"/>
      </object_component>
      <object_component id="oc-bc">
         <name>.text.Encoder_Get_TotalLeftPulses</name>
         <load_address>0x5264</load_address>
         <readonly>true</readonly>
         <executable>true</executable>
         <run_address>0x5264</run_address>
         <size>0xc</size>
         <alignment>0x4</alignment>
         <input_file_ref idref="fl-7"/>
      </object_component>
      <object_component id="oc-bd">
         <name>.text.Encoder_Get_TotalRightPulses</name>
         <load_address>0x5270</load_address>
         <readonly>true</readonly>
         <executable>true</executable>
         <run_address>0x5270</run_address>
         <size>0xc</size>
         <alignment>0x4</alignment>
         <input_file_ref idref="fl-7"/>
      </object_component>
      <object_component id="oc-72">
         <name>.text.__aeabi_memclr</name>
         <load_address>0x527c</load_address>
         <readonly>true</readonly>
         <executable>true</executable>
         <run_address>0x527c</run_address>
         <size>0xc</size>
         <alignment>0x4</alignment>
         <input_file_ref idref="fl-11c"/>
      </object_component>
      <object_component id="oc-1f3">
         <name>.text.malloc</name>
         <load_address>0x5288</load_address>
         <readonly>true</readonly>
         <executable>true</executable>
         <run_address>0x5288</run_address>
         <size>0xc</size>
         <alignment>0x2</alignment>
         <input_file_ref idref="fl-42"/>
      </object_component>
      <object_component id="oc-177">
         <name>.text.DL_Common_delayCycles</name>
         <load_address>0x5294</load_address>
         <readonly>true</readonly>
         <executable>true</executable>
         <run_address>0x5294</run_address>
         <size>0xa</size>
         <alignment>0x2</alignment>
         <input_file_ref idref="fl-1b"/>
      </object_component>
      <object_component id="oc-1d7">
         <name>.text.fseek</name>
         <load_address>0x529e</load_address>
         <readonly>true</readonly>
         <executable>true</executable>
         <run_address>0x529e</run_address>
         <size>0x8</size>
         <alignment>0x2</alignment>
         <input_file_ref idref="fl-4e"/>
      </object_component>
      <object_component id="oc-23d">
         <name>.text.remove</name>
         <load_address>0x52a6</load_address>
         <readonly>true</readonly>
         <executable>true</executable>
         <run_address>0x52a6</run_address>
         <size>0x8</size>
         <alignment>0x2</alignment>
         <input_file_ref idref="fl-fb"/>
      </object_component>
      <object_component id="oc-f0">
         <name>.text:abort</name>
         <load_address>0x52ae</load_address>
         <readonly>true</readonly>
         <executable>true</executable>
         <run_address>0x52ae</run_address>
         <size>0x6</size>
         <alignment>0x2</alignment>
         <input_file_ref idref="fl-3e"/>
      </object_component>
      <object_component id="oc-166">
         <name>.text.HOSTexit</name>
         <load_address>0x52b4</load_address>
         <readonly>true</readonly>
         <executable>true</executable>
         <run_address>0x52b4</run_address>
         <size>0x4</size>
         <alignment>0x2</alignment>
         <input_file_ref idref="fl-f8"/>
      </object_component>
      <object_component id="oc-2f">
         <name>.text.Reset_Handler</name>
         <load_address>0x52b8</load_address>
         <readonly>true</readonly>
         <executable>true</executable>
         <run_address>0x52b8</run_address>
         <size>0x4</size>
         <alignment>0x2</alignment>
         <input_file_ref idref="fl-5"/>
      </object_component>
      <object_component id="oc-77">
         <name>.text._system_pre_init</name>
         <load_address>0x52bc</load_address>
         <readonly>true</readonly>
         <executable>true</executable>
         <run_address>0x52bc</run_address>
         <size>0x4</size>
         <alignment>0x2</alignment>
         <input_file_ref idref="fl-46"/>
      </object_component>
      <object_component id="oc-2c1">
         <name>.cinit..data.load</name>
         <load_address>0x6dc0</load_address>
         <readonly>true</readonly>
         <run_address>0x6dc0</run_address>
         <size>0x82</size>
         <alignment>0x1</alignment>
      </object_component>
      <object_component id="oc-2bf">
         <name>__TI_handler_table</name>
         <load_address>0x6e44</load_address>
         <readonly>true</readonly>
         <run_address>0x6e44</run_address>
         <size>0xc</size>
         <alignment>0x4</alignment>
      </object_component>
      <object_component id="oc-2c2">
         <name>.cinit..bss.load</name>
         <load_address>0x6e50</load_address>
         <readonly>true</readonly>
         <run_address>0x6e50</run_address>
         <size>0x8</size>
         <alignment>0x4</alignment>
      </object_component>
      <object_component id="oc-2c0">
         <name>__TI_cinit_table</name>
         <load_address>0x6e58</load_address>
         <readonly>true</readonly>
         <run_address>0x6e58</run_address>
         <size>0x10</size>
         <alignment>0x4</alignment>
      </object_component>
      <object_component id="oc-160">
         <name>.rodata.asc2_2412</name>
         <load_address>0x52c0</load_address>
         <readonly>true</readonly>
         <run_address>0x52c0</run_address>
         <size>0xd5c</size>
         <alignment>0x1</alignment>
         <input_file_ref idref="fl-9"/>
      </object_component>
      <object_component id="oc-161">
         <name>.rodata.asc2_1608</name>
         <load_address>0x601c</load_address>
         <readonly>true</readonly>
         <run_address>0x601c</run_address>
         <size>0x5f0</size>
         <alignment>0x1</alignment>
         <input_file_ref idref="fl-9"/>
      </object_component>
      <object_component id="oc-162">
         <name>.rodata.asc2_1206</name>
         <load_address>0x660c</load_address>
         <readonly>true</readonly>
         <run_address>0x660c</run_address>
         <size>0x474</size>
         <alignment>0x1</alignment>
         <input_file_ref idref="fl-9"/>
      </object_component>
      <object_component id="oc-163">
         <name>.rodata.asc2_0806</name>
         <load_address>0x6a80</load_address>
         <readonly>true</readonly>
         <run_address>0x6a80</run_address>
         <size>0x228</size>
         <alignment>0x1</alignment>
         <input_file_ref idref="fl-9"/>
      </object_component>
      <object_component id="oc-129">
         <name>.rodata.str1.10345953229348112430.1</name>
         <load_address>0x6ca8</load_address>
         <readonly>true</readonly>
         <run_address>0x6ca8</run_address>
         <size>0x20</size>
         <alignment>0x1</alignment>
         <input_file_ref idref="fl-a"/>
      </object_component>
      <object_component id="oc-125">
         <name>.rodata.str1.1039173440624831911.1</name>
         <load_address>0x6cc8</load_address>
         <readonly>true</readonly>
         <run_address>0x6cc8</run_address>
         <size>0x20</size>
         <alignment>0x1</alignment>
         <input_file_ref idref="fl-6"/>
      </object_component>
      <object_component id="oc-122">
         <name>.rodata.str1.14718688681574296754.1</name>
         <load_address>0x6ce8</load_address>
         <readonly>true</readonly>
         <run_address>0x6ce8</run_address>
         <size>0x1e</size>
         <alignment>0x1</alignment>
         <input_file_ref idref="fl-2"/>
      </object_component>
      <object_component id="oc-dd">
         <name>.rodata.str1.17669528882079347314.1</name>
         <load_address>0x6d06</load_address>
         <readonly>true</readonly>
         <run_address>0x6d06</run_address>
         <size>0x15</size>
         <alignment>0x1</alignment>
         <input_file_ref idref="fl-3"/>
      </object_component>
      <object_component id="oc-183">
         <name>.rodata.gTIMER_0TimerConfig</name>
         <load_address>0x6d1c</load_address>
         <readonly>true</readonly>
         <run_address>0x6d1c</run_address>
         <size>0x14</size>
         <alignment>0x4</alignment>
         <input_file_ref idref="fl-4"/>
      </object_component>
      <object_component id="oc-19c">
         <name>.rodata.str1.17235678497924125442.1</name>
         <load_address>0x6d30</load_address>
         <readonly>true</readonly>
         <run_address>0x6d30</run_address>
         <size>0x11</size>
         <alignment>0x1</alignment>
         <input_file_ref idref="fl-c"/>
      </object_component>
      <object_component id="oc-193">
         <name>.rodata.gUART_0_DEBUGConfig</name>
         <load_address>0x6d42</load_address>
         <readonly>true</readonly>
         <run_address>0x6d42</run_address>
         <size>0xa</size>
         <alignment>0x2</alignment>
         <input_file_ref idref="fl-4"/>
      </object_component>
      <object_component id="oc-1a0">
         <name>.rodata.str1.8734814381414266798.1</name>
         <load_address>0x6d4c</load_address>
         <readonly>true</readonly>
         <run_address>0x6d4c</run_address>
         <size>0xa</size>
         <alignment>0x1</alignment>
         <input_file_ref idref="fl-c"/>
      </object_component>
      <object_component id="oc-135">
         <name>.rodata.str1.1352949648220218429.1</name>
         <load_address>0x6d56</load_address>
         <readonly>true</readonly>
         <run_address>0x6d56</run_address>
         <size>0x9</size>
         <alignment>0x1</alignment>
         <input_file_ref idref="fl-c"/>
      </object_component>
      <object_component id="oc-eb">
         <name>.rodata.str1.16704889451495720520.1</name>
         <load_address>0x6d5f</load_address>
         <readonly>true</readonly>
         <run_address>0x6d5f</run_address>
         <size>0x9</size>
         <alignment>0x1</alignment>
         <input_file_ref idref="fl-3"/>
      </object_component>
      <object_component id="oc-138">
         <name>.rodata.str1.692763091218809496.1</name>
         <load_address>0x6d68</load_address>
         <readonly>true</readonly>
         <run_address>0x6d68</run_address>
         <size>0x9</size>
         <alignment>0x1</alignment>
         <input_file_ref idref="fl-c"/>
      </object_component>
      <object_component id="oc-17f">
         <name>.rodata.gPWM_MOTORClockConfig</name>
         <load_address>0x6d71</load_address>
         <readonly>true</readonly>
         <run_address>0x6d71</run_address>
         <size>0x3</size>
         <alignment>0x1</alignment>
         <input_file_ref idref="fl-4"/>
      </object_component>
      <object_component id="oc-180">
         <name>.rodata.gPWM_MOTORConfig</name>
         <load_address>0x6d74</load_address>
         <readonly>true</readonly>
         <run_address>0x6d74</run_address>
         <size>0x8</size>
         <alignment>0x4</alignment>
         <input_file_ref idref="fl-4"/>
      </object_component>
      <object_component id="oc-19e">
         <name>.rodata.str1.5437064800660264911.1</name>
         <load_address>0x6d7c</load_address>
         <readonly>true</readonly>
         <run_address>0x6d7c</run_address>
         <size>0x6</size>
         <alignment>0x1</alignment>
         <input_file_ref idref="fl-c"/>
      </object_component>
      <object_component id="oc-19d">
         <name>.rodata.str1.9914728610441539812.1</name>
         <load_address>0x6d82</load_address>
         <readonly>true</readonly>
         <run_address>0x6d82</run_address>
         <size>0x6</size>
         <alignment>0x1</alignment>
         <input_file_ref idref="fl-c"/>
      </object_component>
      <object_component id="oc-136">
         <name>.rodata.str1.12924193728489134218.1</name>
         <load_address>0x6d88</load_address>
         <readonly>true</readonly>
         <run_address>0x6d88</run_address>
         <size>0x4</size>
         <alignment>0x1</alignment>
         <input_file_ref idref="fl-c"/>
      </object_component>
      <object_component id="oc-19f">
         <name>.rodata.str1.14181250359179005191.1</name>
         <load_address>0x6d8c</load_address>
         <readonly>true</readonly>
         <run_address>0x6d8c</run_address>
         <size>0x4</size>
         <alignment>0x1</alignment>
         <input_file_ref idref="fl-c"/>
      </object_component>
      <object_component id="oc-ee">
         <name>.rodata.str1.14685083708502177989.1</name>
         <load_address>0x6d90</load_address>
         <readonly>true</readonly>
         <run_address>0x6d90</run_address>
         <size>0x4</size>
         <alignment>0x1</alignment>
         <input_file_ref idref="fl-3"/>
      </object_component>
      <object_component id="oc-137">
         <name>.rodata.str1.17723760434967130561.1</name>
         <load_address>0x6d94</load_address>
         <readonly>true</readonly>
         <run_address>0x6d94</run_address>
         <size>0x4</size>
         <alignment>0x1</alignment>
         <input_file_ref idref="fl-c"/>
      </object_component>
      <object_component id="oc-ef">
         <name>.rodata.str1.254342170260855183.1</name>
         <load_address>0x6d98</load_address>
         <readonly>true</readonly>
         <run_address>0x6d98</run_address>
         <size>0x4</size>
         <alignment>0x1</alignment>
         <input_file_ref idref="fl-3"/>
      </object_component>
      <object_component id="oc-139">
         <name>.rodata.str1.5713122982032619256.1</name>
         <load_address>0x6d9c</load_address>
         <readonly>true</readonly>
         <run_address>0x6d9c</run_address>
         <size>0x4</size>
         <alignment>0x1</alignment>
         <input_file_ref idref="fl-c"/>
      </object_component>
      <object_component id="oc-1a1">
         <name>.rodata.str1.7853382455721694383.1</name>
         <load_address>0x6da0</load_address>
         <readonly>true</readonly>
         <run_address>0x6da0</run_address>
         <size>0x4</size>
         <alignment>0x1</alignment>
         <input_file_ref idref="fl-c"/>
      </object_component>
      <object_component id="oc-ed">
         <name>.rodata.str1.9517790425240694019.1</name>
         <load_address>0x6da4</load_address>
         <readonly>true</readonly>
         <run_address>0x6da4</run_address>
         <size>0x4</size>
         <alignment>0x1</alignment>
         <input_file_ref idref="fl-3"/>
      </object_component>
      <object_component id="oc-182">
         <name>.rodata.gTIMER_0ClockConfig</name>
         <load_address>0x6da8</load_address>
         <readonly>true</readonly>
         <run_address>0x6da8</run_address>
         <size>0x3</size>
         <alignment>0x1</alignment>
         <input_file_ref idref="fl-4"/>
      </object_component>
      <object_component id="oc-de">
         <name>.rodata.str1.11898133897667081452.1</name>
         <load_address>0x6dab</load_address>
         <readonly>true</readonly>
         <run_address>0x6dab</run_address>
         <size>0x3</size>
         <alignment>0x1</alignment>
         <input_file_ref idref="fl-3"/>
      </object_component>
      <object_component id="oc-df">
         <name>.rodata.str1.7401042497206923953.1</name>
         <load_address>0x6dae</load_address>
         <readonly>true</readonly>
[...]
         <object_component_ref idref="oc-155"/>
      </symbol>
      <symbol id="sm-172">
         <name>Ki</name>
         <value>0x2020109c</value>
         <object_component_ref idref="oc-156"/>
      </symbol>
      <symbol id="sm-173">
         <name>Kd</name>
         <value>0x20201098</value>
         <object_component_ref idref="oc-157"/>
      </symbol>
      <symbol id="sm-174">
         <name>PID_value</name>
         <value>0x202010a8</value>
         <object_component_ref idref="oc-158"/>
      </symbol>
      <symbol id="sm-175">
         <name>track_control</name>
         <value>0x3239</value>
         <object_component_ref idref="oc-c5"/>
      </symbol>
      <symbol id="sm-176">
         <name>turn_left</name>
         <value>0x4125</value>
         <object_component_ref idref="oc-150"/>
      </symbol>
      <symbol id="sm-177">
         <name>now_lap</name>
         <value>0x202010fd</value>
         <object_component_ref idref="oc-1ad"/>
      </symbol>
      <symbol id="sm-186">
         <name>Key_Init</name>
         <value>0x4f1f</value>
         <object_component_ref idref="oc-9c"/>
      </symbol>
      <symbol id="sm-187">
         <name>Key_Scan</name>
         <value>0x3d91</value>
         <object_component_ref idref="oc-ba"/>
      </symbol>
      <symbol id="sm-188">
         <name>Key_GetShortPress</name>
         <value>0x51d3</value>
         <object_component_ref idref="oc-bb"/>
      </symbol>
      <symbol id="sm-1a3">
         <name>OLED_UpdateModeLines</name>
         <value>0x3cc9</value>
         <object_component_ref idref="oc-be"/>
      </symbol>
      <symbol id="sm-1a4">
         <name>OLED_UpdateMenu</name>
         <value>0x3b15</value>
         <object_component_ref idref="oc-12e"/>
      </symbol>
      <symbol id="sm-1a5">
         <name>OLED_MenuInit</name>
         <value>0x5209</value>
         <object_component_ref idref="oc-ad"/>
      </symbol>
      <symbol id="sm-1a6">
         <name>__TI_ATRegion0_src_addr</name>
         <value>0x0</value>
      </symbol>
      <symbol id="sm-1a7">
         <name>__TI_ATRegion0_trg_addr</name>
         <value>0x0</value>
      </symbol>
      <symbol id="sm-1a8">
         <name>__TI_ATRegion0_region_sz</name>
         <value>0x0</value>
      </symbol>
      <symbol id="sm-1a9">
         <name>__TI_ATRegion1_src_addr</name>
         <value>0x0</value>
      </symbol>
      <symbol id="sm-1aa">
         <name>__TI_ATRegion1_trg_addr</name>
         <value>0x0</value>
      </symbol>
      <symbol id="sm-1ab">
         <name>__TI_ATRegion1_region_sz</name>
         <value>0x0</value>
      </symbol>
      <symbol id="sm-1ac">
         <name>__TI_ATRegion2_src_addr</name>
         <value>0x0</value>
      </symbol>
      <symbol id="sm-1ad">
         <name>__TI_ATRegion2_trg_addr</name>
         <value>0x0</value>
      </symbol>
      <symbol id="sm-1ae">
         <name>__TI_ATRegion2_region_sz</name>
         <value>0x0</value>
      </symbol>
      <symbol id="sm-1b7">
         <name>DL_Common_delayCycles</name>
         <value>0x5295</value>
         <object_component_ref idref="oc-177"/>
      </symbol>
      <symbol id="sm-1c1">
         <name>DL_I2C_setClockConfig</name>
         <value>0x507d</value>
         <object_component_ref idref="oc-184"/>
      </symbol>
      <symbol id="sm-1dd">
         <name>DL_Timer_setClockConfig</name>
         <value>0x5125</value>
         <object_component_ref idref="oc-17b"/>
      </symbol>
      <symbol id="sm-1de">
         <name>DL_Timer_initTimerMode</name>
         <value>0x3759</value>
         <object_component_ref idref="oc-181"/>
      </symbol>
      <symbol id="sm-1df">
         <name>DL_Timer_setCaptureCompareValue</name>
         <value>0x51f9</value>
         <object_component_ref idref="oc-149"/>
      </symbol>
      <symbol id="sm-1e0">
         <name>DL_Timer_setCaptCompUpdateMethod</name>
         <value>0x5109</value>
         <object_component_ref idref="oc-17e"/>
      </symbol>
      <symbol id="sm-1e1">
         <name>DL_Timer_setCaptureCompareOutCtl</name>
         <value>0x5195</value>
         <object_component_ref idref="oc-17d"/>
      </symbol>
      <symbol id="sm-1e2">
         <name>DL_Timer_initFourCCPWMMode</name>
         <value>0x3655</value>
         <object_component_ref idref="oc-17c"/>
      </symbol>
      <symbol id="sm-1ef">
         <name>DL_UART_init</name>
         <value>0x4aa9</value>
         <object_component_ref idref="oc-191"/>
      </symbol>
      <symbol id="sm-1f0">
         <name>DL_UART_setClockConfig</name>
         <value>0x51c1</value>
         <object_component_ref idref="oc-18b"/>
      </symbol>
      <symbol id="sm-203">
         <name>puts</name>
         <value>0x50a5</value>
         <object_component_ref idref="oc-11c"/>
      </symbol>
      <symbol id="sm-204">
         <name>fputs</name>
         <value>0x3855</value>
         <object_component_ref idref="oc-194"/>
      </symbol>
      <symbol id="sm-20e">
         <name>__TI_wrt_ok</name>
         <value>0x4571</value>
         <object_component_ref idref="oc-1c3"/>
      </symbol>
      <symbol id="sm-218">
         <name>setvbuf</name>
         <value>0x3a35</value>
         <object_component_ref idref="oc-1dd"/>
      </symbol>
      <symbol id="sm-228">
         <name>abort</name>
         <value>0x52af</value>
         <object_component_ref idref="oc-f0"/>
      </symbol>
      <symbol id="sm-229">
         <name>__TI_cleanup_ptr</name>
         <value>0x20201088</value>
         <object_component_ref idref="oc-16e"/>
      </symbol>
      <symbol id="sm-22a">
         <name>__TI_dtors_ptr</name>
         <value>0x2020108c</value>
         <object_component_ref idref="oc-16e"/>
      </symbol>
      <symbol id="sm-22b">
         <name>exit</name>
         <value>0x4e85</value>
         <object_component_ref idref="oc-f5"/>
      </symbol>
      <symbol id="sm-234">
         <name>_nop</name>
         <value>0x48c3</value>
         <object_component_ref idref="oc-1b3"/>
      </symbol>
      <symbol id="sm-235">
         <name>_lock</name>
         <value>0x202010b0</value>
         <object_component_ref idref="oc-16c"/>
      </symbol>
      <symbol id="sm-236">
         <name>_unlock</name>
         <value>0x202010b4</value>
         <object_component_ref idref="oc-16f"/>
      </symbol>
      <symbol id="sm-23c">
         <name>_ftable</name>
         <value>0x20200e7c</value>
         <object_component_ref idref="oc-195"/>
      </symbol>
      <symbol id="sm-23d">
         <name>__TI_ft_end</name>
         <value>0x202010ac</value>
         <object_component_ref idref="oc-212"/>
      </symbol>
      <symbol id="sm-23e">
         <name>__TI_tmpnams</name>
         <value>0x20200d20</value>
         <object_component_ref idref="oc-241"/>
      </symbol>
      <symbol id="sm-261">
         <name>malloc</name>
         <value>0x5289</value>
         <object_component_ref idref="oc-1f3"/>
      </symbol>
      <symbol id="sm-262">
         <name>aligned_alloc</name>
         <value>0x3541</value>
         <object_component_ref idref="oc-20b"/>
      </symbol>
      <symbol id="sm-263">
         <name>free</name>
         <value>0x394d</value>
         <object_component_ref idref="oc-1ed"/>
      </symbol>
      <symbol id="sm-264">
         <name>_sys_memory</name>
         <value>0x20200000</value>
         <object_component_ref idref="oc-208"/>
      </symbol>
      <symbol id="sm-265">
         <name>memalign</name>
         <value>0x3541</value>
         <object_component_ref idref="oc-20b"/>
      </symbol>
      <symbol id="sm-270">
         <name>_c_int00_noargs</name>
         <value>0x5055</value>
         <object_component_ref idref="oc-5b"/>
      </symbol>
      <symbol id="sm-271">
         <name>__stack</name>
         <value>0x20207e00</value>
         <object_component_ref idref="oc-1a"/>
      </symbol>
      <symbol id="sm-27d">
         <name>__TI_auto_init_nobinit_nopinit</name>
         <value>0x4cfd</value>
         <object_component_ref idref="oc-f7"/>
      </symbol>
      <symbol id="sm-285">
         <name>_system_pre_init</name>
         <value>0x52bd</value>
         <object_component_ref idref="oc-77"/>
      </symbol>
      <symbol id="sm-290">
         <name>__TI_zero_init</name>
         <value>0x5229</value>
         <object_component_ref idref="oc-58"/>
      </symbol>
      <symbol id="sm-299">
         <name>__TI_decompress_none</name>
         <value>0x51e5</value>
         <object_component_ref idref="oc-20"/>
      </symbol>
      <symbol id="sm-2a4">
         <name>__TI_decompress_lzss</name>
         <value>0x4345</value>
         <object_component_ref idref="oc-1c"/>
      </symbol>
      <symbol id="sm-2af">
         <name>__TI_doflush</name>
         <value>0x496d</value>
         <object_component_ref idref="oc-1cd"/>
      </symbol>
      <symbol id="sm-2ba">
         <name>__TI_cleanup</name>
         <value>0x4de9</value>
         <object_component_ref idref="oc-1f4"/>
      </symbol>
      <symbol id="sm-2c7">
         <name>fseek</name>
         <value>0x529f</value>
         <object_component_ref idref="oc-1d7"/>
      </symbol>
      <symbol id="sm-2c8">
         <name>fseeko</name>
         <value>0x4499</value>
         <object_component_ref idref="oc-1ea"/>
      </symbol>
      <symbol id="sm-2d5">
         <name>__TI_closefile</name>
         <value>0x42c9</value>
         <object_component_ref idref="oc-20c"/>
      </symbol>
      <symbol id="sm-2e3">
         <name>HOSTexit</name>
         <value>0x52b5</value>
         <object_component_ref idref="oc-166"/>
      </symbol>
      <symbol id="sm-2e4">
         <name>C$$EXIT</name>
         <value>0x52b4</value>
         <object_component_ref idref="oc-166"/>
      </symbol>
      <symbol id="sm-2ee">
         <name>write</name>
         <value>0x502d</value>
         <object_component_ref idref="oc-1c9"/>
      </symbol>
      <symbol id="sm-2f3">
         <name>_device</name>
         <value>0x20200f6c</value>
         <object_component_ref idref="oc-1fd"/>
      </symbol>
      <symbol id="sm-2f4">
         <name>_stream</name>
         <value>0x20201038</value>
         <object_component_ref idref="oc-1e3"/>
      </symbol>
      <symbol id="sm-2fd">
         <name>remove</name>
         <value>0x52a7</value>
         <object_component_ref idref="oc-23d"/>
      </symbol>
      <symbol id="sm-308">
         <name>lseek</name>
         <value>0x5005</value>
         <object_component_ref idref="oc-201"/>
      </symbol>
      <symbol id="sm-312">
         <name>close</name>
         <value>0x49c1</value>
         <object_component_ref idref="oc-239"/>
      </symbol>
      <symbol id="sm-31c">
         <name>unlink</name>
         <value>0x4fb1</value>
         <object_component_ref idref="oc-265"/>
      </symbol>
      <symbol id="sm-326">
         <name>HOSTclose</name>
         <value>0x4af1</value>
         <object_component_ref idref="oc-219"/>
      </symbol>
      <symbol id="sm-330">
         <name>HOSTlseek</name>
         <value>0x43c1</value>
         <object_component_ref idref="oc-225"/>
      </symbol>
      <symbol id="sm-33a">
         <name>HOSTopen</name>
         <value>0x46fd</value>
         <object_component_ref idref="oc-215"/>
      </symbol>
      <symbol id="sm-33b">
         <name>parmbuf</name>
         <value>0x20200e70</value>
         <object_component_ref idref="oc-24b"/>
      </symbol>
      <symbol id="sm-345">
         <name>HOSTread</name>
         <value>0x47bd</value>
         <object_component_ref idref="oc-21d"/>
      </symbol>
      <symbol id="sm-356">
         <name>HOSTrename</name>
         <value>0x442d</value>
         <object_component_ref idref="oc-22d"/>
      </symbol>
      <symbol id="sm-360">
         <name>HOSTunlink</name>
         <value>0x4b39</value>
         <object_component_ref idref="oc-229"/>
      </symbol>
      <symbol id="sm-36a">
         <name>HOSTwrite</name>
         <value>0x4815</value>
         <object_component_ref idref="oc-221"/>
      </symbol>
      <symbol id="sm-378">
         <name>C$$IO$$</name>
         <value>0x4e7d</value>
         <object_component_ref idref="oc-244"/>
      </symbol>
      <symbol id="sm-379">
         <name>__TI_writemsg</name>
         <value>0x4e51</value>
         <object_component_ref idref="oc-244"/>
      </symbol>
      <symbol id="sm-37a">
         <name>__CIOBUF_</name>
         <value>0x20200c00</value>
         <object_component_ref idref="oc-26c"/>
      </symbol>
      <symbol id="sm-37b">
         <name>__TI_readmsg</name>
         <value>0x4e1d</value>
         <object_component_ref idref="oc-24a"/>
      </symbol>
      <symbol id="sm-37c">
         <name>_CIOBUF_</name>
         <value>0x20200c00</value>
         <object_component_ref idref="oc-26c"/>
      </symbol>
      <symbol id="sm-382">
         <name>__aeabi_fadd</name>
         <value>0x3bfb</value>
         <object_component_ref idref="oc-e1"/>
      </symbol>
      <symbol id="sm-383">
         <name>__addsf3</name>
         <value>0x3bfb</value>
         <object_component_ref idref="oc-e1"/>
      </symbol>
      <symbol id="sm-384">
         <name>__aeabi_fsub</name>
         <value>0x3bf1</value>
         <object_component_ref idref="oc-e1"/>
      </symbol>
      <symbol id="sm-385">
         <name>__subsf3</name>
         <value>0x3bf1</value>
         <object_component_ref idref="oc-e1"/>
      </symbol>
      <symbol id="sm-38b">
         <name>__muldsi3</name>
         <value>0x4d75</value>
         <object_component_ref idref="oc-1a5"/>
      </symbol>
      <symbol id="sm-391">
         <name>__aeabi_fmul</name>
         <value>0x4099</value>
         <object_component_ref idref="oc-141"/>
      </symbol>
      <symbol id="sm-392">
         <name>__mulsf3</name>
         <value>0x4099</value>
         <object_component_ref idref="oc-141"/>
      </symbol>
      <symbol id="sm-398">
         <name>__aeabi_f2iz</name>
         <value>0x4db1</value>
         <object_component_ref idref="oc-145"/>
      </symbol>
      <symbol id="sm-399">
         <name>__fixsfsi</name>
         <value>0x4db1</value>
         <object_component_ref idref="oc-145"/>
      </symbol>
      <symbol id="sm-39f">
         <name>__aeabi_f2uiz</name>
         <value>0x4eed</value>
         <object_component_ref idref="oc-e5"/>
      </symbol>
      <symbol id="sm-3a0">
         <name>__fixunssfsi</name>
         <value>0x4eed</value>
         <object_component_ref idref="oc-e5"/>
      </symbol>
      <symbol id="sm-3a6">
         <name>__aeabi_fcmpeq</name>
         <value>0x4639</value>
         <object_component_ref idref="oc-c1"/>
      </symbol>
      <symbol id="sm-3a7">
         <name>__aeabi_fcmplt</name>
         <value>0x464d</value>
         <object_component_ref idref="oc-c1"/>
      </symbol>
      <symbol id="sm-3a8">
         <name>__aeabi_fcmple</name>
         <value>0x4661</value>
         <object_component_ref idref="oc-c1"/>
      </symbol>
      <symbol id="sm-3a9">
         <name>__aeabi_fcmpge</name>
         <value>0x4675</value>
         <object_component_ref idref="oc-c1"/>
      </symbol>
      <symbol id="sm-3aa">
         <name>__aeabi_fcmpgt</name>
         <value>0x4689</value>
         <object_component_ref idref="oc-c1"/>
      </symbol>
      <symbol id="sm-3b0">
         <name>__aeabi_idiv</name>
         <value>0x486d</value>
         <object_component_ref idref="oc-ca"/>
      </symbol>
      <symbol id="sm-3b1">
         <name>__aeabi_idivmod</name>
         <value>0x486d</value>
         <object_component_ref idref="oc-ca"/>
      </symbol>
      <symbol id="sm-3b7">
         <name>__aeabi_memcpy</name>
         <value>0x4239</value>
         <object_component_ref idref="oc-4b"/>
      </symbol>
      <symbol id="sm-3b8">
         <name>__aeabi_memcpy4</name>
         <value>0x4239</value>
         <object_component_ref idref="oc-4b"/>
      </symbol>
      <symbol id="sm-3b9">
         <name>__aeabi_memcpy8</name>
         <value>0x4239</value>
         <object_component_ref idref="oc-4b"/>
      </symbol>
      <symbol id="sm-3c0">
         <name>__aeabi_memclr</name>
         <value>0x527d</value>
         <object_component_ref idref="oc-72"/>
      </symbol>
      <symbol id="sm-3c1">
         <name>__aeabi_memclr4</name>
         <value>0x527d</value>
         <object_component_ref idref="oc-72"/>
      </symbol>
      <symbol id="sm-3c2">
         <name>__aeabi_memclr8</name>
         <value>0x527d</value>
         <object_component_ref idref="oc-72"/>
      </symbol>
      <symbol id="sm-3c8">
         <name>__aeabi_uidiv</name>
         <value>0x4c05</value>
         <object_component_ref idref="oc-c6"/>
      </symbol>
      <symbol id="sm-3c9">
         <name>__aeabi_uidivmod</name>
         <value>0x4c05</value>
         <object_component_ref idref="oc-c6"/>
      </symbol>
      <symbol id="sm-3d2">
         <name>__eqsf2</name>
         <value>0x4d39</value>
         <object_component_ref idref="oc-13a"/>
      </symbol>
      <symbol id="sm-3d3">
         <name>__lesf2</name>
         <value>0x4d39</value>
         <object_component_ref idref="oc-13a"/>
      </symbol>
      <symbol id="sm-3d4">
         <name>__ltsf2</name>
         <value>0x4d39</value>
         <object_component_ref idref="oc-13a"/>
      </symbol>
      <symbol id="sm-3d5">
         <name>__nesf2</name>
         <value>0x4d39</value>
         <object_component_ref idref="oc-13a"/>
      </symbol>
      <symbol id="sm-3d6">
         <name>__cmpsf2</name>
         <value>0x4d39</value>
         <object_component_ref idref="oc-13a"/>
      </symbol>
      <symbol id="sm-3d7">
         <name>__gtsf2</name>
         <value>0x4c85</value>
         <object_component_ref idref="oc-13f"/>
      </symbol>
      <symbol id="sm-3d8">
         <name>__gesf2</name>
         <value>0x4c85</value>
         <object_component_ref idref="oc-13f"/>
      </symbol>
      <symbol id="sm-3e3">
         <name>__aeabi_idiv0</name>
         <value>0x3ee3</value>
         <object_component_ref idref="oc-159"/>
      </symbol>
      <symbol id="sm-3f1">
         <name>finddevice</name>
         <value>0x4eb9</value>
         <object_component_ref idref="oc-278"/>
      </symbol>
      <symbol id="sm-3f2">
         <name>getdevice</name>
         <value>0x4505</value>
         <object_component_ref idref="oc-26f"/>
      </symbol>
      <symbol id="sm-40b">
         <name>memcpy</name>
         <value>0x3e49</value>
         <object_component_ref idref="oc-90"/>
      </symbol>
      <symbol id="sm-41a">
         <name>memset</name>
         <value>0x469b</value>
         <object_component_ref idref="oc-10f"/>
      </symbol>
      <symbol id="sm-422">
         <name>strcmp</name>
         <value>0x4241</value>
         <object_component_ref idref="oc-27b"/>
      </symbol>
      <symbol id="sm-423">
         <name>__TI_static_base__</name>
         <value>0x0</value>
      </symbol>
      <symbol id="sm-426">
         <name>__mpu_init</name>
         <value>0x0</value>
      </symbol>
      <symbol id="sm-427">
         <name>_system_post_cinit</name>
         <value>0x0</value>
      </symbol>
   </symbol_table>
   <title>Link successful</title>
</link_info>
