<?xml version="1.0" encoding="ISO-8859-1" ?>
<link_info>
   <banner>TI ARM Clang Linker PC v4.0.3.LTS</banner>
   <copyright>Copyright (c) 1996-2018 Texas Instruments Incorporated</copyright>
   <command_line>D:\TI\ccs2030\ccs\tools\compiler\ti-cgt-armllvm_4.0.3.LTS\bin\tiarmlnk -ID:\TI\ccs2030\ccs\tools\compiler\ti-cgt-armllvm_4.0.3.LTS\lib -o empty713.out -mempty713.map -iD:/TI/ccs2030/mspm0_sdk_2_10_00_04/source -iC:/ccs20wkspace222/empty713 -iC:/ccs20wkspace222/empty713/Debug/syscfg -iD:/TI/ccs2030/ccs/tools/compiler/ti-cgt-armllvm_4.0.3.LTS/lib --diag_wrap=off --display_error_number --warn_sections --xml_link_info=empty713_linkInfo.xml --rom_model C:/ccs20wkspace222/empty713/stack_override.cmd ./board.o ./empty.o ./ti_msp_dl_config.o ./startup_mspm0g350x_ticlang.o ./BSP/bsp_motor.o ./BSP/bsp_motor_hallencoder.o ./BSP/bsp_mpu6050.o ./BSP/bsp_oled.o ./BSP/bsp_track.o ./BSP/key_handler.o ./BSP/oled_menu.o ../stack_override.cmd -l./device_linker.cmd -ldevice.cmd.genlibs -llibc.a --start-group -llibc++.a -llibc++abi.a -llibc.a -llibsys.a -llibsysbm.a -llibclang_rt.builtins.a -llibclang_rt.profile.a --end-group --cg_opt_level=2</command_line>
   <link_time>0x6a674547</link_time>
   <link_errors>0x0</link_errors>
   <output_file>C:\ccs20wkspace222\empty713\Debug\empty713.out</output_file>
   <entry_point>
      <name>_c_int00_noargs</name>
      <address>0x6d2d</address>
   </entry_point>
   <input_file_list>
      <input_file id="fl-2">
         <path>C:\ccs20wkspace222\empty713\Debug\.\</path>
         <kind>object</kind>
         <file>board.o</file>
         <name>board.o</name>
      </input_file>
      <input_file id="fl-3">
         <path>C:\ccs20wkspace222\empty713\Debug\.\</path>
         <kind>object</kind>
         <file>empty.o</file>
         <name>empty.o</name>
      </input_file>
      <input_file id="fl-4">
         <path>C:\ccs20wkspace222\empty713\Debug\.\</path>
         <kind>object</kind>
         <file>ti_msp_dl_config.o</file>
         <name>ti_msp_dl_config.o</name>
      </input_file>
      <input_file id="fl-5">
         <path>C:\ccs20wkspace222\empty713\Debug\.\</path>
         <kind>object</kind>
         <file>startup_mspm0g350x_ticlang.o</file>
         <name>startup_mspm0g350x_ticlang.o</name>
      </input_file>
      <input_file id="fl-6">
         <path>C:\ccs20wkspace222\empty713\Debug\.\BSP\</path>
         <kind>object</kind>
         <file>bsp_motor.o</file>
         <name>bsp_motor.o</name>
      </input_file>
      <input_file id="fl-7">
         <path>C:\ccs20wkspace222\empty713\Debug\.\BSP\</path>
         <kind>object</kind>
         <file>bsp_motor_hallencoder.o</file>
         <name>bsp_motor_hallencoder.o</name>
      </input_file>
      <input_file id="fl-8">
         <path>C:\ccs20wkspace222\empty713\Debug\.\BSP\</path>
         <kind>object</kind>
         <file>bsp_mpu6050.o</file>
         <name>bsp_mpu6050.o</name>
      </input_file>
      <input_file id="fl-9">
         <path>C:\ccs20wkspace222\empty713\Debug\.\BSP\</path>
         <kind>object</kind>
         <file>bsp_oled.o</file>
         <name>bsp_oled.o</name>
      </input_file>
      <input_file id="fl-a">
         <path>C:\ccs20wkspace222\empty713\Debug\.\BSP\</path>
         <kind>object</kind>
         <file>bsp_track.o</file>
         <name>bsp_track.o</name>
      </input_file>
      <input_file id="fl-b">
         <path>C:\ccs20wkspace222\empty713\Debug\.\BSP\</path>
         <kind>object</kind>
         <file>key_handler.o</file>
         <name>key_handler.o</name>
      </input_file>
      <input_file id="fl-c">
         <path>C:\ccs20wkspace222\empty713\Debug\.\BSP\</path>
         <kind>object</kind>
         <file>oled_menu.o</file>
         <name>oled_menu.o</name>
      </input_file>
      <input_file id="fl-1a">
         <path>C:\ccs20wkspace222\empty713\Debug\</path>
         <kind>object</kind>
         <file>&lt;internal&gt;</file>
         <name>&lt;internal&gt;</name>
      </input_file>
      <input_file id="fl-1b">
         <path>D:\TI\ccs2030\mspm0_sdk_2_10_00_04\source\ti\driverlib\lib\ticlang\m0p\mspm0g1x0x_g3x0x\</path>
         <kind>archive</kind>
         <file>driverlib.a</file>
         <name>dl_common.o</name>
      </input_file>
      <input_file id="fl-1c">
         <path>D:\TI\ccs2030\mspm0_sdk_2_10_00_04\source\ti\driverlib\lib\ticlang\m0p\mspm0g1x0x_g3x0x\</path>
         <kind>archive</kind>
         <file>driverlib.a</file>
         <name>dl_i2c.o</name>
      </input_file>
      <input_file id="fl-1d">
         <path>D:\TI\ccs2030\mspm0_sdk_2_10_00_04\source\ti\driverlib\lib\ticlang\m0p\mspm0g1x0x_g3x0x\</path>
         <kind>archive</kind>
         <file>driverlib.a</file>
         <name>dl_timer.o</name>
      </input_file>
      <input_file id="fl-1e">
         <path>D:\TI\ccs2030\mspm0_sdk_2_10_00_04\source\ti\driverlib\lib\ticlang\m0p\mspm0g1x0x_g3x0x\</path>
         <kind>archive</kind>
         <file>driverlib.a</file>
         <name>dl_uart.o</name>
      </input_file>
      <input_file id="fl-35">
         <path>D:\TI\ccs2030\ccs\tools\compiler\ti-cgt-armllvm_4.0.3.LTS\lib\armv6m-ti-none-eabi\c\</path>
         <kind>archive</kind>
         <file>libc.a</file>
         <name>fputs.c.obj</name>
      </input_file>
      <input_file id="fl-36">
         <path>D:\TI\ccs2030\ccs\tools\compiler\ti-cgt-armllvm_4.0.3.LTS\lib\armv6m-ti-none-eabi\c\</path>
         <kind>archive</kind>
         <file>libc.a</file>
         <name>_io_perm.c.obj</name>
      </input_file>
      <input_file id="fl-37">
         <path>D:\TI\ccs2030\ccs\tools\compiler\ti-cgt-armllvm_4.0.3.LTS\lib\armv6m-ti-none-eabi\c\</path>
         <kind>archive</kind>
         <file>libc.a</file>
         <name>setvbuf.c.obj</name>
      </input_file>
      <input_file id="fl-38">
         <path>D:\TI\ccs2030\ccs\tools\compiler\ti-cgt-armllvm_4.0.3.LTS\lib\armv6m-ti-none-eabi\c\</path>
         <kind>archive</kind>
         <file>libc.a</file>
         <name>e_asin.c.obj</name>
      </input_file>
      <input_file id="fl-39">
         <path>D:\TI\ccs2030\ccs\tools\compiler\ti-cgt-armllvm_4.0.3.LTS\lib\armv6m-ti-none-eabi\c\</path>
         <kind>archive</kind>
         <file>libc.a</file>
         <name>e_atan2.c.obj</name>
      </input_file>
      <input_file id="fl-3a">
         <path>D:\TI\ccs2030\ccs\tools\compiler\ti-cgt-armllvm_4.0.3.LTS\lib\armv6m-ti-none-eabi\c\</path>
         <kind>archive</kind>
         <file>libc.a</file>
         <name>e_sqrt.c.obj</name>
      </input_file>
      <input_file id="fl-3b">
         <path>D:\TI\ccs2030\ccs\tools\compiler\ti-cgt-armllvm_4.0.3.LTS\lib\armv6m-ti-none-eabi\c\</path>
         <kind>archive</kind>
         <file>libc.a</file>
         <name>s_atan.c.obj</name>
      </input_file>
      <input_file id="fl-3c">
         <path>D:\TI\ccs2030\ccs\tools\compiler\ti-cgt-armllvm_4.0.3.LTS\lib\armv6m-ti-none-eabi\c\</path>
         <kind>archive</kind>
         <file>libc.a</file>
         <name>e_sqrtf.c.obj</name>
      </input_file>
      <input_file id="fl-3d">
         <path>D:\TI\ccs2030\ccs\tools\compiler\ti-cgt-armllvm_4.0.3.LTS\lib\armv6m-ti-none-eabi\c\</path>
         <kind>archive</kind>
         <file>libc.a</file>
         <name>aeabi_portable.c.obj</name>
      </input_file>
      <input_file id="fl-3e">
         <path>D:\TI\ccs2030\ccs\tools\compiler\ti-cgt-armllvm_4.0.3.LTS\lib\armv6m-ti-none-eabi\c\</path>
         <kind>archive</kind>
         <file>libc.a</file>
         <name>exit.c.obj</name>
      </input_file>
      <input_file id="fl-3f">
         <path>D:\TI\ccs2030\ccs\tools\compiler\ti-cgt-armllvm_4.0.3.LTS\lib\armv6m-ti-none-eabi\c\</path>
         <kind>archive</kind>
         <file>libc.a</file>
         <name>_lock.c.obj</name>
      </input_file>
      <input_file id="fl-40">
         <path>D:\TI\ccs2030\ccs\tools\compiler\ti-cgt-armllvm_4.0.3.LTS\lib\armv6m-ti-none-eabi\c\</path>
         <kind>archive</kind>
         <file>libc.a</file>
         <name>assert.c.obj</name>
      </input_file>
      <input_file id="fl-41">
         <path>D:\TI\ccs2030\ccs\tools\compiler\ti-cgt-armllvm_4.0.3.LTS\lib\armv6m-ti-none-eabi\c\</path>
         <kind>archive</kind>
         <file>libc.a</file>
         <name>defs.c.obj</name>
      </input_file>
      <input_file id="fl-42">
         <path>D:\TI\ccs2030\ccs\tools\compiler\ti-cgt-armllvm_4.0.3.LTS\lib\armv6m-ti-none-eabi\c\</path>
         <kind>archive</kind>
         <file>libc.a</file>
         <name>memory.c.obj</name>
      </input_file>
      <input_file id="fl-43">
         <path>D:\TI\ccs2030\ccs\tools\compiler\ti-cgt-armllvm_4.0.3.LTS\lib\armv6m-ti-none-eabi\c\</path>
         <kind>archive</kind>
         <file>libc.a</file>
         <name>boot_cortex_m.c.obj</name>
      </input_file>
      <input_file id="fl-44">
         <path>D:\TI\ccs2030\ccs\tools\compiler\ti-cgt-armllvm_4.0.3.LTS\lib\armv6m-ti-none-eabi\c\</path>
         <kind>archive</kind>
         <file>libc.a</file>
         <name>mathacl_init.c.obj</name>
      </input_file>
      <input_file id="fl-45">
         <path>D:\TI\ccs2030\ccs\tools\compiler\ti-cgt-armllvm_4.0.3.LTS\lib\armv6m-ti-none-eabi\c\</path>
         <kind>archive</kind>
         <file>libc.a</file>
         <name>autoinit.c.obj</name>
      </input_file>
      <input_file id="fl-46">
         <path>D:\TI\ccs2030\ccs\tools\compiler\ti-cgt-armllvm_4.0.3.LTS\lib\armv6m-ti-none-eabi\c\</path>
         <kind>archive</kind>
         <file>libc.a</file>
         <name>pre_init.c.obj</name>
      </input_file>
      <input_file id="fl-47">
         <path>D:\TI\ccs2030\ccs\tools\compiler\ti-cgt-armllvm_4.0.3.LTS\lib\armv6m-ti-none-eabi\c\</path>
         <kind>archive</kind>
         <file>libc.a</file>
         <name>cpy_tbl.c.obj</name>
      </input_file>
      <input_file id="fl-48">
         <path>D:\TI\ccs2030\ccs\tools\compiler\ti-cgt-armllvm_4.0.3.LTS\lib\armv6m-ti-none-eabi\c\</path>
         <kind>archive</kind>
         <file>libc.a</file>
         <name>copy_zero_init.c.obj</name>
      </input_file>
      <input_file id="fl-49">
         <path>D:\TI\ccs2030\ccs\tools\compiler\ti-cgt-armllvm_4.0.3.LTS\lib\armv6m-ti-none-eabi\c\</path>
         <kind>archive</kind>
         <file>libc.a</file>
         <name>copy_decompress_none.c.obj</name>
      </input_file>
      <input_file id="fl-4a">
         <path>D:\TI\ccs2030\ccs\tools\compiler\ti-cgt-armllvm_4.0.3.LTS\lib\armv6m-ti-none-eabi\c\</path>
         <kind>archive</kind>
         <file>libc.a</file>
         <name>copy_decompress_lzss.c.obj</name>
      </input_file>
      <input_file id="fl-4b">
         <path>D:\TI\ccs2030\ccs\tools\compiler\ti-cgt-armllvm_4.0.3.LTS\lib\armv6m-ti-none-eabi\c\</path>
         <kind>archive</kind>
         <file>libc.a</file>
         <name>sprintf.c.obj</name>
      </input_file>
      <input_file id="fl-4c">
         <path>D:\TI\ccs2030\ccs\tools\compiler\ti-cgt-armllvm_4.0.3.LTS\lib\armv6m-ti-none-eabi\c\</path>
         <kind>archive</kind>
         <file>libc.a</file>
         <name>fflush.c.obj</name>
      </input_file>
      <input_file id="fl-4d">
         <path>D:\TI\ccs2030\ccs\tools\compiler\ti-cgt-armllvm_4.0.3.LTS\lib\armv6m-ti-none-eabi\c\</path>
         <kind>archive</kind>
         <file>libc.a</file>
         <name>fopen.c.obj</name>
      </input_file>
      <input_file id="fl-4e">
         <path>D:\TI\ccs2030\ccs\tools\compiler\ti-cgt-armllvm_4.0.3.LTS\lib\armv6m-ti-none-eabi\c\</path>
         <kind>archive</kind>
         <file>libc.a</file>
         <name>fseek.c.obj</name>
      </input_file>
      <input_file id="fl-4f">
         <path>D:\TI\ccs2030\ccs\tools\compiler\ti-cgt-armllvm_4.0.3.LTS\lib\armv6m-ti-none-eabi\c\</path>
         <kind>archive</kind>
         <file>libc.a</file>
         <name>args_main.c.obj</name>
      </input_file>
      <input_file id="fl-50">
         <path>D:\TI\ccs2030\ccs\tools\compiler\ti-cgt-armllvm_4.0.3.LTS\lib\armv6m-ti-none-eabi\c\</path>
         <kind>archive</kind>
         <file>libc.a</file>
         <name>_printfi.c.obj</name>
      </input_file>
      <input_file id="fl-51">
         <path>D:\TI\ccs2030\ccs\tools\compiler\ti-cgt-armllvm_4.0.3.LTS\lib\armv6m-ti-none-eabi\c\</path>
         <kind>archive</kind>
         <file>libc.a</file>
         <name>fclose.c.obj</name>
      </input_file>
      <input_file id="fl-52">
         <path>D:\TI\ccs2030\ccs\tools\compiler\ti-cgt-armllvm_4.0.3.LTS\lib\armv6m-ti-none-eabi\c\</path>
         <kind>archive</kind>
         <file>libc.a</file>
         <name>s_frexp.c.obj</name>
      </input_file>
      <input_file id="fl-53">
         <path>D:\TI\ccs2030\ccs\tools\compiler\ti-cgt-armllvm_4.0.3.LTS\lib\armv6m-ti-none-eabi\c\</path>
         <kind>archive</kind>
         <file>libc.a</file>
         <name>s_scalbn.c.obj</name>
      </input_file>
      <input_file id="fl-54">
         <path>D:\TI\ccs2030\ccs\tools\compiler\ti-cgt-armllvm_4.0.3.LTS\lib\armv6m-ti-none-eabi\c\</path>
         <kind>archive</kind>
         <file>libc.a</file>
         <name>wcslen.c.obj</name>
      </input_file>
      <input_file id="fl-55">
         <path>D:\TI\ccs2030\ccs\tools\compiler\ti-cgt-armllvm_4.0.3.LTS\lib\armv6m-ti-none-eabi\c\</path>
         <kind>archive</kind>
         <file>libc.a</file>
         <name>_ltoa.c.obj</name>
      </input_file>
      <input_file id="fl-56">
         <path>D:\TI\ccs2030\ccs\tools\compiler\ti-cgt-armllvm_4.0.3.LTS\lib\armv6m-ti-none-eabi\c\</path>
         <kind>archive</kind>
         <file>libc.a</file>
         <name>atoi.c.obj</name>
      </input_file>
      <input_file id="fl-57">
         <path>D:\TI\ccs2030\ccs\tools\compiler\ti-cgt-armllvm_4.0.3.LTS\lib\armv6m-ti-none-eabi\c\</path>
         <kind>archive</kind>
         <file>libc.a</file>
         <name>memccpy.c.obj</name>
      </input_file>
      <input_file id="fl-58">
         <path>D:\TI\ccs2030\ccs\tools\compiler\ti-cgt-armllvm_4.0.3.LTS\lib\armv6m-ti-none-eabi\c\</path>
         <kind>archive</kind>
         <file>libc.a</file>
         <name>aeabi_ctype.S.obj</name>
      </input_file>
      <input_file id="fl-f8">
         <path>D:\TI\ccs2030\ccs\tools\compiler\ti-cgt-armllvm_4.0.3.LTS\lib\armv6m-ti-none-eabi\c\</path>
         <kind>archive</kind>
         <file>libsysbm.a</file>
         <name>hostexit.c.obj</name>
      </input_file>
      <input_file id="fl-f9">
         <path>D:\TI\ccs2030\ccs\tools\compiler\ti-cgt-armllvm_4.0.3.LTS\lib\armv6m-ti-none-eabi\c\</path>
         <kind>archive</kind>
         <file>libsysbm.a</file>
         <name>write.c.obj</name>
      </input_file>
      <input_file id="fl-fa">
         <path>D:\TI\ccs2030\ccs\tools\compiler\ti-cgt-armllvm_4.0.3.LTS\lib\armv6m-ti-none-eabi\c\</path>
         <kind>archive</kind>
         <file>libsysbm.a</file>
         <name>host_device.c.obj</name>
      </input_file>
      <input_file id="fl-fb">
         <path>D:\TI\ccs2030\ccs\tools\compiler\ti-cgt-armllvm_4.0.3.LTS\lib\armv6m-ti-none-eabi\c\</path>
         <kind>archive</kind>
         <file>libsysbm.a</file>
         <name>remove.c.obj</name>
      </input_file>
      <input_file id="fl-fc">
         <path>D:\TI\ccs2030\ccs\tools\compiler\ti-cgt-armllvm_4.0.3.LTS\lib\armv6m-ti-none-eabi\c\</path>
         <kind>archive</kind>
         <file>libsysbm.a</file>
         <name>open.c.obj</name>
      </input_file>
      <input_file id="fl-fd">
         <path>D:\TI\ccs2030\ccs\tools\compiler\ti-cgt-armllvm_4.0.3.LTS\lib\armv6m-ti-none-eabi\c\</path>
         <kind>archive</kind>
         <file>libsysbm.a</file>
         <name>lseek.c.obj</name>
      </input_file>
      <input_file id="fl-fe">
         <path>D:\TI\ccs2030\ccs\tools\compiler\ti-cgt-armllvm_4.0.3.LTS\lib\armv6m-ti-none-eabi\c\</path>
         <kind>archive</kind>
         <file>libsysbm.a</file>
         <name>close.c.obj</name>
      </input_file>
      <input_file id="fl-ff">
         <path>D:\TI\ccs2030\ccs\tools\compiler\ti-cgt-armllvm_4.0.3.LTS\lib\armv6m-ti-none-eabi\c\</path>
         <kind>archive</kind>
         <file>libsysbm.a</file>
         <name>unlink.c.obj</name>
      </input_file>
      <input_file id="fl-100">
         <path>D:\TI\ccs2030\ccs\tools\compiler\ti-cgt-armllvm_4.0.3.LTS\lib\armv6m-ti-none-eabi\c\</path>
         <kind>archive</kind>
         <file>libsysbm.a</file>
         <name>hostclose.c.obj</name>
      </input_file>
      <input_file id="fl-101">
         <path>D:\TI\ccs2030\ccs\tools\compiler\ti-cgt-armllvm_4.0.3.LTS\lib\armv6m-ti-none-eabi\c\</path>
         <kind>archive</kind>
         <file>libsysbm.a</file>
         <name>hostlseek.c.obj</name>
      </input_file>
      <input_file id="fl-102">
         <path>D:\TI\ccs2030\ccs\tools\compiler\ti-cgt-armllvm_4.0.3.LTS\lib\armv6m-ti-none-eabi\c\</path>
         <kind>archive</kind>
         <file>libsysbm.a</file>
         <name>hostopen.c.obj</name>
      </input_file>
      <input_file id="fl-103">
         <path>D:\TI\ccs2030\ccs\tools\compiler\ti-cgt-armllvm_4.0.3.LTS\lib\armv6m-ti-none-eabi\c\</path>
         <kind>archive</kind>
         <file>libsysbm.a</file>
         <name>hostread.c.obj</name>
      </input_file>
      <input_file id="fl-104">
         <path>D:\TI\ccs2030\ccs\tools\compiler\ti-cgt-armllvm_4.0.3.LTS\lib\armv6m-ti-none-eabi\c\</path>
         <kind>archive</kind>
         <file>libsysbm.a</file>
         <name>hostrename.c.obj</name>
      </input_file>
      <input_file id="fl-105">
         <path>D:\TI\ccs2030\ccs\tools\compiler\ti-cgt-armllvm_4.0.3.LTS\lib\armv6m-ti-none-eabi\c\</path>
         <kind>archive</kind>
         <file>libsysbm.a</file>
         <name>hostunlink.c.obj</name>
      </input_file>
      <input_file id="fl-106">
         <path>D:\TI\ccs2030\ccs\tools\compiler\ti-cgt-armllvm_4.0.3.LTS\lib\armv6m-ti-none-eabi\c\</path>
         <kind>archive</kind>
         <file>libsysbm.a</file>
         <name>hostwrite.c.obj</name>
      </input_file>
      <input_file id="fl-107">
         <path>D:\TI\ccs2030\ccs\tools\compiler\ti-cgt-armllvm_4.0.3.LTS\lib\armv6m-ti-none-eabi\c\</path>
         <kind>archive</kind>
         <file>libsysbm.a</file>
         <name>trgmsg.c.obj</name>
      </input_file>
      <input_file id="fl-108">
         <path>D:\TI\ccs2030\ccs\tools\compiler\ti-cgt-armllvm_4.0.3.LTS\lib\armv6m-ti-none-eabi\</path>
         <kind>archive</kind>
         <file>libclang_rt.builtins.a</file>
         <name>addsf3.S.obj</name>
      </input_file>
      <input_file id="fl-109">
         <path>D:\TI\ccs2030\ccs\tools\compiler\ti-cgt-armllvm_4.0.3.LTS\lib\armv6m-ti-none-eabi\</path>
         <kind>archive</kind>
         <file>libclang_rt.builtins.a</file>
         <name>adddf3.S.obj</name>
      </input_file>
      <input_file id="fl-10a">
         <path>D:\TI\ccs2030\ccs\tools\compiler\ti-cgt-armllvm_4.0.3.LTS\lib\armv6m-ti-none-eabi\</path>
         <kind>archive</kind>
         <file>libclang_rt.builtins.a</file>
         <name>muldf3.S.obj</name>
      </input_file>
      <input_file id="fl-10b">
         <path>D:\TI\ccs2030\ccs\tools\compiler\ti-cgt-armllvm_4.0.3.LTS\lib\armv6m-ti-none-eabi\</path>
         <kind>archive</kind>
         <file>libclang_rt.builtins.a</file>
         <name>muldsi3.S.obj</name>
      </input_file>
      <input_file id="fl-10c">
         <path>D:\TI\ccs2030\ccs\tools\compiler\ti-cgt-armllvm_4.0.3.LTS\lib\armv6m-ti-none-eabi\</path>
         <kind>archive</kind>
         <file>libclang_rt.builtins.a</file>
         <name>mulsf3.S.obj</name>
      </input_file>
      <input_file id="fl-10d">
         <path>D:\TI\ccs2030\ccs\tools\compiler\ti-cgt-armllvm_4.0.3.LTS\lib\armv6m-ti-none-eabi\</path>
         <kind>archive</kind>
         <file>libclang_rt.builtins.a</file>
         <name>divsf3.S.obj</name>
      </input_file>
      <input_file id="fl-10e">
         <path>D:\TI\ccs2030\ccs\tools\compiler\ti-cgt-armllvm_4.0.3.LTS\lib\armv6m-ti-none-eabi\</path>
         <kind>archive</kind>
         <file>libclang_rt.builtins.a</file>
         <name>divdf3.S.obj</name>
      </input_file>
      <input_file id="fl-10f">
         <path>D:\TI\ccs2030\ccs\tools\compiler\ti-cgt-armllvm_4.0.3.LTS\lib\armv6m-ti-none-eabi\</path>
         <kind>archive</kind>
         <file>libclang_rt.builtins.a</file>
         <name>extendsfdf2.S.obj</name>
      </input_file>
      <input_file id="fl-110">
         <path>D:\TI\ccs2030\ccs\tools\compiler\ti-cgt-armllvm_4.0.3.LTS\lib\armv6m-ti-none-eabi\</path>
         <kind>archive</kind>
         <file>libclang_rt.builtins.a</file>
         <name>fixdfsi.S.obj</name>
      </input_file>
      <input_file id="fl-111">
         <path>D:\TI\ccs2030\ccs\tools\compiler\ti-cgt-armllvm_4.0.3.LTS\lib\armv6m-ti-none-eabi\</path>
         <kind>archive</kind>
         <file>libclang_rt.builtins.a</file>
         <name>fixsfsi.S.obj</name>
      </input_file>
      <input_file id="fl-112">
         <path>D:\TI\ccs2030\ccs\tools\compiler\ti-cgt-armllvm_4.0.3.LTS\lib\armv6m-ti-none-eabi\</path>
         <kind>archive</kind>
         <file>libclang_rt.builtins.a</file>
         <name>fixunssfsi.S.obj</name>
      </input_file>
      <input_file id="fl-113">
         <path>D:\TI\ccs2030\ccs\tools\compiler\ti-cgt-armllvm_4.0.3.LTS\lib\armv6m-ti-none-eabi\</path>
         <kind>archive</kind>
         <file>libclang_rt.builtins.a</file>
         <name>floatsidf.S.obj</name>
      </input_file>
      <input_file id="fl-114">
         <path>D:\TI\ccs2030\ccs\tools\compiler\ti-cgt-armllvm_4.0.3.LTS\lib\armv6m-ti-none-eabi\</path>
         <kind>archive</kind>
         <file>libclang_rt.builtins.a</file>
         <name>floatsisf.S.obj</name>
      </input_file>
      <input_file id="fl-115">
         <path>D:\TI\ccs2030\ccs\tools\compiler\ti-cgt-armllvm_4.0.3.LTS\lib\armv6m-ti-none-eabi\</path>
         <kind>archive</kind>
         <file>libclang_rt.builtins.a</file>
         <name>floatunsisf.S.obj</name>
      </input_file>
      <input_file id="fl-116">
         <path>D:\TI\ccs2030\ccs\tools\compiler\ti-cgt-armllvm_4.0.3.LTS\lib\armv6m-ti-none-eabi\</path>
         <kind>archive</kind>
         <file>libclang_rt.builtins.a</file>
         <name>muldi3.S.obj</name>
      </input_file>
      <input_file id="fl-117">
         <path>D:\TI\ccs2030\ccs\tools\compiler\ti-cgt-armllvm_4.0.3.LTS\lib\armv6m-ti-none-eabi\</path>
         <kind>archive</kind>
         <file>libclang_rt.builtins.a</file>
         <name>truncdfsf2.S.obj</name>
      </input_file>
      <input_file id="fl-118">
         <path>D:\TI\ccs2030\ccs\tools\compiler\ti-cgt-armllvm_4.0.3.LTS\lib\armv6m-ti-none-eabi\</path>
         <kind>archive</kind>
         <file>libclang_rt.builtins.a</file>
         <name>aeabi_dcmp.S.obj</name>
      </input_file>
      <input_file id="fl-119">
         <path>D:\TI\ccs2030\ccs\tools\compiler\ti-cgt-armllvm_4.0.3.LTS\lib\armv6m-ti-none-eabi\</path>
         <kind>archive</kind>
         <file>libclang_rt.builtins.a</file>
         <name>aeabi_fcmp.S.obj</name>
      </input_file>
      <input_file id="fl-11a">
         <path>D:\TI\ccs2030\ccs\tools\compiler\ti-cgt-armllvm_4.0.3.LTS\lib\armv6m-ti-none-eabi\</path>
         <kind>archive</kind>
         <file>libclang_rt.builtins.a</file>
         <name>aeabi_idivmod.S.obj</name>
      </input_file>
      <input_file id="fl-11b">
         <path>D:\TI\ccs2030\ccs\tools\compiler\ti-cgt-armllvm_4.0.3.LTS\lib\armv6m-ti-none-eabi\</path>
         <kind>archive</kind>
         <file>libclang_rt.builtins.a</file>
         <name>aeabi_memcpy.S.obj</name>
      </input_file>
      <input_file id="fl-11c">
         <path>D:\TI\ccs2030\ccs\tools\compiler\ti-cgt-armllvm_4.0.3.LTS\lib\armv6m-ti-none-eabi\</path>
         <kind>archive</kind>
         <file>libclang_rt.builtins.a</file>
         <name>aeabi_memset.S.obj</name>
      </input_file>
      <input_file id="fl-11d">
         <path>D:\TI\ccs2030\ccs\tools\compiler\ti-cgt-armllvm_4.0.3.LTS\lib\armv6m-ti-none-eabi\</path>
         <kind>archive</kind>
         <file>libclang_rt.builtins.a</file>
         <name>aeabi_uidivmod.S.obj</name>
      </input_file>
      <input_file id="fl-11e">
         <path>D:\TI\ccs2030\ccs\tools\compiler\ti-cgt-armllvm_4.0.3.LTS\lib\armv6m-ti-none-eabi\</path>
         <kind>archive</kind>
         <file>libclang_rt.builtins.a</file>
         <name>aeabi_uldivmod.S.obj</name>
      </input_file>
      <input_file id="fl-11f">
         <path>D:\TI\ccs2030\ccs\tools\compiler\ti-cgt-armllvm_4.0.3.LTS\lib\armv6m-ti-none-eabi\</path>
         <kind>archive</kind>
         <file>libclang_rt.builtins.a</file>
         <name>comparesf2.S.obj</name>
      </input_file>
      <input_file id="fl-120">
         <path>D:\TI\ccs2030\ccs\tools\compiler\ti-cgt-armllvm_4.0.3.LTS\lib\armv6m-ti-none-eabi\</path>
         <kind>archive</kind>
         <file>libclang_rt.builtins.a</file>
         <name>udivmoddi4.S.obj</name>
      </input_file>
      <input_file id="fl-121">
         <path>D:\TI\ccs2030\ccs\tools\compiler\ti-cgt-armllvm_4.0.3.LTS\lib\armv6m-ti-none-eabi\</path>
         <kind>archive</kind>
         <file>libclang_rt.builtins.a</file>
         <name>ashldi3.S.obj</name>
      </input_file>
      <input_file id="fl-122">
         <path>D:\TI\ccs2030\ccs\tools\compiler\ti-cgt-armllvm_4.0.3.LTS\lib\armv6m-ti-none-eabi\</path>
         <kind>archive</kind>
         <file>libclang_rt.builtins.a</file>
         <name>comparedf2.c.obj</name>
      </input_file>
      <input_file id="fl-123">
         <path>D:\TI\ccs2030\ccs\tools\compiler\ti-cgt-armllvm_4.0.3.LTS\lib\armv6m-ti-none-eabi\</path>
         <kind>archive</kind>
         <file>libclang_rt.builtins.a</file>
         <name>aeabi_div0.c.obj</name>
      </input_file>
      <input_file id="fl-124">
         <path>D:\TI\ccs2030\ccs\tools\compiler\ti-cgt-armllvm_4.0.3.LTS\lib\armv6m-ti-none-eabi\c\</path>
         <kind>archive</kind>
         <file>libc.a</file>
         <name>getdevice.c.obj</name>
      </input_file>
      <input_file id="fl-125">
         <path>D:\TI\ccs2030\ccs\tools\compiler\ti-cgt-armllvm_4.0.3.LTS\lib\armv6m-ti-none-eabi\c\</path>
         <kind>archive</kind>
         <file>libc.a</file>
         <name>memcpy16.S.obj</name>
      </input_file>
      <input_file id="fl-126">
         <path>D:\TI\ccs2030\ccs\tools\compiler\ti-cgt-armllvm_4.0.3.LTS\lib\armv6m-ti-none-eabi\c\</path>
         <kind>archive</kind>
         <file>libc.a</file>
         <name>memset16.S.obj</name>
      </input_file>
      <input_file id="fl-127">
         <path>D:\TI\ccs2030\ccs\tools\compiler\ti-cgt-armllvm_4.0.3.LTS\lib\armv6m-ti-none-eabi\c\</path>
         <kind>archive</kind>
         <file>libc.a</file>
         <name>strcmp-armv6m.S.obj</name>
      </input_file>
   </input_file_list>
   <object_component_list>
      <object_component id="oc-18">
         <name>.intvecs</name>
         <load_address>0x0</load_address>
         <readonly>true</readonly>
         <run_address>0x0</run_address>
         <size>0xc0</size>
         <alignment>0x4</alignment>
         <input_file_ref idref="fl-5"/>
      </object_component>
      <object_component id="oc-12e">
         <name>.text.OLED_Init</name>
         <load_address>0xc0</load_address>
         <readonly>true</readonly>
         <executable>true</executable>
         <run_address>0xc0</run_address>
         <size>0xb8c</size>
         <alignment>0x4</alignment>
         <input_file_ref idref="fl-9"/>
      </object_component>
      <object_component id="oc-1c9">
         <name>.text.OLED_Clear</name>
         <load_address>0xc4c</load_address>
         <readonly>true</readonly>
         <executable>true</executable>
         <run_address>0xc4c</run_address>
         <size>0xa90</size>
         <alignment>0x4</alignment>
         <input_file_ref idref="fl-9"/>
      </object_component>
      <object_component id="oc-c0">
         <name>.text.mpu6050_task</name>
         <load_address>0x16dc</load_address>
         <readonly>true</readonly>
         <executable>true</executable>
         <run_address>0x16dc</run_address>
         <size>0x8f4</size>
         <alignment>0x4</alignment>
         <input_file_ref idref="fl-8"/>
      </object_component>
      <object_component id="oc-c1">
         <name>.text.track_scan</name>
         <load_address>0x1fd0</load_address>
         <readonly>true</readonly>
         <executable>true</executable>
         <run_address>0x1fd0</run_address>
         <size>0x788</size>
         <alignment>0x4</alignment>
         <input_file_ref idref="fl-a"/>
      </object_component>
      <object_component id="oc-7e">
         <name>.text.main</name>
         <load_address>0x2758</load_address>
         <readonly>true</readonly>
         <executable>true</executable>
         <run_address>0x2758</run_address>
         <size>0x490</size>
         <alignment>0x4</alignment>
         <input_file_ref idref="fl-3"/>
      </object_component>
      <object_component id="oc-d4">
         <name>.text.OLED_ShowNum</name>
         <load_address>0x2be8</load_address>
         <readonly>true</readonly>
         <executable>true</executable>
         <run_address>0x2be8</run_address>
         <size>0x3aa</size>
         <alignment>0x2</alignment>
         <input_file_ref idref="fl-9"/>
      </object_component>
      <object_component id="oc-33">
         <name>.text.Default_Handler</name>
         <load_address>0x2f92</load_address>
         <readonly>true</readonly>
         <executable>true</executable>
         <run_address>0x2f92</run_address>
         <size>0x2</size>
         <alignment>0x2</alignment>
         <input_file_ref idref="fl-5"/>
      </object_component>
      <object_component id="oc-191">
         <name>.text.OLED_WR_Byte</name>
         <load_address>0x2f94</load_address>
         <readonly>true</readonly>
         <executable>true</executable>
         <run_address>0x2f94</run_address>
         <size>0x394</size>
         <alignment>0x4</alignment>
         <input_file_ref idref="fl-9"/>
      </object_component>
      <object_component id="oc-175">
         <name>.text.asin</name>
         <load_address>0x3328</load_address>
         <readonly>true</readonly>
         <executable>true</executable>
         <run_address>0x3328</run_address>
         <size>0x364</size>
         <alignment>0x4</alignment>
         <input_file_ref idref="fl-38"/>
      </object_component>
      <object_component id="oc-ba">
         <name>.text.MPU6050_Init</name>
         <load_address>0x368c</load_address>
         <readonly>true</readonly>
         <executable>true</executable>
         <run_address>0x368c</run_address>
         <size>0x360</size>
         <alignment>0x4</alignment>
         <input_file_ref idref="fl-8"/>
      </object_component>
      <object_component id="oc-e4">
         <name>.text.OLED_Refresh</name>
         <load_address>0x39ec</load_address>
         <readonly>true</readonly>
         <executable>true</executable>
         <run_address>0x39ec</run_address>
         <size>0x340</size>
         <alignment>0x4</alignment>
         <input_file_ref idref="fl-9"/>
      </object_component>
      <object_component id="oc-1e1">
         <name>.text.atan</name>
         <load_address>0x3d2c</load_address>
         <readonly>true</readonly>
         <executable>true</executable>
         <run_address>0x3d2c</run_address>
         <size>0x2f8</size>
         <alignment>0x4</alignment>
         <input_file_ref idref="fl-3b"/>
      </object_component>
      <object_component id="oc-be">
         <name>.text.track_control</name>
         <load_address>0x4024</load_address>
         <readonly>true</readonly>
         <executable>true</executable>
         <run_address>0x4024</run_address>
         <size>0x2b8</size>
         <alignment>0x4</alignment>
         <input_file_ref idref="fl-a"/>
      </object_component>
      <object_component id="oc-c6">
         <name>.text.OLED_ShowChar</name>
         <load_address>0x42dc</load_address>
         <readonly>true</readonly>
         <executable>true</executable>
         <run_address>0x42dc</run_address>
         <size>0x280</size>
         <alignment>0x4</alignment>
         <input_file_ref idref="fl-9"/>
      </object_component>
      <object_component id="oc-13b">
         <name>.text.MPU_GetRawData</name>
         <load_address>0x455c</load_address>
         <readonly>true</readonly>
         <executable>true</executable>
         <run_address>0x455c</run_address>
         <size>0x1a0</size>
         <alignment>0x4</alignment>
         <input_file_ref idref="fl-8"/>
      </object_component>
      <object_component id="oc-1dd">
         <name>.text.adddf3_subdf3</name>
         <load_address>0x46fc</load_address>
         <readonly>true</readonly>
         <executable>true</executable>
         <run_address>0x46fc</run_address>
         <size>0x192</size>
         <alignment>0x4</alignment>
         <input_file_ref idref="fl-109"/>
      </object_component>
      <object_component id="oc-1d6">
         <name>.text.__aeabi_idiv0</name>
         <load_address>0x488e</load_address>
         <readonly>true</readonly>
         <executable>true</executable>
         <run_address>0x488e</run_address>
         <size>0x2</size>
         <alignment>0x2</alignment>
         <input_file_ref idref="fl-123"/>
      </object_component>
      <object_component id="oc-130">
         <name>.text.OLED_UpdateMenu</name>
         <load_address>0x4890</load_address>
         <readonly>true</readonly>
         <executable>true</executable>
         <run_address>0x4890</run_address>
         <size>0x188</size>
         <alignment>0x4</alignment>
         <input_file_ref idref="fl-c"/>
      </object_component>
      <object_component id="oc-16d">
         <name>.text.atan2</name>
         <load_address>0x4a18</load_address>
         <readonly>true</readonly>
         <executable>true</executable>
         <run_address>0x4a18</run_address>
         <size>0x188</size>
         <alignment>0x4</alignment>
         <input_file_ref idref="fl-39"/>
      </object_component>
      <object_component id="oc-1fe">
         <name>.text.sqrt</name>
         <load_address>0x4ba0</load_address>
         <readonly>true</readonly>
         <executable>true</executable>
         <run_address>0x4ba0</run_address>
         <size>0x170</size>
         <alignment>0x4</alignment>
         <input_file_ref idref="fl-3a"/>
      </object_component>
      <object_component id="oc-113">
         <name>.text.SYSCFG_DL_GPIO_init</name>
         <load_address>0x4d10</load_address>
         <readonly>true</readonly>
         <executable>true</executable>
         <run_address>0x4d10</run_address>
         <size>0x16c</size>
         <alignment>0x4</alignment>
         <input_file_ref idref="fl-4"/>
      </object_component>
      <object_component id="oc-280">
         <name>.text.aligned_alloc</name>
         <load_address>0x4e7c</load_address>
         <readonly>true</readonly>
         <executable>true</executable>
         <run_address>0x4e7c</run_address>
         <size>0x114</size>
         <alignment>0x4</alignment>
         <input_file_ref idref="fl-42"/>
      </object_component>
      <object_component id="oc-1e7">
         <name>.text.__divdf3</name>
         <load_address>0x4f90</load_address>
         <readonly>true</readonly>
         <executable>true</executable>
         <run_address>0x4f90</run_address>
         <size>0x10c</size>
         <alignment>0x4</alignment>
         <input_file_ref idref="fl-10e"/>
      </object_component>
      <object_component id="oc-1b0">
         <name>.text.DL_Timer_initFourCCPWMMode</name>
         <load_address>0x509c</load_address>
         <readonly>true</readonly>
         <executable>true</executable>
         <run_address>0x509c</run_address>
         <size>0x104</size>
         <alignment>0x4</alignment>
         <input_file_ref idref="fl-1d"/>
      </object_component>
      <object_component id="oc-1b5">
         <name>.text.DL_Timer_initTimerMode</name>
         <load_address>0x51a0</load_address>
         <readonly>true</readonly>
         <executable>true</executable>
         <run_address>0x51a0</run_address>
         <size>0xfc</size>
         <alignment>0x4</alignment>
         <input_file_ref idref="fl-1d"/>
      </object_component>
      <object_component id="oc-bd">
         <name>.text.Key_Scan</name>
         <load_address>0x529c</load_address>
         <readonly>true</readonly>
         <executable>true</executable>
         <run_address>0x529c</run_address>
         <size>0xf8</size>
         <alignment>0x4</alignment>
         <input_file_ref idref="fl-b"/>
      </object_component>
      <object_component id="oc-1c3">
         <name>.text.fputs</name>
         <load_address>0x5394</load_address>
         <readonly>true</readonly>
         <executable>true</executable>
         <run_address>0x5394</run_address>
         <size>0xf8</size>
         <alignment>0x4</alignment>
         <input_file_ref idref="fl-35"/>
      </object_component>
      <object_component id="oc-262">
         <name>.text.free</name>
         <load_address>0x548c</load_address>
         <readonly>true</readonly>
         <executable>true</executable>
         <run_address>0x548c</run_address>
         <size>0xe8</size>
         <alignment>0x4</alignment>
         <input_file_ref idref="fl-42"/>
      </object_component>
      <object_component id="oc-1f8">
         <name>.text.__muldf3</name>
         <load_address>0x5574</load_address>
         <readonly>true</readonly>
         <executable>true</executable>
         <run_address>0x5574</run_address>
         <size>0xe4</size>
         <alignment>0x4</alignment>
         <input_file_ref idref="fl-10a"/>
      </object_component>
      <object_component id="oc-250">
         <name>.text.setvbuf</name>
         <load_address>0x5658</load_address>
         <readonly>true</readonly>
         <executable>true</executable>
         <run_address>0x5658</run_address>
         <size>0xe0</size>
         <alignment>0x4</alignment>
         <input_file_ref idref="fl-37"/>
      </object_component>
      <object_component id="oc-cc">
         <name>.text</name>
         <load_address>0x5738</load_address>
         <readonly>true</readonly>
         <executable>true</executable>
         <run_address>0x5738</run_address>
         <size>0xd8</size>
         <alignment>0x4</alignment>
         <input_file_ref idref="fl-108"/>
      </object_component>
      <object_component id="oc-17b">
         <name>.text.sqrtf</name>
         <load_address>0x5810</load_address>
         <readonly>true</readonly>
         <executable>true</executable>
         <run_address>0x5810</run_address>
         <size>0xa0</size>
         <alignment>0x4</alignment>
         <input_file_ref idref="fl-3c"/>
      </object_component>
      <object_component id="oc-98">
         <name>.text:memcpy</name>
         <load_address>0x58b0</load_address>
         <readonly>true</readonly>
         <executable>true</executable>
         <run_address>0x58b0</run_address>
         <size>0x9a</size>
         <alignment>0x1</alignment>
         <input_file_ref idref="fl-125"/>
      </object_component>
      <object_component id="oc-20e">
         <name>.text._nop</name>
         <load_address>0x594a</load_address>
         <readonly>true</readonly>
         <executable>true</executable>
         <run_address>0x594a</run_address>
         <size>0x2</size>
         <alignment>0x2</alignment>
         <input_file_ref idref="fl-3f"/>
      </object_component>
      <object_component id="oc-d5">
         <name>.text.OLED_RefreshRegion</name>
         <load_address>0x594c</load_address>
         <readonly>true</readonly>
         <executable>true</executable>
         <run_address>0x594c</run_address>
         <size>0x98</size>
         <alignment>0x4</alignment>
         <input_file_ref idref="fl-9"/>
      </object_component>
      <object_component id="oc-116">
         <name>.text.SYSCFG_DL_PWM_MOTOR_init</name>
         <load_address>0x59e4</load_address>
         <readonly>true</readonly>
         <executable>true</executable>
         <run_address>0x59e4</run_address>
         <size>0x94</size>
         <alignment>0x4</alignment>
         <input_file_ref idref="fl-4"/>
      </object_component>
      <object_component id="oc-e2">
         <name>.text.OLED_ShowString</name>
         <load_address>0x5a78</load_address>
         <readonly>true</readonly>
         <executable>true</executable>
         <run_address>0x5a78</run_address>
         <size>0x8c</size>
         <alignment>0x2</alignment>
         <input_file_ref idref="fl-9"/>
      </object_component>
      <object_component id="oc-de">
         <name>.text.__mulsf3</name>
         <load_address>0x5b04</load_address>
         <readonly>true</readonly>
         <executable>true</executable>
         <run_address>0x5b04</run_address>
         <size>0x8c</size>
         <alignment>0x4</alignment>
         <input_file_ref idref="fl-10c"/>
      </object_component>
      <object_component id="oc-2f0">
         <name>.text:strcmp</name>
         <load_address>0x5b90</load_address>
         <readonly>true</readonly>
         <executable>true</executable>
         <run_address>0x5b90</run_address>
         <size>0x88</size>
         <alignment>0x10</alignment>
         <input_file_ref idref="fl-127"/>
      </object_component>
      <object_component id="oc-13c">
         <name>.text.__divsf3</name>
         <load_address>0x5c18</load_address>
         <readonly>true</readonly>
         <executable>true</executable>
         <run_address>0x5c18</run_address>
         <size>0x82</size>
         <alignment>0x4</alignment>
         <input_file_ref idref="fl-10d"/>
      </object_component>
      <object_component id="oc-39">
         <name>.text.GROUP1_IRQHandler</name>
         <load_address>0x5c9c</load_address>
         <readonly>true</readonly>
         <executable>true</executable>
         <run_address>0x5c9c</run_address>
         <size>0x7c</size>
         <alignment>0x4</alignment>
         <input_file_ref idref="fl-7"/>
      </object_component>
      <object_component id="oc-281">
         <name>.text.__TI_closefile</name>
         <load_address>0x5d18</load_address>
         <readonly>true</readonly>
         <executable>true</executable>
         <run_address>0x5d18</run_address>
         <size>0x7c</size>
         <alignment>0x4</alignment>
         <input_file_ref idref="fl-51"/>
      </object_component>
      <object_component id="oc-1c">
         <name>.text:decompress:lzss</name>
         <load_address>0x5d94</load_address>
         <readonly>true</readonly>
         <executable>true</executable>
         <run_address>0x5d94</run_address>
         <size>0x7c</size>
         <alignment>0x4</alignment>
         <input_file_ref idref="fl-4a"/>
      </object_component>
      <object_component id="oc-244">
         <name>.text.__gedf2</name>
         <load_address>0x5e10</load_address>
         <readonly>true</readonly>
         <executable>true</executable>
         <run_address>0x5e10</run_address>
         <size>0x74</size>
         <alignment>0x4</alignment>
         <input_file_ref idref="fl-122"/>
      </object_component>
      <object_component id="oc-75">
         <name>.text.__aeabi_memclr</name>
         <load_address>0x5e84</load_address>
         <readonly>true</readonly>
         <executable>true</executable>
         <run_address>0x5e84</run_address>
         <size>0xc</size>
         <alignment>0x4</alignment>
         <input_file_ref idref="fl-11c"/>
      </object_component>
      <object_component id="oc-171">
         <name>.text.__truncdfsf2</name>
         <load_address>0x5e90</load_address>
         <readonly>true</readonly>
         <executable>true</executable>
         <run_address>0x5e90</run_address>
         <size>0x74</size>
         <alignment>0x10</alignment>
         <input_file_ref idref="fl-117"/>
      </object_component>
      <object_component id="oc-29a">
         <name>.text.HOSTlseek</name>
         <load_address>0x5f04</load_address>
         <readonly>true</readonly>
         <executable>true</executable>
         <run_address>0x5f04</run_address>
         <size>0x6c</size>
         <alignment>0x4</alignment>
         <input_file_ref idref="fl-101"/>
      </object_component>
      <object_component id="oc-2a2">
         <name>.text.HOSTrename</name>
         <load_address>0x5f70</load_address>
         <readonly>true</readonly>
         <executable>true</executable>
         <run_address>0x5f70</run_address>
         <size>0x6c</size>
         <alignment>0x4</alignment>
         <input_file_ref idref="fl-104"/>
      </object_component>
      <object_component id="oc-25f">
         <name>.text.fseeko</name>
         <load_address>0x5fdc</load_address>
         <readonly>true</readonly>
         <executable>true</executable>
         <run_address>0x5fdc</run_address>
         <size>0x6c</size>
         <alignment>0x4</alignment>
         <input_file_ref idref="fl-4e"/>
      </object_component>
      <object_component id="oc-2e4">
         <name>.text.getdevice</name>
         <load_address>0x6048</load_address>
         <readonly>true</readonly>
         <executable>true</executable>
         <run_address>0x6048</run_address>
         <size>0x6c</size>
         <alignment>0x4</alignment>
         <input_file_ref idref="fl-124"/>
      </object_component>
      <object_component id="oc-23e">
         <name>.text.__ledf2</name>
         <load_address>0x60b4</load_address>
         <readonly>true</readonly>
         <executable>true</executable>
         <run_address>0x60b4</run_address>
         <size>0x68</size>
         <alignment>0x4</alignment>
         <input_file_ref idref="fl-122"/>
      </object_component>
      <object_component id="oc-21c">
         <name>.text.__TI_wrt_ok</name>
         <load_address>0x611c</load_address>
         <readonly>true</readonly>
         <executable>true</executable>
         <run_address>0x611c</run_address>
         <size>0x64</size>
         <alignment>0x2</alignment>
         <input_file_ref idref="fl-36"/>
      </object_component>
      <object_component id="oc-2ac">
         <name>.text.split</name>
         <load_address>0x6180</load_address>
         <readonly>true</readonly>
         <executable>true</executable>
         <run_address>0x6180</run_address>
         <size>0x64</size>
         <alignment>0x4</alignment>
         <input_file_ref idref="fl-42"/>
      </object_component>
      <object_component id="oc-1f4">
         <name>.text.__aeabi_dcmp</name>
         <load_address>0x61e4</load_address>
         <readonly>true</readonly>
         <executable>true</executable>
         <run_address>0x61e4</run_address>
         <size>0x62</size>
         <alignment>0x4</alignment>
         <input_file_ref idref="fl-118"/>
      </object_component>
      <object_component id="oc-c2">
         <name>.text.__aeabi_fcmp</name>
         <load_address>0x6248</load_address>
         <readonly>true</readonly>
         <executable>true</executable>
         <run_address>0x6248</run_address>
         <size>0x62</size>
         <alignment>0x4</alignment>
         <input_file_ref idref="fl-119"/>
      </object_component>
      <object_component id="oc-111">
         <name>.text:memset</name>
         <load_address>0x62aa</load_address>
         <readonly>true</readonly>
         <executable>true</executable>
         <run_address>0x62aa</run_address>
         <size>0x62</size>
         <alignment>0x1</alignment>
         <input_file_ref idref="fl-126"/>
      </object_component>
      <object_component id="oc-28a">
         <name>.text.HOSTopen</name>
         <load_address>0x630c</load_address>
         <readonly>true</readonly>
         <executable>true</executable>
         <run_address>0x630c</run_address>
         <size>0x60</size>
         <alignment>0x4</alignment>
         <input_file_ref idref="fl-102"/>
      </object_component>
      <object_component id="oc-119">
         <name>.text.SYSCFG_DL_UART_0_DEBUG_init</name>
         <load_address>0x636c</load_address>
         <readonly>true</readonly>
         <executable>true</executable>
         <run_address>0x636c</run_address>
         <size>0x60</size>
         <alignment>0x4</alignment>
         <input_file_ref idref="fl-4"/>
      </object_component>
      <object_component id="oc-134">
         <name>.text.DL_I2C_fillControllerTXFIFO</name>
         <load_address>0x63cc</load_address>
         <readonly>true</readonly>
         <executable>true</executable>
         <run_address>0x63cc</run_address>
         <size>0x5e</size>
         <alignment>0x2</alignment>
         <input_file_ref idref="fl-1c"/>
      </object_component>
      <object_component id="oc-3f">
         <name>.text.TIMG0_IRQHandler</name>
         <load_address>0x642c</load_address>
         <readonly>true</readonly>
         <executable>true</executable>
         <run_address>0x642c</run_address>
         <size>0x5c</size>
         <alignment>0x4</alignment>
         <input_file_ref idref="fl-7"/>
      </object_component>
      <object_component id="oc-292">
         <name>.text.HOSTread</name>
         <load_address>0x6488</load_address>
         <readonly>true</readonly>
         <executable>true</executable>
         <run_address>0x6488</run_address>
         <size>0x58</size>
         <alignment>0x4</alignment>
         <input_file_ref idref="fl-103"/>
      </object_component>
      <object_component id="oc-296">
         <name>.text.HOSTwrite</name>
         <load_address>0x64e0</load_address>
         <readonly>true</readonly>
         <executable>true</executable>
         <run_address>0x64e0</run_address>
         <size>0x58</size>
         <alignment>0x4</alignment>
         <input_file_ref idref="fl-106"/>
      </object_component>
      <object_component id="oc-118">
         <name>.text.SYSCFG_DL_I2C_MPU6050_init</name>
         <load_address>0x6538</load_address>
         <readonly>true</readonly>
         <executable>true</executable>
         <run_address>0x6538</run_address>
         <size>0x54</size>
         <alignment>0x4</alignment>
         <input_file_ref idref="fl-4"/>
      </object_component>
      <object_component id="oc-112">
         <name>.text.SYSCFG_DL_initPower</name>
         <load_address>0x658c</load_address>
         <readonly>true</readonly>
         <executable>true</executable>
         <run_address>0x658c</run_address>
         <size>0x54</size>
         <alignment>0x4</alignment>
         <input_file_ref idref="fl-4"/>
      </object_component>
      <object_component id="oc-226">
         <name>.text.__TI_doflush</name>
         <load_address>0x65e0</load_address>
         <readonly>true</readonly>
         <executable>true</executable>
         <run_address>0x65e0</run_address>
         <size>0x52</size>
         <alignment>0x2</alignment>
         <input_file_ref idref="fl-4c"/>
      </object_component>
      <object_component id="oc-2ae">
         <name>.text.close</name>
         <load_address>0x6634</load_address>
         <readonly>true</readonly>
         <executable>true</executable>
         <run_address>0x6634</run_address>
         <size>0x50</size>
         <alignment>0x4</alignment>
         <input_file_ref idref="fl-fe"/>
      </object_component>
      <object_component id="oc-117">
         <name>.text.SYSCFG_DL_TIMER_0_init</name>
         <load_address>0x6684</load_address>
         <readonly>true</readonly>
         <executable>true</executable>
         <run_address>0x6684</run_address>
         <size>0x4c</size>
         <alignment>0x4</alignment>
         <input_file_ref idref="fl-4"/>
      </object_component>
      <object_component id="oc-1c0">
         <name>.text.DL_UART_init</name>
         <load_address>0x66d0</load_address>
         <readonly>true</readonly>
         <executable>true</executable>
         <run_address>0x66d0</run_address>
         <size>0x48</size>
         <alignment>0x4</alignment>
         <input_file_ref idref="fl-1e"/>
      </object_component>
      <object_component id="oc-28e">
         <name>.text.HOSTclose</name>
         <load_address>0x6718</load_address>
         <readonly>true</readonly>
         <executable>true</executable>
         <run_address>0x6718</run_address>
         <size>0x48</size>
         <alignment>0x4</alignment>
         <input_file_ref idref="fl-100"/>
      </object_component>
      <object_component id="oc-29e">
         <name>.text.HOSTunlink</name>
         <load_address>0x6760</load_address>
         <readonly>true</readonly>
         <executable>true</executable>
         <run_address>0x6760</run_address>
         <size>0x48</size>
         <alignment>0x4</alignment>
         <input_file_ref idref="fl-105"/>
      </object_component>
      <object_component id="oc-155">
         <name>.text.motor_stop</name>
         <load_address>0x67a8</load_address>
         <readonly>true</readonly>
         <executable>true</executable>
         <run_address>0x67a8</run_address>
         <size>0x44</size>
         <alignment>0x4</alignment>
         <input_file_ref idref="fl-6"/>
      </object_component>
      <object_component id="oc-114">
         <name>.text.SYSCFG_DL_SYSCTL_init</name>
         <load_address>0x67ec</load_address>
         <readonly>true</readonly>
         <executable>true</executable>
         <run_address>0x67ec</run_address>
         <size>0x40</size>
         <alignment>0x4</alignment>
         <input_file_ref idref="fl-4"/>
      </object_component>
      <object_component id="oc-156">
         <name>.text.__aeabi_uidivmod</name>
         <load_address>0x682c</load_address>
         <readonly>true</readonly>
         <executable>true</executable>
         <run_address>0x682c</run_address>
         <size>0x40</size>
         <alignment>0x4</alignment>
         <input_file_ref idref="fl-11d"/>
      </object_component>
      <object_component id="oc-169">
         <name>.text.__extendsfdf2</name>
         <load_address>0x686c</load_address>
         <readonly>true</readonly>
         <executable>true</executable>
         <run_address>0x686c</run_address>
         <size>0x40</size>
         <alignment>0x4</alignment>
         <input_file_ref idref="fl-10f"/>
      </object_component>
      <object_component id="oc-13a">
         <name>.text.delay_ms</name>
         <load_address>0x68ac</load_address>
         <readonly>true</readonly>
         <executable>true</executable>
         <run_address>0x68ac</run_address>
         <size>0x40</size>
         <alignment>0x4</alignment>
         <input_file_ref idref="fl-2"/>
      </object_component>
      <object_component id="oc-1ca">
         <name>.text.Get_Distance_CM</name>
         <load_address>0x68ec</load_address>
         <readonly>true</readonly>
         <executable>true</executable>
         <run_address>0x68ec</run_address>
         <size>0x3c</size>
         <alignment>0x4</alignment>
         <input_file_ref idref="fl-a"/>
      </object_component>
      <object_component id="oc-da">
         <name>.text.__floatsisf</name>
         <load_address>0x6928</load_address>
         <readonly>true</readonly>
         <executable>true</executable>
         <run_address>0x6928</run_address>
         <size>0x3c</size>
         <alignment>0x4</alignment>
         <input_file_ref idref="fl-114"/>
      </object_component>
      <object_component id="oc-186">
         <name>.text.__gtsf2</name>
         <load_address>0x6964</load_address>
         <readonly>true</readonly>
         <executable>true</executable>
         <run_address>0x6964</run_address>
         <size>0x3c</size>
         <alignment>0x4</alignment>
         <input_file_ref idref="fl-11f"/>
      </object_component>
      <object_component id="oc-199">
         <name>.text.delay_us</name>
         <load_address>0x69a0</load_address>
         <readonly>true</readonly>
         <executable>true</executable>
         <run_address>0x69a0</run_address>
         <size>0x3c</size>
         <alignment>0x4</alignment>
         <input_file_ref idref="fl-2"/>
      </object_component>
      <object_component id="oc-f9">
         <name>.text:__TI_auto_init_nobinit_nopinit</name>
         <load_address>0x69dc</load_address>
         <readonly>true</readonly>
         <executable>true</executable>
         <run_address>0x69dc</run_address>
         <size>0x3c</size>
         <alignment>0x4</alignment>
         <input_file_ref idref="fl-45"/>
      </object_component>
      <object_component id="oc-181">
         <name>.text.__eqsf2</name>
         <load_address>0x6a18</load_address>
         <readonly>true</readonly>
         <executable>true</executable>
         <run_address>0x6a18</run_address>
         <size>0x3a</size>
         <alignment>0x4</alignment>
         <input_file_ref idref="fl-11f"/>
      </object_component>
      <object_component id="oc-194">
         <name>.text.__muldsi3</name>
         <load_address>0x6a54</load_address>
         <readonly>true</readonly>
         <executable>true</executable>
         <run_address>0x6a54</run_address>
         <size>0x3a</size>
         <alignment>0x4</alignment>
         <input_file_ref idref="fl-10b"/>
      </object_component>
      <object_component id="oc-d6">
         <name>.text.__fixsfsi</name>
         <load_address>0x6a90</load_address>
         <readonly>true</readonly>
         <executable>true</executable>
         <run_address>0x6a90</run_address>
         <size>0x38</size>
         <alignment>0x4</alignment>
         <input_file_ref idref="fl-111"/>
      </object_component>
      <object_component id="oc-269">
         <name>.text.__TI_cleanup</name>
         <load_address>0x6ac8</load_address>
         <readonly>true</readonly>
         <executable>true</executable>
         <run_address>0x6ac8</run_address>
         <size>0x34</size>
         <alignment>0x4</alignment>
         <input_file_ref idref="fl-4d"/>
      </object_component>
      <object_component id="oc-2bf">
         <name>.text.__TI_readmsg</name>
         <load_address>0x6afc</load_address>
         <readonly>true</readonly>
         <executable>true</executable>
         <run_address>0x6afc</run_address>
         <size>0x34</size>
         <alignment>0x4</alignment>
         <input_file_ref idref="fl-107"/>
      </object_component>
      <object_component id="oc-2b9">
         <name>.text.__TI_writemsg</name>
         <load_address>0x6b30</load_address>
         <readonly>true</readonly>
         <executable>true</executable>
         <run_address>0x6b30</run_address>
         <size>0x34</size>
         <alignment>0x4</alignment>
         <input_file_ref idref="fl-107"/>
      </object_component>
      <object_component id="oc-f7">
         <name>.text.exit</name>
         <load_address>0x6b64</load_address>
         <readonly>true</readonly>
         <executable>true</executable>
         <run_address>0x6b64</run_address>
         <size>0x34</size>
         <alignment>0x4</alignment>
         <input_file_ref idref="fl-3e"/>
      </object_component>
      <object_component id="oc-2ed">
         <name>.text.finddevice</name>
         <load_address>0x6b98</load_address>
         <readonly>true</readonly>
         <executable>true</executable>
         <run_address>0x6b98</run_address>
         <size>0x34</size>
         <alignment>0x4</alignment>
         <input_file_ref idref="fl-124"/>
      </object_component>
      <object_component id="oc-d0">
         <name>.text.__fixunssfsi</name>
         <load_address>0x6bcc</load_address>
         <readonly>true</readonly>
         <executable>true</executable>
         <run_address>0x6bcc</run_address>
         <size>0x32</size>
         <alignment>0x4</alignment>
         <input_file_ref idref="fl-112"/>
      </object_component>
      <object_component id="oc-11a">
         <name>.text.SYSCFG_DL_SYSTICK_init</name>
         <load_address>0x6c00</load_address>
         <readonly>true</readonly>
         <executable>true</executable>
         <run_address>0x6c00</run_address>
         <size>0x30</size>
         <alignment>0x4</alignment>
         <input_file_ref idref="fl-4"/>
      </object_component>
      <object_component id="oc-9d">
         <name>.text.SYSCFG_DL_init</name>
         <load_address>0x6c30</load_address>
         <readonly>true</readonly>
         <executable>true</executable>
         <run_address>0x6c30</run_address>
         <size>0x30</size>
         <alignment>0x4</alignment>
         <input_file_ref idref="fl-4"/>
      </object_component>
      <object_component id="oc-2da">
         <name>.text.unlink</name>
         <load_address>0x6c60</load_address>
         <readonly>true</readonly>
         <executable>true</executable>
         <run_address>0x6c60</run_address>
         <size>0x2c</size>
         <alignment>0x4</alignment>
         <input_file_ref idref="fl-ff"/>
      </object_component>
      <object_component id="oc-140">
         <name>.text.__floatunsisf</name>
         <load_address>0x6c8c</load_address>
         <readonly>true</readonly>
         <executable>true</executable>
         <run_address>0x6c8c</run_address>
         <size>0x28</size>
         <alignment>0x4</alignment>
         <input_file_ref idref="fl-115"/>
      </object_component>
      <object_component id="oc-27c">
         <name>.text.free_list_insert</name>
         <load_address>0x6cb4</load_address>
         <readonly>true</readonly>
         <executable>true</executable>
         <run_address>0x6cb4</run_address>
         <size>0x28</size>
         <alignment>0x4</alignment>
         <input_file_ref idref="fl-42"/>
      </object_component>
      <object_component id="oc-276">
         <name>.text.lseek</name>
         <load_address>0x6cdc</load_address>
         <readonly>true</readonly>
         <executable>true</executable>
         <run_address>0x6cdc</run_address>
         <size>0x28</size>
         <alignment>0x4</alignment>
         <input_file_ref idref="fl-fd"/>
      </object_component>
      <object_component id="oc-222">
         <name>.text.write</name>
         <load_address>0x6d04</load_address>
         <readonly>true</readonly>
         <executable>true</executable>
         <run_address>0x6d04</run_address>
         <size>0x28</size>
         <alignment>0x4</alignment>
         <input_file_ref idref="fl-f9"/>
      </object_component>
      <object_component id="oc-5b">
         <name>.text:_c_int00_noargs</name>
         <load_address>0x6d2c</load_address>
         <readonly>true</readonly>
         <executable>true</executable>
         <run_address>0x6d2c</run_address>
         <size>0x28</size>
         <alignment>0x4</alignment>
         <input_file_ref idref="fl-43"/>
      </object_component>
      <object_component id="oc-1b8">
         <name>.text.DL_I2C_setClockConfig</name>
         <load_address>0x6d54</load_address>
         <readonly>true</readonly>
         <executable>true</executable>
         <run_address>0x6d54</run_address>
         <size>0x26</size>
         <alignment>0x2</alignment>
         <input_file_ref idref="fl-1c"/>
      </object_component>
      <object_component id="oc-11e">
         <name>.text.puts</name>
         <load_address>0x6d7c</load_address>
         <readonly>true</readonly>
         <executable>true</executable>
         <run_address>0x6d7c</run_address>
         <size>0x24</size>
         <alignment>0x4</alignment>
         <input_file_ref idref="fl-35"/>
      </object_component>
      <object_component id="oc-a4">
         <name>.text.Key_Init</name>
         <load_address>0x6da0</load_address>
         <readonly>true</readonly>
         <executable>true</executable>
         <run_address>0x6da0</run_address>
         <size>0x20</size>
         <alignment>0x2</alignment>
         <input_file_ref idref="fl-b"/>
      </object_component>
      <object_component id="oc-ab">
         <name>.text.motor_init</name>
         <load_address>0x6dc0</load_address>
         <readonly>true</readonly>
         <executable>true</executable>
         <run_address>0x6dc0</run_address>
         <size>0x20</size>
         <alignment>0x4</alignment>
         <input_file_ref idref="fl-6"/>
      </object_component>
      <object_component id="oc-12f">
         <name>.text.OLED_DisPlay_On</name>
         <load_address>0x6de0</load_address>
         <readonly>true</readonly>
         <executable>true</executable>
         <run_address>0x6de0</run_address>
         <size>0x1e</size>
         <alignment>0x2</alignment>
         <input_file_ref idref="fl-9"/>
      </object_component>
      <object_component id="oc-1b2">
         <name>.text.DL_Timer_setCaptCompUpdateMethod</name>
         <load_address>0x6e00</load_address>
         <readonly>true</readonly>
         <executable>true</executable>
         <run_address>0x6e00</run_address>
         <size>0x1c</size>
         <alignment>0x4</alignment>
         <input_file_ref idref="fl-1d"/>
      </object_component>
      <object_component id="oc-1af">
         <name>.text.DL_Timer_setClockConfig</name>
         <load_address>0x6e1c</load_address>
         <readonly>true</readonly>
         <executable>true</executable>
         <run_address>0x6e1c</run_address>
         <size>0x1c</size>
         <alignment>0x4</alignment>
         <input_file_ref idref="fl-1d"/>
      </object_component>
      <object_component id="oc-aa">
         <name>.text.Motor_Init</name>
         <load_address>0x6e38</load_address>
         <readonly>true</readonly>
         <executable>true</executable>
         <run_address>0x6e38</run_address>
         <size>0x1c</size>
         <alignment>0x4</alignment>
         <input_file_ref idref="fl-7"/>
      </object_component>
      <object_component id="oc-34">
         <name>.text.SysTick_Handler</name>
         <load_address>0x6e54</load_address>
         <readonly>true</readonly>
         <executable>true</executable>
         <run_address>0x6e54</run_address>
         <size>0x1c</size>
         <alignment>0x4</alignment>
         <input_file_ref idref="fl-3"/>
      </object_component>
      <object_component id="oc-27a">
         <name>.text.free_list_remove</name>
         <load_address>0x6e70</load_address>
         <readonly>true</readonly>
         <executable>true</executable>
         <run_address>0x6e70</run_address>
         <size>0x1c</size>
         <alignment>0x4</alignment>
         <input_file_ref idref="fl-42"/>
      </object_component>
      <object_component id="oc-1b1">
         <name>.text.DL_Timer_setCaptureCompareOutCtl</name>
         <load_address>0x6e8c</load_address>
         <readonly>true</readonly>
         <executable>true</executable>
         <run_address>0x6e8c</run_address>
         <size>0x18</size>
         <alignment>0x4</alignment>
         <input_file_ref idref="fl-1d"/>
      </object_component>
      <object_component id="oc-a2">
         <name>.text.board_init</name>
         <load_address>0x6ea4</load_address>
         <readonly>true</readonly>
         <executable>true</executable>
         <run_address>0x6ea4</run_address>
         <size>0x14</size>
         <alignment>0x4</alignment>
         <input_file_ref idref="fl-2"/>
      </object_component>
      <object_component id="oc-1ba">
         <name>.text.DL_UART_setClockConfig</name>
         <load_address>0x6eb8</load_address>
         <readonly>true</readonly>
         <executable>true</executable>
         <run_address>0x6eb8</run_address>
         <size>0x12</size>
         <alignment>0x2</alignment>
         <input_file_ref idref="fl-1e"/>
      </object_component>
      <object_component id="oc-bc">
         <name>.text.Key_GetShortPress</name>
         <load_address>0x6eca</load_address>
         <readonly>true</readonly>
         <executable>true</executable>
         <run_address>0x6eca</run_address>
         <size>0x12</size>
         <alignment>0x2</alignment>
         <input_file_ref idref="fl-b"/>
      </object_component>
      <object_component id="oc-20">
         <name>.text:decompress:none</name>
         <load_address>0x6edc</load_address>
         <readonly>true</readonly>
         <executable>true</executable>
         <run_address>0x6edc</run_address>
         <size>0x12</size>
         <alignment>0x2</alignment>
         <input_file_ref idref="fl-49"/>
      </object_component>
      <object_component id="oc-14f">
         <name>.text.DL_Timer_setCaptureCompareValue</name>
         <load_address>0x6ef0</load_address>
         <readonly>true</readonly>
         <executable>true</executable>
         <run_address>0x6ef0</run_address>
         <size>0x10</size>
         <alignment>0x4</alignment>
         <input_file_ref idref="fl-1d"/>
      </object_component>
      <object_component id="oc-b5">
         <name>.text.OLED_MenuInit</name>
         <load_address>0x6f00</load_address>
         <readonly>true</readonly>
         <executable>true</executable>
         <run_address>0x6f00</run_address>
         <size>0x10</size>
         <alignment>0x2</alignment>
         <input_file_ref idref="fl-c"/>
      </object_component>
      <object_component id="oc-b0">
         <name>.text.track_init</name>
         <load_address>0x6f10</load_address>
         <readonly>true</readonly>
         <executable>true</executable>
         <run_address>0x6f10</run_address>
         <size>0x10</size>
         <alignment>0x4</alignment>
         <input_file_ref idref="fl-a"/>
      </object_component>
      <object_component id="oc-58">
         <name>.text:decompress:ZI</name>
         <load_address>0x6f20</load_address>
         <readonly>true</readonly>
         <executable>true</executable>
         <run_address>0x6f20</run_address>
         <size>0x10</size>
         <alignment>0x2</alignment>
         <input_file_ref idref="fl-48"/>
      </object_component>
      <object_component id="oc-27b">
         <name>.text.OUTLINED_FUNCTION_0</name>
         <load_address>0x6f30</load_address>
         <readonly>true</readonly>
         <executable>true</executable>
         <run_address>0x6f30</run_address>
         <size>0xe</size>
         <alignment>0x2</alignment>
         <input_file_ref idref="fl-42"/>
      </object_component>
      <object_component id="oc-2d3">
         <name>.text.strcpy</name>
         <load_address>0x6f3e</load_address>
         <readonly>true</readonly>
         <executable>true</executable>
         <run_address>0x6f3e</run_address>
         <size>0xe</size>
         <alignment>0x2</alignment>
         <input_file_ref idref="fl-104"/>
      </object_component>
      <object_component id="oc-2d4">
         <name>.text.strlen</name>
         <load_address>0x6f4c</load_address>
         <readonly>true</readonly>
         <executable>true</executable>
         <run_address>0x6f4c</run_address>
         <size>0xe</size>
         <alignment>0x2</alignment>
         <input_file_ref idref="fl-104"/>
      </object_component>
      <object_component id="oc-268">
         <name>.text.malloc</name>
         <load_address>0x6f5a</load_address>
         <readonly>true</readonly>
         <executable>true</executable>
         <run_address>0x6f5a</run_address>
         <size>0xc</size>
         <alignment>0x2</alignment>
         <input_file_ref idref="fl-42"/>
      </object_component>
      <object_component id="oc-1ab">
         <name>.text.DL_Common_delayCycles</name>
         <load_address>0x6f66</load_address>
         <readonly>true</readonly>
         <executable>true</executable>
         <run_address>0x6f66</run_address>
         <size>0xa</size>
         <alignment>0x2</alignment>
         <input_file_ref idref="fl-1b"/>
      </object_component>
      <object_component id="oc-1fc">
         <name>.text.OUTLINED_FUNCTION_0</name>
         <load_address>0x6f70</load_address>
         <readonly>true</readonly>
         <executable>true</executable>
         <run_address>0x6f70</run_address>
         <size>0xa</size>
         <alignment>0x2</alignment>
         <input_file_ref idref="fl-38"/>
      </object_component>
      <object_component id="oc-33b">
         <name>.tramp.__aeabi_dmul.1</name>
         <load_address>0x6f7c</load_address>
         <readonly>true</readonly>
         <executable>true</executable>
         <run_address>0x6f7c</run_address>
         <size>0x10</size>
         <alignment>0x4</alignment>
         <input_file_ref idref="fl-10a"/>
      </object_component>
      <object_component id="oc-234">
         <name>.text.OUTLINED_FUNCTION_0</name>
         <load_address>0x6f8c</load_address>
         <readonly>true</readonly>
         <executable>true</executable>
         <run_address>0x6f8c</run_address>
         <size>0xa</size>
         <alignment>0x2</alignment>
         <input_file_ref idref="fl-3b"/>
      </object_component>
      <object_component id="oc-204">
         <name>.text.OUTLINED_FUNCTION_1</name>
         <load_address>0x6f96</load_address>
         <readonly>true</readonly>
         <executable>true</executable>
         <run_address>0x6f96</run_address>
         <size>0xa</size>
         <alignment>0x2</alignment>
         <input_file_ref idref="fl-38"/>
      </object_component>
      <object_component id="oc-202">
         <name>.text.OUTLINED_FUNCTION_3</name>
         <load_address>0x6fa0</load_address>
         <readonly>true</readonly>
         <executable>true</executable>
         <run_address>0x6fa0</run_address>
         <size>0xa</size>
         <alignment>0x2</alignment>
         <input_file_ref idref="fl-38"/>
      </object_component>
      <object_component id="oc-33c">
         <name>.tramp.__aeabi_ddiv.1</name>
         <load_address>0x6fac</load_address>
         <readonly>true</readonly>
         <executable>true</executable>
         <run_address>0x6fac</run_address>
         <size>0x10</size>
         <alignment>0x4</alignment>
         <input_file_ref idref="fl-10e"/>
      </object_component>
      <object_component id="oc-235">
         <name>.text.OUTLINED_FUNCTION_2</name>
         <load_address>0x6fbc</load_address>
         <readonly>true</readonly>
         <executable>true</executable>
         <run_address>0x6fbc</run_address>
         <size>0x8</size>
         <alignment>0x2</alignment>
         <input_file_ref idref="fl-3b"/>
      </object_component>
      <object_component id="oc-1ef">
         <name>.text.__aeabi_errno_addr</name>
         <load_address>0x6fc4</load_address>
         <readonly>true</readonly>
         <executable>true</executable>
         <run_address>0x6fc4</run_address>
         <size>0x8</size>
         <alignment>0x4</alignment>
         <input_file_ref idref="fl-3d"/>
      </object_component>
      <object_component id="oc-4b">
         <name>.text.__aeabi_memcpy</name>
         <load_address>0x6fcc</load_address>
         <readonly>true</readonly>
         <executable>true</executable>
         <run_address>0x6fcc</run_address>
         <size>0x8</size>
         <alignment>0x4</alignment>
         <input_file_ref idref="fl-11b"/>
      </object_component>
      <object_component id="oc-24a">
         <name>.text.fseek</name>
         <load_address>0x6fd4</load_address>
         <readonly>true</readonly>
         <executable>true</executable>
         <run_address>0x6fd4</run_address>
         <size>0x8</size>
         <alignment>0x2</alignment>
         <input_file_ref idref="fl-4e"/>
      </object_component>
      <object_component id="oc-2b2">
         <name>.text.remove</name>
         <load_address>0x6fdc</load_address>
         <readonly>true</readonly>
         <executable>true</executable>
         <run_address>0x6fdc</run_address>
         <size>0x8</size>
         <alignment>0x2</alignment>
         <input_file_ref idref="fl-fb"/>
      </object_component>
      <object_component id="oc-233">
         <name>.text.OUTLINED_FUNCTION_1</name>
         <load_address>0x6fe4</load_address>
         <readonly>true</readonly>
         <executable>true</executable>
         <run_address>0x6fe4</run_address>
         <size>0x6</size>
         <alignment>0x2</alignment>
         <input_file_ref idref="fl-3b"/>
      </object_component>
      <object_component id="oc-33d">
         <name>.tramp.__aeabi_dadd.1</name>
         <load_address>0x6fec</load_address>
         <readonly>true</readonly>
         <executable>true</executable>
         <run_address>0x6fec</run_address>
         <size>0x10</size>
         <alignment>0x4</alignment>
         <input_file_ref idref="fl-109"/>
      </object_component>
      <object_component id="oc-1fd">
         <name>.text.OUTLINED_FUNCTION_2</name>
         <load_address>0x6ffc</load_address>
         <readonly>true</readonly>
         <executable>true</executable>
         <run_address>0x6ffc</run_address>
         <size>0x6</size>
         <alignment>0x2</alignment>
         <input_file_ref idref="fl-38"/>
      </object_component>
      <object_component id="oc-f2">
         <name>.text:abort</name>
         <load_address>0x7002</load_address>
         <readonly>true</readonly>
         <executable>true</executable>
         <run_address>0x7002</run_address>
         <size>0x6</size>
         <alignment>0x2</alignment>
         <input_file_ref idref="fl-3e"/>
      </object_component>
      <object_component id="oc-19a">
         <name>.text.HOSTexit</name>
         <load_address>0x7008</load_address>
         <readonly>true</readonly>
         <executable>true</executable>
         <run_address>0x7008</run_address>
         <size>0x4</size>
         <alignment>0x2</alignment>
         <input_file_ref idref="fl-f8"/>
      </object_component>
      <object_component id="oc-e3">
         <name>.text.Key_GetLongPress</name>
[...]
      </symbol>
      <symbol id="sm-267">
         <name>sqrtl</name>
         <value>0x4ba1</value>
         <object_component_ref idref="oc-1fe"/>
      </symbol>
      <symbol id="sm-27e">
         <name>atan</name>
         <value>0x3d2d</value>
         <object_component_ref idref="oc-1e1"/>
      </symbol>
      <symbol id="sm-27f">
         <name>atanl</name>
         <value>0x3d2d</value>
         <object_component_ref idref="oc-1e1"/>
      </symbol>
      <symbol id="sm-289">
         <name>sqrtf</name>
         <value>0x5811</value>
         <object_component_ref idref="oc-17b"/>
      </symbol>
      <symbol id="sm-294">
         <name>__aeabi_errno_addr</name>
         <value>0x6fc5</value>
         <object_component_ref idref="oc-1ef"/>
      </symbol>
      <symbol id="sm-295">
         <name>__aeabi_errno</name>
         <value>0x202010b0</value>
         <object_component_ref idref="oc-23a"/>
      </symbol>
      <symbol id="sm-2a3">
         <name>abort</name>
         <value>0x7003</value>
         <object_component_ref idref="oc-f2"/>
      </symbol>
      <symbol id="sm-2a4">
         <name>__TI_cleanup_ptr</name>
         <value>0x2020107c</value>
         <object_component_ref idref="oc-1a2"/>
      </symbol>
      <symbol id="sm-2a5">
         <name>__TI_dtors_ptr</name>
         <value>0x20201080</value>
         <object_component_ref idref="oc-1a2"/>
      </symbol>
      <symbol id="sm-2a6">
         <name>exit</name>
         <value>0x6b65</value>
         <object_component_ref idref="oc-f7"/>
      </symbol>
      <symbol id="sm-2af">
         <name>_nop</name>
         <value>0x594b</value>
         <object_component_ref idref="oc-20e"/>
      </symbol>
      <symbol id="sm-2b0">
         <name>_lock</name>
         <value>0x202010b4</value>
         <object_component_ref idref="oc-1a0"/>
      </symbol>
      <symbol id="sm-2b1">
         <name>_unlock</name>
         <value>0x202010b8</value>
         <object_component_ref idref="oc-1a3"/>
      </symbol>
      <symbol id="sm-2b7">
         <name>_ftable</name>
         <value>0x20200e8c</value>
         <object_component_ref idref="oc-1c4"/>
      </symbol>
      <symbol id="sm-2b8">
         <name>__TI_ft_end</name>
         <value>0x202010ac</value>
         <object_component_ref idref="oc-287"/>
      </symbol>
      <symbol id="sm-2b9">
         <name>__TI_tmpnams</name>
         <value>0x20200d20</value>
         <object_component_ref idref="oc-2b6"/>
      </symbol>
      <symbol id="sm-2dc">
         <name>malloc</name>
         <value>0x6f5b</value>
         <object_component_ref idref="oc-268"/>
      </symbol>
      <symbol id="sm-2dd">
         <name>aligned_alloc</name>
         <value>0x4e7d</value>
         <object_component_ref idref="oc-280"/>
      </symbol>
      <symbol id="sm-2de">
         <name>free</name>
         <value>0x548d</value>
         <object_component_ref idref="oc-262"/>
      </symbol>
      <symbol id="sm-2df">
         <name>_sys_memory</name>
         <value>0x20200000</value>
         <object_component_ref idref="oc-27d"/>
      </symbol>
      <symbol id="sm-2e0">
         <name>memalign</name>
         <value>0x4e7d</value>
         <object_component_ref idref="oc-280"/>
      </symbol>
      <symbol id="sm-2eb">
         <name>_c_int00_noargs</name>
         <value>0x6d2d</value>
         <object_component_ref idref="oc-5b"/>
      </symbol>
      <symbol id="sm-2ec">
         <name>__stack</name>
         <value>0x20207e00</value>
         <object_component_ref idref="oc-1a"/>
      </symbol>
      <symbol id="sm-2f8">
         <name>__TI_auto_init_nobinit_nopinit</name>
         <value>0x69dd</value>
         <object_component_ref idref="oc-f9"/>
      </symbol>
      <symbol id="sm-300">
         <name>_system_pre_init</name>
         <value>0x7019</value>
         <object_component_ref idref="oc-7a"/>
      </symbol>
      <symbol id="sm-30b">
         <name>__TI_zero_init</name>
         <value>0x6f21</value>
         <object_component_ref idref="oc-58"/>
      </symbol>
      <symbol id="sm-314">
         <name>__TI_decompress_none</name>
         <value>0x6edd</value>
         <object_component_ref idref="oc-20"/>
      </symbol>
      <symbol id="sm-31f">
         <name>__TI_decompress_lzss</name>
         <value>0x5d95</value>
         <object_component_ref idref="oc-1c"/>
      </symbol>
      <symbol id="sm-32a">
         <name>__TI_doflush</name>
         <value>0x65e1</value>
         <object_component_ref idref="oc-226"/>
      </symbol>
      <symbol id="sm-335">
         <name>__TI_cleanup</name>
         <value>0x6ac9</value>
         <object_component_ref idref="oc-269"/>
      </symbol>
      <symbol id="sm-342">
         <name>fseek</name>
         <value>0x6fd5</value>
         <object_component_ref idref="oc-24a"/>
      </symbol>
      <symbol id="sm-343">
         <name>fseeko</name>
         <value>0x5fdd</value>
         <object_component_ref idref="oc-25f"/>
      </symbol>
      <symbol id="sm-350">
         <name>__TI_closefile</name>
         <value>0x5d19</value>
         <object_component_ref idref="oc-281"/>
      </symbol>
      <symbol id="sm-35e">
         <name>HOSTexit</name>
         <value>0x7009</value>
         <object_component_ref idref="oc-19a"/>
      </symbol>
      <symbol id="sm-35f">
         <name>C$$EXIT</name>
         <value>0x7008</value>
         <object_component_ref idref="oc-19a"/>
      </symbol>
      <symbol id="sm-369">
         <name>write</name>
         <value>0x6d05</value>
         <object_component_ref idref="oc-222"/>
      </symbol>
      <symbol id="sm-36e">
         <name>_device</name>
         <value>0x20200f7c</value>
         <object_component_ref idref="oc-272"/>
      </symbol>
      <symbol id="sm-36f">
         <name>_stream</name>
         <value>0x20200ff4</value>
         <object_component_ref idref="oc-256"/>
      </symbol>
      <symbol id="sm-378">
         <name>remove</name>
         <value>0x6fdd</value>
         <object_component_ref idref="oc-2b2"/>
      </symbol>
      <symbol id="sm-383">
         <name>lseek</name>
         <value>0x6cdd</value>
         <object_component_ref idref="oc-276"/>
      </symbol>
      <symbol id="sm-38d">
         <name>close</name>
         <value>0x6635</value>
         <object_component_ref idref="oc-2ae"/>
      </symbol>
      <symbol id="sm-397">
         <name>unlink</name>
         <value>0x6c61</value>
         <object_component_ref idref="oc-2da"/>
      </symbol>
      <symbol id="sm-3a1">
         <name>HOSTclose</name>
         <value>0x6719</value>
         <object_component_ref idref="oc-28e"/>
      </symbol>
      <symbol id="sm-3ab">
         <name>HOSTlseek</name>
         <value>0x5f05</value>
         <object_component_ref idref="oc-29a"/>
      </symbol>
      <symbol id="sm-3b5">
         <name>HOSTopen</name>
         <value>0x630d</value>
         <object_component_ref idref="oc-28a"/>
      </symbol>
      <symbol id="sm-3b6">
         <name>parmbuf</name>
         <value>0x20200e70</value>
         <object_component_ref idref="oc-2c0"/>
      </symbol>
      <symbol id="sm-3c0">
         <name>HOSTread</name>
         <value>0x6489</value>
         <object_component_ref idref="oc-292"/>
      </symbol>
      <symbol id="sm-3d1">
         <name>HOSTrename</name>
         <value>0x5f71</value>
         <object_component_ref idref="oc-2a2"/>
      </symbol>
      <symbol id="sm-3db">
         <name>HOSTunlink</name>
         <value>0x6761</value>
         <object_component_ref idref="oc-29e"/>
      </symbol>
      <symbol id="sm-3e5">
         <name>HOSTwrite</name>
         <value>0x64e1</value>
         <object_component_ref idref="oc-296"/>
      </symbol>
      <symbol id="sm-3f3">
         <name>C$$IO$$</name>
         <value>0x6b5d</value>
         <object_component_ref idref="oc-2b9"/>
      </symbol>
      <symbol id="sm-3f4">
         <name>__TI_writemsg</name>
         <value>0x6b31</value>
         <object_component_ref idref="oc-2b9"/>
      </symbol>
      <symbol id="sm-3f5">
         <name>__CIOBUF_</name>
         <value>0x20200c00</value>
         <object_component_ref idref="oc-2e1"/>
      </symbol>
      <symbol id="sm-3f6">
         <name>__TI_readmsg</name>
         <value>0x6afd</value>
         <object_component_ref idref="oc-2bf"/>
      </symbol>
      <symbol id="sm-3f7">
         <name>_CIOBUF_</name>
         <value>0x20200c00</value>
         <object_component_ref idref="oc-2e1"/>
      </symbol>
      <symbol id="sm-3fd">
         <name>__aeabi_fadd</name>
         <value>0x5743</value>
         <object_component_ref idref="oc-cc"/>
      </symbol>
      <symbol id="sm-3fe">
         <name>__addsf3</name>
         <value>0x5743</value>
         <object_component_ref idref="oc-cc"/>
      </symbol>
      <symbol id="sm-3ff">
         <name>__aeabi_fsub</name>
         <value>0x5739</value>
         <object_component_ref idref="oc-cc"/>
      </symbol>
      <symbol id="sm-400">
         <name>__subsf3</name>
         <value>0x5739</value>
         <object_component_ref idref="oc-cc"/>
      </symbol>
      <symbol id="sm-406">
         <name>__aeabi_dadd</name>
         <value>0x4707</value>
         <object_component_ref idref="oc-1dd"/>
      </symbol>
      <symbol id="sm-407">
         <name>__adddf3</name>
         <value>0x4707</value>
         <object_component_ref idref="oc-1dd"/>
      </symbol>
      <symbol id="sm-408">
         <name>__aeabi_dsub</name>
         <value>0x46fd</value>
         <object_component_ref idref="oc-1dd"/>
      </symbol>
      <symbol id="sm-409">
         <name>__subdf3</name>
         <value>0x46fd</value>
         <object_component_ref idref="oc-1dd"/>
      </symbol>
      <symbol id="sm-412">
         <name>__aeabi_dmul</name>
         <value>0x5575</value>
         <object_component_ref idref="oc-1f8"/>
      </symbol>
      <symbol id="sm-413">
         <name>__muldf3</name>
         <value>0x5575</value>
         <object_component_ref idref="oc-1f8"/>
      </symbol>
      <symbol id="sm-41c">
         <name>__muldsi3</name>
         <value>0x6a55</value>
         <object_component_ref idref="oc-194"/>
      </symbol>
      <symbol id="sm-422">
         <name>__aeabi_fmul</name>
         <value>0x5b05</value>
         <object_component_ref idref="oc-de"/>
      </symbol>
      <symbol id="sm-423">
         <name>__mulsf3</name>
         <value>0x5b05</value>
         <object_component_ref idref="oc-de"/>
      </symbol>
      <symbol id="sm-429">
         <name>__aeabi_fdiv</name>
         <value>0x5c19</value>
         <object_component_ref idref="oc-13c"/>
      </symbol>
      <symbol id="sm-42a">
         <name>__divsf3</name>
         <value>0x5c19</value>
         <object_component_ref idref="oc-13c"/>
      </symbol>
      <symbol id="sm-430">
         <name>__aeabi_ddiv</name>
         <value>0x4f91</value>
         <object_component_ref idref="oc-1e7"/>
      </symbol>
      <symbol id="sm-431">
         <name>__divdf3</name>
         <value>0x4f91</value>
         <object_component_ref idref="oc-1e7"/>
      </symbol>
      <symbol id="sm-43a">
         <name>__aeabi_f2d</name>
         <value>0x686d</value>
         <object_component_ref idref="oc-169"/>
      </symbol>
      <symbol id="sm-43b">
         <name>__extendsfdf2</name>
         <value>0x686d</value>
         <object_component_ref idref="oc-169"/>
      </symbol>
      <symbol id="sm-441">
         <name>__aeabi_f2iz</name>
         <value>0x6a91</value>
         <object_component_ref idref="oc-d6"/>
      </symbol>
      <symbol id="sm-442">
         <name>__fixsfsi</name>
         <value>0x6a91</value>
         <object_component_ref idref="oc-d6"/>
      </symbol>
      <symbol id="sm-448">
         <name>__aeabi_f2uiz</name>
         <value>0x6bcd</value>
         <object_component_ref idref="oc-d0"/>
      </symbol>
      <symbol id="sm-449">
         <name>__fixunssfsi</name>
         <value>0x6bcd</value>
         <object_component_ref idref="oc-d0"/>
      </symbol>
      <symbol id="sm-44f">
         <name>__aeabi_i2f</name>
         <value>0x6929</value>
         <object_component_ref idref="oc-da"/>
      </symbol>
      <symbol id="sm-450">
         <name>__floatsisf</name>
         <value>0x6929</value>
         <object_component_ref idref="oc-da"/>
      </symbol>
      <symbol id="sm-456">
         <name>__aeabi_ui2f</name>
         <value>0x6c8d</value>
         <object_component_ref idref="oc-140"/>
      </symbol>
      <symbol id="sm-457">
         <name>__floatunsisf</name>
         <value>0x6c8d</value>
         <object_component_ref idref="oc-140"/>
      </symbol>
      <symbol id="sm-45e">
         <name>__aeabi_d2f</name>
         <value>0x5e91</value>
         <object_component_ref idref="oc-171"/>
      </symbol>
      <symbol id="sm-45f">
         <name>__truncdfsf2</name>
         <value>0x5e91</value>
         <object_component_ref idref="oc-171"/>
      </symbol>
      <symbol id="sm-465">
         <name>__aeabi_dcmpeq</name>
         <value>0x61e5</value>
         <object_component_ref idref="oc-1f4"/>
      </symbol>
      <symbol id="sm-466">
         <name>__aeabi_dcmplt</name>
         <value>0x61f9</value>
         <object_component_ref idref="oc-1f4"/>
      </symbol>
      <symbol id="sm-467">
         <name>__aeabi_dcmple</name>
         <value>0x620d</value>
         <object_component_ref idref="oc-1f4"/>
      </symbol>
      <symbol id="sm-468">
         <name>__aeabi_dcmpge</name>
         <value>0x6221</value>
         <object_component_ref idref="oc-1f4"/>
      </symbol>
      <symbol id="sm-469">
         <name>__aeabi_dcmpgt</name>
         <value>0x6235</value>
         <object_component_ref idref="oc-1f4"/>
      </symbol>
      <symbol id="sm-46f">
         <name>__aeabi_fcmpeq</name>
         <value>0x6249</value>
         <object_component_ref idref="oc-c2"/>
      </symbol>
      <symbol id="sm-470">
         <name>__aeabi_fcmplt</name>
         <value>0x625d</value>
         <object_component_ref idref="oc-c2"/>
      </symbol>
      <symbol id="sm-471">
         <name>__aeabi_fcmple</name>
         <value>0x6271</value>
         <object_component_ref idref="oc-c2"/>
      </symbol>
      <symbol id="sm-472">
         <name>__aeabi_fcmpge</name>
         <value>0x6285</value>
         <object_component_ref idref="oc-c2"/>
      </symbol>
      <symbol id="sm-473">
         <name>__aeabi_fcmpgt</name>
         <value>0x6299</value>
         <object_component_ref idref="oc-c2"/>
      </symbol>
      <symbol id="sm-479">
         <name>__aeabi_memcpy</name>
         <value>0x6fcd</value>
         <object_component_ref idref="oc-4b"/>
      </symbol>
      <symbol id="sm-47a">
         <name>__aeabi_memcpy4</name>
         <value>0x6fcd</value>
         <object_component_ref idref="oc-4b"/>
      </symbol>
      <symbol id="sm-47b">
         <name>__aeabi_memcpy8</name>
         <value>0x6fcd</value>
         <object_component_ref idref="oc-4b"/>
      </symbol>
      <symbol id="sm-482">
         <name>__aeabi_memclr</name>
         <value>0x5e85</value>
         <object_component_ref idref="oc-75"/>
      </symbol>
      <symbol id="sm-483">
         <name>__aeabi_memclr4</name>
         <value>0x5e85</value>
         <object_component_ref idref="oc-75"/>
      </symbol>
      <symbol id="sm-484">
         <name>__aeabi_memclr8</name>
         <value>0x5e85</value>
         <object_component_ref idref="oc-75"/>
      </symbol>
      <symbol id="sm-48a">
         <name>__aeabi_uidiv</name>
         <value>0x682d</value>
         <object_component_ref idref="oc-156"/>
      </symbol>
      <symbol id="sm-48b">
         <name>__aeabi_uidivmod</name>
         <value>0x682d</value>
         <object_component_ref idref="oc-156"/>
      </symbol>
      <symbol id="sm-494">
         <name>__eqsf2</name>
         <value>0x6a19</value>
         <object_component_ref idref="oc-181"/>
      </symbol>
      <symbol id="sm-495">
         <name>__lesf2</name>
         <value>0x6a19</value>
         <object_component_ref idref="oc-181"/>
      </symbol>
      <symbol id="sm-496">
         <name>__ltsf2</name>
         <value>0x6a19</value>
         <object_component_ref idref="oc-181"/>
      </symbol>
      <symbol id="sm-497">
         <name>__nesf2</name>
         <value>0x6a19</value>
         <object_component_ref idref="oc-181"/>
      </symbol>
      <symbol id="sm-498">
         <name>__cmpsf2</name>
         <value>0x6a19</value>
         <object_component_ref idref="oc-181"/>
      </symbol>
      <symbol id="sm-499">
         <name>__gtsf2</name>
         <value>0x6965</value>
         <object_component_ref idref="oc-186"/>
      </symbol>
      <symbol id="sm-49a">
         <name>__gesf2</name>
         <value>0x6965</value>
         <object_component_ref idref="oc-186"/>
      </symbol>
      <symbol id="sm-4a8">
         <name>__ledf2</name>
         <value>0x60b5</value>
         <object_component_ref idref="oc-23e"/>
      </symbol>
      <symbol id="sm-4a9">
         <name>__gedf2</name>
         <value>0x5e11</value>
         <object_component_ref idref="oc-244"/>
      </symbol>
      <symbol id="sm-4aa">
         <name>__cmpdf2</name>
         <value>0x60b5</value>
         <object_component_ref idref="oc-23e"/>
      </symbol>
      <symbol id="sm-4ab">
         <name>__eqdf2</name>
         <value>0x60b5</value>
         <object_component_ref idref="oc-23e"/>
      </symbol>
      <symbol id="sm-4ac">
         <name>__ltdf2</name>
         <value>0x60b5</value>
         <object_component_ref idref="oc-23e"/>
      </symbol>
      <symbol id="sm-4ad">
         <name>__nedf2</name>
         <value>0x60b5</value>
         <object_component_ref idref="oc-23e"/>
      </symbol>
      <symbol id="sm-4ae">
         <name>__gtdf2</name>
         <value>0x5e11</value>
         <object_component_ref idref="oc-244"/>
      </symbol>
      <symbol id="sm-4b8">
         <name>__aeabi_idiv0</name>
         <value>0x488f</value>
         <object_component_ref idref="oc-1d6"/>
      </symbol>
      <symbol id="sm-4c6">
         <name>finddevice</name>
         <value>0x6b99</value>
         <object_component_ref idref="oc-2ed"/>
      </symbol>
      <symbol id="sm-4c7">
         <name>getdevice</name>
         <value>0x6049</value>
         <object_component_ref idref="oc-2e4"/>
      </symbol>
      <symbol id="sm-4e0">
         <name>memcpy</name>
         <value>0x58b1</value>
         <object_component_ref idref="oc-98"/>
      </symbol>
      <symbol id="sm-4ef">
         <name>memset</name>
         <value>0x62ab</value>
         <object_component_ref idref="oc-111"/>
      </symbol>
      <symbol id="sm-4f7">
         <name>strcmp</name>
         <value>0x5b91</value>
         <object_component_ref idref="oc-2f0"/>
      </symbol>
      <symbol id="sm-4f8">
         <name>__TI_static_base__</name>
         <value>0x0</value>
      </symbol>
      <symbol id="sm-4fc">
         <name>__mpu_init</name>
         <value>0x0</value>
      </symbol>
      <symbol id="sm-4fd">
         <name>_system_post_cinit</name>
         <value>0x0</value>
      </symbol>
   </symbol_table>
   <title>Link successful</title>
</link_info>
